Component: ARM Compiler 5.06 update 7 (build 960) Tool: armlink [4d3601]

==============================================================================

Section Cross References

    main.o(.text) refers to tasks.o(.text) for vTaskDelay
    main.o(.text) refers to port.o(.text) for vPortEnterCritical
    main.o(.text) refers to usart.o(.text) for UsartPrintf
    main.o(.text) refers to delay.o(.text) for delay_init
    main.o(.text) refers to misc.o(.text) for NVIC_PriorityGroupConfig
    main.o(.text) refers to led.o(.text) for LED_Init
    main.o(.text) refers to sram.o(.text) for FSMC_SRAM_Init
    main.o(.text) refers to malloc.o(.text) for mem_init
    main.o(.text) refers to main.o(.data) for .data
    system_stm32f4xx.o(.text) refers to system_stm32f4xx.o(.data) for .data
    led.o(.text) refers to stm32f4xx_rcc.o(.text) for RCC_AHB1PeriphClockCmd
    led.o(.text) refers to stm32f4xx_gpio.o(.text) for GPIO_Init
    key.o(.text) refers to stm32f4xx_rcc.o(.text) for RCC_AHB1PeriphClockCmd
    key.o(.text) refers to stm32f4xx_gpio.o(.text) for GPIO_Init
    key.o(.text) refers to delay.o(.text) for delay_ms
    key.o(.text) refers to key.o(.data) for .data
    timer.o(.text) refers to stm32f4xx_rcc.o(.text) for RCC_APB1PeriphClockCmd
    timer.o(.text) refers to stm32f4xx_tim.o(.text) for TIM_TimeBaseInit
    timer.o(.text) refers to misc.o(.text) for NVIC_Init
    timer.o(.text) refers to timer.o(.data) for .data
    timer.o(.text) refers to sensor.o(.data) for AD_Value
    timer.o(.text) refers to train.o(.data) for block_flag
    sram.o(.text) refers to stm32f4xx_rcc.o(.text) for RCC_AHB1PeriphClockCmd
    sram.o(.text) refers to stm32f4xx_gpio.o(.text) for GPIO_Init
    sram.o(.text) refers to stm32f4xx_fsmc.o(.text) for FSMC_NORSRAMInit
    beep.o(.text) refers to stm32f4xx_rcc.o(.text) for RCC_AHB1PeriphClockCmd
    beep.o(.text) refers to stm32f4xx_gpio.o(.text) for GPIO_Init
    sensor.o(.text) refers to stm32f4xx_rcc.o(.text) for RCC_AHB1PeriphClockCmd
    sensor.o(.text) refers to stm32f4xx_gpio.o(.text) for GPIO_Init
    sensor.o(.text) refers to stm32f4xx_dma.o(.text) for DMA_DeInit
    sensor.o(.text) refers to stm32f4xx_adc.o(.text) for ADC_DeInit
    sensor.o(.text) refers to sensor.o(.data) for .data
    stmflash.o(.text) refers to stm32f4xx_flash.o(.text) for FLASH_Unlock
    train.o(.text) refers to malloc.o(i.malloc) for malloc
    train.o(.text) refers to malloc.o(i.free) for free
    train.o(.text) refers to pwm.o(.text) for turn_right
    train.o(.text) refers to stmflash.o(.text) for STMFLASH_Write
    train.o(.text) refers to train.o(.data) for .data
    delay.o(.text) refers to tasks.o(.text) for xTaskGetSchedulerState
    delay.o(.text) refers to port.o(.text) for xPortSysTickHandler
    delay.o(.text) refers to misc.o(.text) for SysTick_CLKSourceConfig
    delay.o(.text) refers to delay.o(.data) for .data
    usart.o(.text) refers to stm32f4xx_rcc.o(.text) for RCC_AHB1PeriphClockCmd
    usart.o(.text) refers to stm32f4xx_gpio.o(.text) for GPIO_PinAFConfig
    usart.o(.text) refers to stm32f4xx_usart.o(.text) for USART_Init
    usart.o(.text) refers to misc.o(.text) for NVIC_Init
    usart.o(.text) refers to printfa.o(i.__0vsnprintf) for __c89vsnprintf
    usart.o(.text) refers to usart.o(.data) for .data
    usart.o(.text) refers to usart.o(.bss) for .bss
    startup_stm32f40_41xxx.o(RESET) refers to startup_stm32f40_41xxx.o(STACK) for __initial_sp
    startup_stm32f40_41xxx.o(RESET) refers to startup_stm32f40_41xxx.o(.text) for Reset_Handler
    startup_stm32f40_41xxx.o(RESET) refers to stm32f4xx_it.o(.text) for NMI_Handler
    startup_stm32f40_41xxx.o(RESET) refers to port.o(.emb_text) for SVC_Handler
    startup_stm32f40_41xxx.o(RESET) refers to delay.o(.text) for SysTick_Handler
    startup_stm32f40_41xxx.o(RESET) refers to usart.o(.text) for USART1_IRQHandler
    startup_stm32f40_41xxx.o(RESET) refers to timer.o(.text) for TIM5_IRQHandler
    startup_stm32f40_41xxx.o(.text) refers to system_stm32f4xx.o(.text) for SystemInit
    startup_stm32f40_41xxx.o(.text) refers to entry.o(.ARM.Collect$$$$00000000) for __main
    stm32f4xx_fsmc.o(.text) refers to stm32f4xx_fsmc.o(.constdata) for .constdata
    stm32f4xx_gpio.o(.text) refers to stm32f4xx_rcc.o(.text) for RCC_AHB1PeriphResetCmd
    stm32f4xx_rcc.o(.text) refers to stm32f4xx_rcc.o(.data) for .data
    stm32f4xx_syscfg.o(.text) refers to stm32f4xx_rcc.o(.text) for RCC_APB2PeriphResetCmd
    stm32f4xx_tim.o(.text) refers to stm32f4xx_rcc.o(.text) for RCC_APB2PeriphResetCmd
    stm32f4xx_usart.o(.text) refers to stm32f4xx_rcc.o(.text) for RCC_APB2PeriphResetCmd
    stm32f4xx_adc.o(.text) refers to stm32f4xx_rcc.o(.text) for RCC_APB2PeriphResetCmd
    stm32f4xx_spi.o(.text) refers to stm32f4xx_rcc.o(.text) for RCC_APB2PeriphResetCmd
    stm32f4xx_sdio.o(.text) refers to stm32f4xx_rcc.o(.text) for RCC_APB2PeriphResetCmd
    malloc.o(.text) refers to malloc.o(.constdata) for .constdata
[...]
    ..\\HARDWARE\\SENSOR\\sensor.c           0x00000000   Number         0  sensor.o ABSOLUTE
    ..\\HARDWARE\\SRAM\\sram.c               0x00000000   Number         0  sram.o ABSOLUTE
    ..\\HARDWARE\\STMFLASH\\stmflash.c       0x00000000   Number         0  stmflash.o ABSOLUTE
    ..\\HARDWARE\\TIMER\\timer.c             0x00000000   Number         0  timer.o ABSOLUTE
    ..\\HARDWARE\\TRAIN\\train.c             0x00000000   Number         0  train.o ABSOLUTE
    ..\\MALLOC\\malloc.c                     0x00000000   Number         0  malloc.o ABSOLUTE
    ..\\SYSTEM\\delay\\delay.c               0x00000000   Number         0  delay.o ABSOLUTE
    ..\\SYSTEM\\sys\\sys.c                   0x00000000   Number         0  sys.o ABSOLUTE
    ..\\SYSTEM\\usart\\usart.c               0x00000000   Number         0  usart.o ABSOLUTE
    cdrcmple.s                               0x00000000   Number         0  cdrcmple.o ABSOLUTE
    dc.s                                     0x00000000   Number         0  dc.o ABSOLUTE
    handlers.s                               0x00000000   Number         0  handlers.o ABSOLUTE
    init.s                                   0x00000000   Number         0  init.o ABSOLUTE
    main.c                                   0x00000000   Number         0  main.o ABSOLUTE
    main.c                                   0x00000000   Number         0  main.o ABSOLUTE
    stm32f4xx_it.c                           0x00000000   Number         0  stm32f4xx_it.o ABSOLUTE
    stm32f4xx_it.c                           0x00000000   Number         0  stm32f4xx_it.o ABSOLUTE
    system_stm32f4xx.c                       0x00000000   Number         0  system_stm32f4xx.o ABSOLUTE
    system_stm32f4xx.c                       0x00000000   Number         0  system_stm32f4xx.o ABSOLUTE
    RESET                                    0x08000000   Section      392  startup_stm32f40_41xxx.o(RESET)
    .ARM.Collect$$$$00000000                 0x08000188   Section        0  entry.o(.ARM.Collect$$$$00000000)
    .ARM.Collect$$$$00000001                 0x08000188   Section        4  entry2.o(.ARM.Collect$$$$00000001)
    .ARM.Collect$$$$00000004                 0x0800018c   Section        4  entry5.o(.ARM.Collect$$$$00000004)
    .ARM.Collect$$$$00000008                 0x08000190   Section        0  entry7b.o(.ARM.Collect$$$$00000008)
    .ARM.Collect$$$$0000000A                 0x08000190   Section        0  entry8b.o(.ARM.Collect$$$$0000000A)
    .ARM.Collect$$$$0000000B                 0x08000190   Section        8  entry9a.o(.ARM.Collect$$$$0000000B)
    .ARM.Collect$$$$0000000E                 0x08000198   Section        4  entry12b.o(.ARM.Collect$$$$0000000E)
    .ARM.Collect$$$$0000000F                 0x0800019c   Section        0  entry10a.o(.ARM.Collect$$$$0000000F)
    .ARM.Collect$$$$00000011                 0x0800019c   Section        0  entry11a.o(.ARM.Collect$$$$00000011)
    .ARM.Collect$$$$00002712                 0x0800019c   Section        4  entry2.o(.ARM.Collect$$$$00002712)
    __lit__00000000                          0x0800019c   Data           4  entry2.o(.ARM.Collect$$$$00002712)
    .emb_text                                0x080001a0   Section      182  port.o(.emb_text)
    $v0                                      0x080001a0   Number         0  port.o(.emb_text)
    .text                                    0x08000258   Section        0  main.o(.text)
    .text                                    0x08000368   Section        0  stm32f4xx_it.o(.text)
    .text                                    0x08000374   Section        0  system_stm32f4xx.o(.text)
    SetSysClock                              0x08000375   Thumb Code   168  system_stm32f4xx.o(.text)
    .text                                    0x08000504   Section        0  led.o(.text)
    .text                                    0x08000544   Section        0  timer.o(.text)
    .text                                    0x08000624   Section        0  sram.o(.text)
    .text                                    0x080008cc   Section        0  delay.o(.text)
    .text                                    0x08000994   Section        0  usart.o(.text)
    .text                                    0x08000c9c   Section       36  startup_stm32f40_41xxx.o(.text)
    $v0                                      0x08000c9c   Number         0  startup_stm32f40_41xxx.o(.text)
    .text                                    0x08000cc0   Section        0  misc.o(.text)
    .text                                    0x08000d7c   Section        0  stm32f4xx_fsmc.o(.text)
    .text                                    0x080011fc   Section        0  stm32f4xx_gpio.o(.text)
    .text                                    0x08001460   Section        0  stm32f4xx_rcc.o(.text)
    .text                                    0x08001940   Section        0  stm32f4xx_tim.o(.text)
    TI4_Config                               0x08001fed   Thumb Code    54  stm32f4xx_tim.o(.text)
    TI3_Config                               0x08002033   Thumb Code    50  stm32f4xx_tim.o(.text)
    TI2_Config                               0x0800207d   Thumb Code    54  stm32f4xx_tim.o(.text)
    TI1_Config                               0x080020c3   Thumb Code    46  stm32f4xx_tim.o(.text)
    .text                                    0x08002404   Section        0  stm32f4xx_usart.o(.text)
    .text                                    0x080027f8   Section        0  malloc.o(.text)
    .text                                    0x080029dc   Section        0  list.o(.text)
    .text                                    0x08002a64   Section        0  queue.o(.text)
    prvInitialiseNewQueue                    0x08002ae7   Thumb Code    38  queue.o(.text)
    prvCopyDataToQueue                       0x08002b4d   Thumb Code   110  queue.o(.text)
    prvNotifyQueueSetContainer               0x08002bbb   Thumb Code   110  queue.o(.text)
    prvUnlockQueue                           0x08002c29   Thumb Code   126  queue.o(.text)
    prvIsQueueFull                           0x08002ca7   Thumb Code    30  queue.o(.text)
    prvInitialiseMutex                       0x08002e2b   Thumb Code    64  queue.o(.text)
    prvIsQueueEmpty                          0x08002ec1   Thumb Code    26  queue.o(.text)
    prvCopyDataFromQueue                     0x08002edb   Thumb Code    40  queue.o(.text)
    .text                                    0x080035c0   Section        0  tasks.o(.text)
    prvInitialiseTaskLists                   0x080035c1   Thumb Code    74  tasks.o(.text)
    prvAddNewTaskToReadyList                 0x0800360b   Thumb Code   126  tasks.o(.text)
    prvInitialiseNewTask                     0x08003689   Thumb Code   150  tasks.o(.text)
    prvResetNextTaskUnblockTime              0x0800377f   Thumb Code    30  tasks.o(.text)
    prvDeleteTCB                             0x0800379d   Thumb Code    20  tasks.o(.text)
    prvAddCurrentTaskToDelayedList           0x080039fd   Thumb Code   102  tasks.o(.text)
    prvTaskIsTaskSuspended                   0x08003d99   Thumb Code    50  tasks.o(.text)
    prvCheckTasksWaitingTermination          0x08003ed7   Thumb Code    76  tasks.o(.text)
    prvIdleTask                              0x08003f23   Thumb Code    30  tasks.o(.text)
    prvTaskCheckFreeStackSpace               0x08004001   Thumb Code    20  tasks.o(.text)
    prvListTasksWithinSingleList             0x0800408d   Thumb Code    90  tasks.o(.text)
    prvWriteNameToBuffer                     0x0800451f   Thumb Code    36  tasks.o(.text)
    .text                                    0x080049b4   Section        0  timers.o(.text)
    prvInsertTimerInActiveList               0x080049b5   Thumb Code    60  timers.o(.text)
    prvSwitchTimerLists                      0x08004a61   Thumb Code   100  timers.o(.text)
    prvSampleTimeNow                         0x08004ac5   Thumb Code    38  timers.o(.text)
    prvProcessReceivedCommands               0x08004aeb   Thumb Code   196  timers.o(.text)
    prvProcessExpiredTimer                   0x08004baf   Thumb Code    84  timers.o(.text)
    prvProcessTimerOrBlockTask               0x08004c03   Thumb Code   100  timers.o(.text)
    prvGetNextExpireTime                     0x08004c67   Thumb Code    30  timers.o(.text)
    prvTimerTask                             0x08004c85   Thumb Code    20  timers.o(.text)
    prvCheckForValidListAndQueue             0x08004c99   Thumb Code    62  timers.o(.text)
    prvInitialiseNewTimer                    0x08004d11   Thumb Code    66  timers.o(.text)
    .text                                    0x08004f1c   Section        0  port.o(.text)
    prvTaskExitError                         0x08004f1d   Thumb Code    36  port.o(.text)
    .text                                    0x08005174   Section        0  heap_4.o(.text)
    prvInsertBlockIntoFreeList               0x08005175   Thumb Code    78  heap_4.o(.text)
    prvHeapInit                              0x080051c3   Thumb Code    68  heap_4.o(.text)
    .text                                    0x08005388   Section        0  memcpya.o(.text)
    .text                                    0x080053ac   Section        0  memseta.o(.text)
    .text                                    0x080053d0   Section        0  strlen.o(.text)
    .text                                    0x080053de   Section        0  strcpy.o(.text)
    .text                                    0x080053f0   Section        0  uidiv.o(.text)
    .text                                    0x0800541c   Section        0  uldiv.o(.text)
    .text                                    0x0800547e   Section        0  dadd.o(.text)
    .text                                    0x0800547e   Section        0  iusefp.o(.text)
    .text                                    0x080055cc   Section        0  dmul.o(.text)
    .text                                    0x080056b0   Section        0  ddiv.o(.text)
    .text                                    0x0800578e   Section        0  dfixul.o(.text)
    .text                                    0x080057c0   Section       48  cdrcmple.o(.text)
    .text                                    0x080057f0   Section       36  init.o(.text)
    .text                                    0x08005814   Section        0  llshl.o(.text)
    .text                                    0x08005832   Section        0  llushr.o(.text)
    .text                                    0x08005852   Section        0  llsshr.o(.text)
    .text                                    0x08005876   Section        0  depilogue.o(.text)
    i.__0printf$3                            0x08005930   Section        0  printf3.o(i.__0printf$3)
    i.__0sprintf$3                           0x08005950   Section        0  printf3.o(i.__0sprintf$3)
    i.__0vsnprintf                           0x08005978   Section        0  printfa.o(i.__0vsnprintf)
    i.__scatterload_copy                     0x080059ac   Section       14  handlers.o(i.__scatterload_copy)
    i.__scatterload_null                     0x080059ba   Section        2  handlers.o(i.__scatterload_null)
    i.__scatterload_zeroinit                 0x080059bc   Section       14  handlers.o(i.__scatterload_zeroinit)
    i._fp_digits                             0x080059cc   Section        0  printfa.o(i._fp_digits)
    _fp_digits                               0x080059cd   Thumb Code   366  printfa.o(i._fp_digits)
    i._printf_core                           0x08005b50   Section        0  printf3.o(i._printf_core)
    _printf_core                             0x08005b51   Thumb Code   436  printf3.o(i._printf_core)
    i._printf_core                           0x08005d08   Section        0  printfa.o(i._printf_core)
    _printf_core                             0x08005d09   Thumb Code  1704  printfa.o(i._printf_core)
    i._printf_post_padding                   0x080063bc   Section        0  printfa.o(i._printf_post_padding)
    _printf_post_padding                     0x080063bd   Thumb Code    36  printfa.o(i._printf_post_padding)
    i._printf_pre_padding                    0x080063e0   Section        0  printfa.o(i._printf_pre_padding)
    _printf_pre_padding                      0x080063e1   Thumb Code    46  printfa.o(i._printf_pre_padding)
    i._snputc                                0x0800640e   Section        0  printfa.o(i._snputc)
    _snputc                                  0x0800640f   Thumb Code    22  printfa.o(i._snputc)
    i._sputc                                 0x08006424   Section        0  printf3.o(i._sputc)
    _sputc                                   0x08006425   Thumb Code    10  printf3.o(i._sputc)
    .constdata                               0x08006430   Section       28  stm32f4xx_fsmc.o(.constdata)
    .constdata                               0x0800644c   Section       36  malloc.o(.constdata)
    .ARM.__AT_0x10000000                     0x10000000   Section    61440  malloc.o(.ARM.__AT_0x10000000)
    .ARM.__AT_0x1000F000                     0x1000f000   Section     3840  malloc.o(.ARM.__AT_0x1000F000)
    .data                                    0x20000000   Section        8  main.o(.data)
    .data                                    0x20000008   Section       20  system_stm32f4xx.o(.data)
    .data                                    0x20000020   Section        8  timer.o(.data)
    .data                                    0x20000028   Section        8  sensor.o(.data)
    .data                                    0x20000030   Section       40  train.o(.data)
    .data                                    0x20000058   Section        4  delay.o(.data)
    fac_us                                   0x20000058   Data           1  delay.o(.data)
    fac_ms                                   0x2000005a   Data           2  delay.o(.data)
    .data                                    0x2000005c   Section        2  usart.o(.data)
    .data                                    0x20000060   Section        4  usart.o(.data)
    .data                                    0x20000064   Section       16  stm32f4xx_rcc.o(.data)
    APBAHBPrescTable                         0x20000064   Data          16  stm32f4xx_rcc.o(.data)
    .data                                    0x20000074   Section       36  malloc.o(.data)
    .data                                    0x20000098   Section       60  tasks.o(.data)
    uxDeletedTasksWaitingCleanUp             0x2000009c   Data           4  tasks.o(.data)
    uxCurrentNumberOfTasks                   0x200000a0   Data           4  tasks.o(.data)
    xTickCount                               0x200000a4   Data           4  tasks.o(.data)
    uxTopReadyPriority                       0x200000a8   Data           4  tasks.o(.data)
    xSchedulerRunning                        0x200000ac   Data           4  tasks.o(.data)
    uxPendedTicks                            0x200000b0   Data           4  tasks.o(.data)
    xYieldPending                            0x200000b4   Data           4  tasks.o(.data)
    xNumOfOverflows                          0x200000b8   Data           4  tasks.o(.data)
    uxTaskNumber                             0x200000bc   Data           4  tasks.o(.data)
    xNextTaskUnblockTime                     0x200000c0   Data           4  tasks.o(.data)
    xIdleTaskHandle                          0x200000c4   Data           4  tasks.o(.data)
    uxSchedulerSuspended                     0x200000c8   Data           4  tasks.o(.data)
    pxDelayedTaskList                        0x200000cc   Data           4  tasks.o(.data)
    pxOverflowDelayedTaskList                0x200000d0   Data           4  tasks.o(.data)
    .data                                    0x200000d4   Section       20  timers.o(.data)
    xTimerQueue                              0x200000d4   Data           4  timers.o(.data)
    xTimerTaskHandle                         0x200000d8   Data           4  timers.o(.data)
    xLastTime                                0x200000dc   Data           4  timers.o(.data)
    pxCurrentTimerList                       0x200000e0   Data           4  timers.o(.data)
    pxOverflowTimerList                      0x200000e4   Data           4  timers.o(.data)
    .data                                    0x200000e8   Section       12  port.o(.data)
    ucMaxSysCallPriority                     0x200000e8   Data           1  port.o(.data)
    uxCriticalNesting                        0x200000ec   Data           4  port.o(.data)
    ulMaxPRIGROUPValue                       0x200000f0   Data           4  port.o(.data)
    .data                                    0x200000f4   Section       24  heap_4.o(.data)
    pxEnd                                    0x200000f4   Data           4  heap_4.o(.data)
    xFreeBytesRemaining                      0x200000f8   Data           4  heap_4.o(.data)
    xMinimumEverFreeBytesRemaining           0x200000fc   Data           4  heap_4.o(.data)
    xBlockAllocatedBit                       0x20000100   Data           4  heap_4.o(.data)
    xStart                                   0x20000104   Data           8  heap_4.o(.data)
    .bss                                     0x2000010c   Section      200  usart.o(.bss)
    .bss                                     0x200001d4   Section    81920  malloc.o(.bss)
    .bss                                     0x200141d4   Section     5120  malloc.o(.bss)
    .bss                                     0x200155d4   Section       64  queue.o(.bss)
    .bss                                     0x20015614   Section      740  tasks.o(.bss)
    pxReadyTasksLists                        0x20015614   Data         640  tasks.o(.bss)
    xDelayedTaskList1                        0x20015894   Data          20  tasks.o(.bss)
    xDelayedTaskList2                        0x200158a8   Data          20  tasks.o(.bss)
    xPendingReadyList                        0x200158bc   Data          20  tasks.o(.bss)
    xTasksWaitingTermination                 0x200158d0   Data          20  tasks.o(.bss)
    xSuspendedTaskList                       0x200158e4   Data          20  tasks.o(.bss)
    .bss                                     0x200158f8   Section       40  timers.o(.bss)
    xActiveTimerList1                        0x200158f8   Data          20  timers.o(.bss)
    xActiveTimerList2                        0x2001590c   Data          20  timers.o(.bss)
    .bss                                     0x20015920   Section    20480  heap_4.o(.bss)
    ucHeap                                   0x20015920   Data       20480  heap_4.o(.bss)
    STACK                                    0x2001a920   Section     1024  startup_stm32f40_41xxx.o(STACK)
    .ARM.__AT_0x68000000                     0x68000000   Section    819200  malloc.o(.ARM.__AT_0x68000000)
    .ARM.__AT_0x680C8000                     0x680c8000   Section    51200  malloc.o(.ARM.__AT_0x680C8000)

    Global Symbols

    Symbol Name                              Value     Ov Type        Size  Object(Section)

    BuildAttributes$$THM_ISAv4$E$P$D$K$B$S$7EM$VFPi3$EXTD16$VFPS$VFMA$PE$A:L22UL41UL21$X:L11$S22US41US21$IEEE1$IW$USESV6$~STKCKD$USESV7$~SHL$OSPACE$ROPI$EBA8$MICROLIB$REQ8$PRES8$EABIv2 0x00000000   Number         0  anon$$obj.o ABSOLUTE
    __ARM_use_no_argv                        0x00000000   Number         0  main.o ABSOLUTE
    __use_no_errno                           0x00000000   Number         0  useno.o ABSOLUTE
    __use_no_exception_handling              0x00000000   Number         0  useno.o ABSOLUTE
    __use_no_fp                              0x00000000   Number         0  useno.o ABSOLUTE
    __use_no_heap                            0x00000000   Number         0  useno.o ABSOLUTE
    __use_no_heap_region                     0x00000000   Number         0  useno.o ABSOLUTE
    __use_no_semihosting                     0x00000000   Number         0  useno.o ABSOLUTE
    __use_no_semihosting_swi                 0x00000000   Number         0  useno.o ABSOLUTE
    __use_no_signal_handling                 0x00000000   Number         0  useno.o ABSOLUTE
    _printf_a                                0x00000000   Number         0  stubs.o ABSOLUTE
    _printf_c                                0x00000000   Number         0  stubs.o ABSOLUTE
    _printf_charcount                        0x00000000   Number         0  stubs.o ABSOLUTE
    _printf_d                                0x00000000   Number         0  stubs.o ABSOLUTE
    _printf_e                                0x00000000   Number         0  stubs.o ABSOLUTE
    _printf_f                                0x00000000   Number         0  stubs.o ABSOLUTE
    _printf_flags                            0x00000000   Number         0  stubs.o ABSOLUTE
    _printf_fp_dec                           0x00000000   Number         0  stubs.o ABSOLUTE
    _printf_fp_hex                           0x00000000   Number         0  stubs.o ABSOLUTE
    _printf_g                                0x00000000   Number         0  stubs.o ABSOLUTE
    _printf_i                                0x00000000   Number         0  stubs.o ABSOLUTE
    _printf_int_dec                          0x00000000   Number         0  stubs.o ABSOLUTE
    _printf_l                                0x00000000   Number         0  stubs.o ABSOLUTE
    _printf_lc                               0x00000000   Number         0  stubs.o ABSOLUTE
    _printf_ll                               0x00000000   Number         0  stubs.o ABSOLUTE
    _printf_lld                              0x00000000   Number         0  stubs.o ABSOLUTE
    _printf_lli                              0x00000000   Number         0  stubs.o ABSOLUTE
    _printf_llo                              0x00000000   Number         0  stubs.o ABSOLUTE
    _printf_llu                              0x00000000   Number         0  stubs.o ABSOLUTE
    _printf_llx                              0x00000000   Number         0  stubs.o ABSOLUTE
    _printf_longlong_dec                     0x00000000   Number         0  stubs.o ABSOLUTE
    _printf_longlong_hex                     0x00000000   Number         0  stubs.o ABSOLUTE
    _printf_longlong_oct                     0x00000000   Number         0  stubs.o ABSOLUTE
    _printf_ls                               0x00000000   Number         0  stubs.o ABSOLUTE
    _printf_mbtowc                           0x00000000   Number         0  stubs.o ABSOLUTE
    _printf_n                                0x00000000   Number         0  stubs.o ABSOLUTE
    _printf_o                                0x00000000   Number         0  stubs.o ABSOLUTE
    _printf_p                                0x00000000   Number         0  stubs.o ABSOLUTE
    _printf_percent                          0x00000000   Number         0  stubs.o ABSOLUTE
    _printf_pre_padding                      0x00000000   Number         0  stubs.o ABSOLUTE
    _printf_return_value                     0x00000000   Number         0  stubs.o ABSOLUTE
    _printf_s                                0x00000000   Number         0  stubs.o ABSOLUTE
    _printf_sizespec                         0x00000000   Number         0  stubs.o ABSOLUTE
    _printf_str                              0x00000000   Number         0  stubs.o ABSOLUTE
    _printf_truncate_signed                  0x00000000   Number         0  stubs.o ABSOLUTE
    _printf_truncate_unsigned                0x00000000   Number         0  stubs.o ABSOLUTE
    _printf_u                                0x00000000   Number         0  stubs.o ABSOLUTE
    _printf_wc                               0x00000000   Number         0  stubs.o ABSOLUTE
    _printf_wctomb                           0x00000000   Number         0  stubs.o ABSOLUTE
    _printf_widthprec                        0x00000000   Number         0  stubs.o ABSOLUTE
    _printf_x                                0x00000000   Number         0  stubs.o ABSOLUTE
    __arm_fini_                               - Undefined Weak Reference
    __cpp_initialize__aeabi_                  - Undefined Weak Reference
    __cxa_finalize                            - Undefined Weak Reference
    __decompress                              - Undefined Weak Reference
    _clock_init                               - Undefined Weak Reference
    _microlib_exit                            - Undefined Weak Reference
    __Vectors_Size                           0x00000188   Number         0  startup_stm32f40_41xxx.o ABSOLUTE
    __Vectors                                0x08000000   Data           4  startup_stm32f40_41xxx.o(RESET)
    __Vectors_End                            0x08000188   Data           0  startup_stm32f40_41xxx.o(RESET)
    __main                                   0x08000189   Thumb Code     0  entry.o(.ARM.Collect$$$$00000000)
    _main_stk                                0x08000189   Thumb Code     0  entry2.o(.ARM.Collect$$$$00000001)
    _main_scatterload                        0x0800018d   Thumb Code     0  entry5.o(.ARM.Collect$$$$00000004)
    __main_after_scatterload                 0x08000191   Thumb Code     0  entry5.o(.ARM.Collect$$$$00000004)
    _main_clock                              0x08000191   Thumb Code     0  entry7b.o(.ARM.Collect$$$$00000008)
    _main_cpp_init                           0x08000191   Thumb Code     0  entry8b.o(.ARM.Collect$$$$0000000A)
    _main_init                               0x08000191   Thumb Code     0  entry9a.o(.ARM.Collect$$$$0000000B)
    __rt_lib_shutdown_fini                   0x08000199   Thumb Code     0  entry12b.o(.ARM.Collect$$$$0000000E)
    __rt_final_cpp                           0x0800019d   Thumb Code     0  entry10a.o(.ARM.Collect$$$$0000000F)
    __rt_final_exit                          0x0800019d   Thumb Code     0  entry11a.o(.ARM.Collect$$$$00000011)
    SVC_Handler                              0x080001a1   Thumb Code    28  port.o(.emb_text)
    __asm___6_port_c_39a90d8d__prvStartFirstTask 0x080001c1   Thumb Code    28  port.o(.emb_text)
    __asm___6_port_c_39a90d8d__prvEnableVFP  0x080001e1   Thumb Code    16  port.o(.emb_text)
    PendSV_Handler                           0x080001f5   Thumb Code    88  port.o(.emb_text)
    vPortGetIPSR                             0x08000251   Thumb Code     6  port.o(.emb_text)
    led0_task                                0x08000259   Thumb Code    34  main.o(.text)
    start_task                               0x0800027b   Thumb Code    54  main.o(.text)
    main                                     0x080002b1   Thumb Code   112  main.o(.text)
    NMI_Handler                              0x08000369   Thumb Code     2  stm32f4xx_it.o(.text)
    HardFault_Handler                        0x0800036b   Thumb Code     2  stm32f4xx_it.o(.text)
    MemManage_Handler                        0x0800036d   Thumb Code     2  stm32f4xx_it.o(.text)
    BusFault_Handler                         0x0800036f   Thumb Code     2  stm32f4xx_it.o(.text)
    UsageFault_Handler                       0x08000371   Thumb Code     2  stm32f4xx_it.o(.text)
    DebugMon_Handler                         0x08000373   Thumb Code     2  stm32f4xx_it.o(.text)
    SystemInit                               0x0800041d   Thumb Code    74  system_stm32f4xx.o(.text)
    SystemCoreClockUpdate                    0x08000467   Thumb Code   122  system_stm32f4xx.o(.text)
    LED_Init                                 0x08000505   Thumb Code    58  led.o(.text)
    TIM5_Int_Init                            0x08000545   Thumb Code    86  timer.o(.text)
    ConfigureTimeForRunTimeStats             0x0800059b   Thumb Code    14  timer.o(.text)
    TIM5_IRQHandler                          0x080005a9   Thumb Code    94  timer.o(.text)
    FSMC_SRAM_Init                           0x08000625   Thumb Code   580  sram.o(.text)
    FSMC_SRAM_WriteBuffer                    0x08000869   Thumb Code    26  sram.o(.text)
    FSMC_SRAM_ReadBuffer                     0x08000883   Thumb Code    24  sram.o(.text)
    fsmc_sram_test_write                     0x0800089b   Thumb Code    14  sram.o(.text)
    fsmc_sram_test_read                      0x080008a9   Thumb Code    18  sram.o(.text)
    SysTick_Handler                          0x080008cd   Thumb Code    20  delay.o(.text)
    delay_init                               0x080008e1   Thumb Code    48  delay.o(.text)
    delay_us                                 0x08000911   Thumb Code    50  delay.o(.text)
    delay_ms                                 0x08000943   Thumb Code    50  delay.o(.text)
    delay_xms                                0x08000975   Thumb Code    26  delay.o(.text)
    _sys_exit                                0x08000995   Thumb Code     2  usart.o(.text)
    fputc                                    0x08000997   Thumb Code    14  usart.o(.text)
    usart1_init                              0x080009a5   Thumb Code   168  usart.o(.text)
    usart2_init                              0x08000a4d   Thumb Code   160  usart.o(.text)
    usart3_init                              0x08000aed   Thumb Code   170  usart.o(.text)
    Usart_SendString                         0x08000b97   Thumb Code    46  usart.o(.text)
    UsartPrintf                              0x08000bc5   Thumb Code    64  usart.o(.text)
    USART2_IRQHandler                        0x08000c05   Thumb Code    92  usart.o(.text)
    USART1_IRQHandler                        0x08000c61   Thumb Code    32  usart.o(.text)
    Reset_Handler                            0x08000c9d   Thumb Code     8  startup_stm32f40_41xxx.o(.text)
    ADC_IRQHandler                           0x08000cb7   Thumb Code     0  startup_stm32f40_41xxx.o(.text)
    CAN1_RX0_IRQHandler                      0x08000cb7   Thumb Code     0  startup_stm32f40_41xxx.o(.text)
    CAN1_RX1_IRQHandler                      0x08000cb7   Thumb Code     0  startup_stm32f40_41xxx.o(.text)
    CAN1_SCE_IRQHandler                      0x08000cb7   Thumb Code     0  startup_stm32f40_41xxx.o(.text)
    CAN1_TX_IRQHandler                       0x08000cb7   Thumb Code     0  startup_stm32f40_41xxx.o(.text)
    CAN2_RX0_IRQHandler                      0x08000cb7   Thumb Code     0  startup_stm32f40_41xxx.o(.text)
    CAN2_RX1_IRQHandler                      0x08000cb7   Thumb Code     0  startup_stm32f40_41xxx.o(.text)
    CAN2_SCE_IRQHandler                      0x08000cb7   Thumb Code     0  startup_stm32f40_41xxx.o(.text)
    CAN2_TX_IRQHandler                       0x08000cb7   Thumb Code     0  startup_stm32f40_41xxx.o(.text)
    CRYP_IRQHandler                          0x08000cb7   Thumb Code     0  startup_stm32f40_41xxx.o(.text)
    DCMI_IRQHandler                          0x08000cb7   Thumb Code     0  startup_stm32f40_41xxx.o(.text)
    DMA1_Stream0_IRQHandler                  0x08000cb7   Thumb Code     0  startup_stm32f40_41xxx.o(.text)
    DMA1_Stream1_IRQHandler                  0x08000cb7   Thumb Code     0  startup_stm32f40_41xxx.o(.text)
    DMA1_Stream2_IRQHandler                  0x08000cb7   Thumb Code     0  startup_stm32f40_41xxx.o(.text)
    DMA1_Stream3_IRQHandler                  0x08000cb7   Thumb Code     0  startup_stm32f40_41xxx.o(.text)
    DMA1_Stream4_IRQHandler                  0x08000cb7   Thumb Code     0  startup_stm32f40_41xxx.o(.text)
    DMA1_Stream5_IRQHandler                  0x08000cb7   Thumb Code     0  startup_stm32f40_41xxx.o(.text)
    DMA1_Stream6_IRQHandler                  0x08000cb7   Thumb Code     0  startup_stm32f40_41xxx.o(.text)
    DMA1_Stream7_IRQHandler                  0x08000cb7   Thumb Code     0  startup_stm32f40_41xxx.o(.text)
    DMA2_Stream0_IRQHandler                  0x08000cb7   Thumb Code     0  startup_stm32f40_41xxx.o(.text)
    DMA2_Stream1_IRQHandler                  0x08000cb7   Thumb Code     0  startup_stm32f40_41xxx.o(.text)
    DMA2_Stream2_IRQHandler                  0x08000cb7   Thumb Code     0  startup_stm32f40_41xxx.o(.text)
    DMA2_Stream3_IRQHandler                  0x08000cb7   Thumb Code     0  startup_stm32f40_41xxx.o(.text)
    DMA2_Stream4_IRQHandler                  0x08000cb7   Thumb Code     0  startup_stm32f40_41xxx.o(.text)
    DMA2_Stream5_IRQHandler                  0x08000cb7   Thumb Code     0  startup_stm32f40_41xxx.o(.text)
    DMA2_Stream6_IRQHandler                  0x08000cb7   Thumb Code     0  startup_stm32f40_41xxx.o(.text)
    DMA2_Stream7_IRQHandler                  0x08000cb7   Thumb Code     0  startup_stm32f40_41xxx.o(.text)
    ETH_IRQHandler                           0x08000cb7   Thumb Code     0  startup_stm32f40_41xxx.o(.text)
    ETH_WKUP_IRQHandler                      0x08000cb7   Thumb Code     0  startup_stm32f40_41xxx.o(.text)
    EXTI0_IRQHandler                         0x08000cb7   Thumb Code     0  startup_stm32f40_41xxx.o(.text)
    EXTI15_10_IRQHandler                     0x08000cb7   Thumb Code     0  startup_stm32f40_41xxx.o(.text)
    EXTI1_IRQHandler                         0x08000cb7   Thumb Code     0  startup_stm32f40_41xxx.o(.text)
    EXTI2_IRQHandler                         0x08000cb7   Thumb Code     0  startup_stm32f40_41xxx.o(.text)
    EXTI3_IRQHandler                         0x08000cb7   Thumb Code     0  startup_stm32f40_41xxx.o(.text)
    EXTI4_IRQHandler                         0x08000cb7   Thumb Code     0  startup_stm32f40_41xxx.o(.text)
    EXTI9_5_IRQHandler                       0x08000cb7   Thumb Code     0  startup_stm32f40_41xxx.o(.text)
    FLASH_IRQHandler                         0x08000cb7   Thumb Code     0  startup_stm32f40_41xxx.o(.text)
    FPU_IRQHandler                           0x08000cb7   Thumb Code     0  startup_stm32f40_41xxx.o(.text)
    FSMC_IRQHandler                          0x08000cb7   Thumb Code     0  startup_stm32f40_41xxx.o(.text)
    HASH_RNG_IRQHandler                      0x08000cb7   Thumb Code     0  startup_stm32f40_41xxx.o(.text)
    I2C1_ER_IRQHandler                       0x08000cb7   Thumb Code     0  startup_stm32f40_41xxx.o(.text)
    I2C1_EV_IRQHandler                       0x08000cb7   Thumb Code     0  startup_stm32f40_41xxx.o(.text)
    I2C2_ER_IRQHandler                       0x08000cb7   Thumb Code     0  startup_stm32f40_41xxx.o(.text)
    I2C2_EV_IRQHandler                       0x08000cb7   Thumb Code     0  startup_stm32f40_41xxx.o(.text)
    I2C3_ER_IRQHandler                       0x08000cb7   Thumb Code     0  startup_stm32f40_41xxx.o(.text)
    I2C3_EV_IRQHandler                       0x08000cb7   Thumb Code     0  startup_stm32f40_41xxx.o(.text)
    OTG_FS_IRQHandler                        0x08000cb7   Thumb Code     0  startup_stm32f40_41xxx.o(.text)
    OTG_FS_WKUP_IRQHandler                   0x08000cb7   Thumb Code     0  startup_stm32f40_41xxx.o(.text)
    OTG_HS_EP1_IN_IRQHandler                 0x08000cb7   Thumb Code     0  startup_stm32f40_41xxx.o(.text)
    OTG_HS_EP1_OUT_IRQHandler                0x08000cb7   Thumb Code     0  startup_stm32f40_41xxx.o(.text)
    OTG_HS_IRQHandler                        0x08000cb7   Thumb Code     0  startup_stm32f40_41xxx.o(.text)
    OTG_HS_WKUP_IRQHandler                   0x08000cb7   Thumb Code     0  startup_stm32f40_41xxx.o(.text)
    PVD_IRQHandler                           0x08000cb7   Thumb Code     0  startup_stm32f40_41xxx.o(.text)
    RCC_IRQHandler                           0x08000cb7   Thumb Code     0  startup_stm32f40_41xxx.o(.text)
    RTC_Alarm_IRQHandler                     0x08000cb7   Thumb Code     0  startup_stm32f40_41xxx.o(.text)
    RTC_WKUP_IRQHandler                      0x08000cb7   Thumb Code     0  startup_stm32f40_41xxx.o(.text)
    SDIO_IRQHandler                          0x08000cb7   Thumb Code     0  startup_stm32f40_41xxx.o(.text)
    SPI1_IRQHandler                          0x08000cb7   Thumb Code     0  startup_stm32f40_41xxx.o(.text)
    SPI2_IRQHandler                          0x08000cb7   Thumb Code     0  startup_stm32f40_41xxx.o(.text)
    SPI3_IRQHandler                          0x08000cb7   Thumb Code     0  startup_stm32f40_41xxx.o(.text)
    TAMP_STAMP_IRQHandler                    0x08000cb7   Thumb Code     0  startup_stm32f40_41xxx.o(.text)
    TIM1_BRK_TIM9_IRQHandler                 0x08000cb7   Thumb Code     0  startup_stm32f40_41xxx.o(.text)
    TIM1_CC_IRQHandler                       0x08000cb7   Thumb Code     0  startup_stm32f40_41xxx.o(.text)
    TIM1_TRG_COM_TIM11_IRQHandler            0x08000cb7   Thumb Code     0  startup_stm32f40_41xxx.o(.text)
    TIM1_UP_TIM10_IRQHandler                 0x08000cb7   Thumb Code     0  startup_stm32f40_41xxx.o(.text)
    TIM2_IRQHandler                          0x08000cb7   Thumb Code     0  startup_stm32f40_41xxx.o(.text)
    TIM3_IRQHandler                          0x08000cb7   Thumb Code     0  startup_stm32f40_41xxx.o(.text)
    TIM4_IRQHandler                          0x08000cb7   Thumb Code     0  startup_stm32f40_41xxx.o(.text)
    TIM6_DAC_IRQHandler                      0x08000cb7   Thumb Code     0  startup_stm32f40_41xxx.o(.text)
    TIM7_IRQHandler                          0x08000cb7   Thumb Code     0  startup_stm32f40_41xxx.o(.text)
    TIM8_BRK_TIM12_IRQHandler                0x08000cb7   Thumb Code     0  startup_stm32f40_41xxx.o(.text)
    TIM8_CC_IRQHandler                       0x08000cb7   Thumb Code     0  startup_stm32f40_41xxx.o(.text)
    TIM8_TRG_COM_TIM14_IRQHandler            0x08000cb7   Thumb Code     0  startup_stm32f40_41xxx.o(.text)
    TIM8_UP_TIM13_IRQHandler                 0x08000cb7   Thumb Code     0  startup_stm32f40_41xxx.o(.text)
    UART4_IRQHandler                         0x08000cb7   Thumb Code     0  startup_stm32f40_41xxx.o(.text)
    UART5_IRQHandler                         0x08000cb7   Thumb Code     0  startup_stm32f40_41xxx.o(.text)
    USART3_IRQHandler                        0x08000cb7   Thumb Code     0  startup_stm32f40_41xxx.o(.text)
    USART6_IRQHandler                        0x08000cb7   Thumb Code     0  startup_stm32f40_41xxx.o(.text)
    WWDG_IRQHandler                          0x08000cb7   Thumb Code     0  startup_stm32f40_41xxx.o(.text)
    NVIC_PriorityGroupConfig                 0x08000cc1   Thumb Code    10  misc.o(.text)
    NVIC_Init                                0x08000ccb   Thumb Code    98  misc.o(.text)
    NVIC_SetVectorTable                      0x08000d2d   Thumb Code    14  misc.o(.text)
    NVIC_SystemLPConfig                      0x08000d3b   Thumb Code    24  misc.o(.text)
    SysTick_CLKSourceConfig                  0x08000d53   Thumb Code    28  misc.o(.text)
    FSMC_NORSRAMDeInit                       0x08000d7d   Thumb Code    48  stm32f4xx_fsmc.o(.text)
    FSMC_NORSRAMInit                         0x08000dad   Thumb Code   202  stm32f4xx_fsmc.o(.text)
    FSMC_NORSRAMStructInit                   0x08000e77   Thumb Code    42  stm32f4xx_fsmc.o(.text)
    FSMC_NORSRAMCmd                          0x08000ea1   Thumb Code    30  stm32f4xx_fsmc.o(.text)
    FSMC_NANDDeInit                          0x08000ebf   Thumb Code    40  stm32f4xx_fsmc.o(.text)
    FSMC_NANDInit                            0x08000ee7   Thumb Code   104  stm32f4xx_fsmc.o(.text)
    FSMC_NANDStructInit                      0x08000f4f   Thumb Code    54  stm32f4xx_fsmc.o(.text)
    FSMC_NANDCmd                             0x08000f85   Thumb Code    60  stm32f4xx_fsmc.o(.text)
    FSMC_NANDECCCmd                          0x08000fc1   Thumb Code    60  stm32f4xx_fsmc.o(.text)
    FSMC_GetECC                              0x08000ffd   Thumb Code    18  stm32f4xx_fsmc.o(.text)
    FSMC_PCCARDDeInit                        0x0800100f   Thumb Code    22  stm32f4xx_fsmc.o(.text)
    FSMC_PCCARDInit                          0x08001025   Thumb Code    98  stm32f4xx_fsmc.o(.text)
    FSMC_PCCARDStructInit                    0x08001087   Thumb Code    60  stm32f4xx_fsmc.o(.text)
    FSMC_PCCARDCmd                           0x080010c3   Thumb Code    34  stm32f4xx_fsmc.o(.text)
    FSMC_ITConfig                            0x080010e5   Thumb Code    86  stm32f4xx_fsmc.o(.text)
    FSMC_GetFlagStatus                       0x0800113b   Thumb Code    40  stm32f4xx_fsmc.o(.text)
    FSMC_ClearFlag                           0x08001163   Thumb Code    42  stm32f4xx_fsmc.o(.text)
    FSMC_GetITStatus                         0x0800118d   Thumb Code    52  stm32f4xx_fsmc.o(.text)
    FSMC_ClearITPendingBit                   0x080011c1   Thumb Code    48  stm32f4xx_fsmc.o(.text)
    GPIO_DeInit                              0x080011fd   Thumb Code   296  stm32f4xx_gpio.o(.text)
    GPIO_Init                                0x08001325   Thumb Code   124  stm32f4xx_gpio.o(.text)
    GPIO_StructInit                          0x080013a1   Thumb Code    18  stm32f4xx_gpio.o(.text)
    GPIO_PinLockConfig                       0x080013b3   Thumb Code    26  stm32f4xx_gpio.o(.text)
    GPIO_ReadInputDataBit                    0x080013cd   Thumb Code    14  stm32f4xx_gpio.o(.text)
    GPIO_ReadInputData                       0x080013db   Thumb Code     6  stm32f4xx_gpio.o(.text)
    GPIO_ReadOutputDataBit                   0x080013e1   Thumb Code    14  stm32f4xx_gpio.o(.text)
    GPIO_ReadOutputData                      0x080013ef   Thumb Code     6  stm32f4xx_gpio.o(.text)
    GPIO_SetBits                             0x080013f5   Thumb Code     4  stm32f4xx_gpio.o(.text)
    GPIO_ResetBits                           0x080013f9   Thumb Code     4  stm32f4xx_gpio.o(.text)
    GPIO_WriteBit                            0x080013fd   Thumb Code    12  stm32f4xx_gpio.o(.text)
    GPIO_Write                               0x08001409   Thumb Code     4  stm32f4xx_gpio.o(.text)
    GPIO_ToggleBits                          0x0800140d   Thumb Code     8  stm32f4xx_gpio.o(.text)
    GPIO_PinAFConfig                         0x08001415   Thumb Code    32  stm32f4xx_gpio.o(.text)
    RCC_DeInit                               0x08001461   Thumb Code    68  stm32f4xx_rcc.o(.text)
    RCC_HSEConfig                            0x080014a5   Thumb Code    12  stm32f4xx_rcc.o(.text)
    RCC_GetFlagStatus                        0x080014b1   Thumb Code    50  stm32f4xx_rcc.o(.text)
    RCC_WaitForHSEStartUp                    0x080014e3   Thumb Code    48  stm32f4xx_rcc.o(.text)
    RCC_AdjustHSICalibrationValue            0x08001513   Thumb Code    16  stm32f4xx_rcc.o(.text)
    RCC_HSICmd                               0x08001523   Thumb Code     6  stm32f4xx_rcc.o(.text)
    RCC_LSEConfig                            0x08001529   Thumb Code    30  stm32f4xx_rcc.o(.text)
    RCC_LSICmd                               0x08001547   Thumb Code     6  stm32f4xx_rcc.o(.text)
    RCC_PLLConfig                            0x0800154d   Thumb Code    34  stm32f4xx_rcc.o(.text)
    RCC_PLLCmd                               0x0800156f   Thumb Code     6  stm32f4xx_rcc.o(.text)
    RCC_PLLI2SConfig                         0x08001575   Thumb Code    14  stm32f4xx_rcc.o(.text)
    RCC_PLLI2SCmd                            0x08001583   Thumb Code     6  stm32f4xx_rcc.o(.text)
    RCC_PLLSAIConfig                         0x08001589   Thumb Code    18  stm32f4xx_rcc.o(.text)
    RCC_PLLSAICmd                            0x0800159b   Thumb Code     6  stm32f4xx_rcc.o(.text)
    RCC_ClockSecuritySystemCmd               0x080015a1   Thumb Code     6  stm32f4xx_rcc.o(.text)
    RCC_MCO1Config                           0x080015a7   Thumb Code    18  stm32f4xx_rcc.o(.text)
    RCC_MCO2Config                           0x080015b9   Thumb Code    18  stm32f4xx_rcc.o(.text)
    RCC_SYSCLKConfig                         0x080015cb   Thumb Code    16  stm32f4xx_rcc.o(.text)
    RCC_GetSYSCLKSource                      0x080015db   Thumb Code    12  stm32f4xx_rcc.o(.text)
    RCC_HCLKConfig                           0x080015e7   Thumb Code    16  stm32f4xx_rcc.o(.text)
    RCC_PCLK1Config                          0x080015f7   Thumb Code    16  stm32f4xx_rcc.o(.text)
    RCC_PCLK2Config                          0x08001607   Thumb Code    18  stm32f4xx_rcc.o(.text)
    RCC_GetClocksFreq                        0x08001619   Thumb Code   150  stm32f4xx_rcc.o(.text)
    RCC_RTCCLKConfig                         0x080016af   Thumb Code    42  stm32f4xx_rcc.o(.text)
    RCC_RTCCLKCmd                            0x080016d9   Thumb Code     8  stm32f4xx_rcc.o(.text)
    RCC_BackupResetCmd                       0x080016e1   Thumb Code     8  stm32f4xx_rcc.o(.text)
    RCC_I2SCLKConfig                         0x080016e9   Thumb Code     6  stm32f4xx_rcc.o(.text)
    RCC_SAIPLLI2SClkDivConfig                0x080016ef   Thumb Code    18  stm32f4xx_rcc.o(.text)
    RCC_SAIPLLSAIClkDivConfig                0x08001701   Thumb Code    20  stm32f4xx_rcc.o(.text)
    RCC_SAIBlockACLKConfig                   0x08001715   Thumb Code    16  stm32f4xx_rcc.o(.text)
    RCC_SAIBlockBCLKConfig                   0x08001725   Thumb Code    16  stm32f4xx_rcc.o(.text)
    RCC_LTDCCLKDivConfig                     0x08001735   Thumb Code    16  stm32f4xx_rcc.o(.text)
    RCC_TIMCLKPresConfig                     0x08001745   Thumb Code     6  stm32f4xx_rcc.o(.text)
    RCC_AHB1PeriphClockCmd                   0x0800174b   Thumb Code    24  stm32f4xx_rcc.o(.text)
    RCC_AHB2PeriphClockCmd                   0x08001763   Thumb Code    24  stm32f4xx_rcc.o(.text)
    RCC_AHB3PeriphClockCmd                   0x0800177b   Thumb Code    24  stm32f4xx_rcc.o(.text)
    RCC_APB1PeriphClockCmd                   0x08001793   Thumb Code    24  stm32f4xx_rcc.o(.text)
    RCC_APB2PeriphClockCmd                   0x080017ab   Thumb Code    24  stm32f4xx_rcc.o(.text)
    RCC_AHB1PeriphResetCmd                   0x080017c3   Thumb Code    24  stm32f4xx_rcc.o(.text)
    RCC_AHB2PeriphResetCmd                   0x080017db   Thumb Code    24  stm32f4xx_rcc.o(.text)
    RCC_AHB3PeriphResetCmd                   0x080017f3   Thumb Code    24  stm32f4xx_rcc.o(.text)
    RCC_APB1PeriphResetCmd                   0x0800180b   Thumb Code    24  stm32f4xx_rcc.o(.text)
    RCC_APB2PeriphResetCmd                   0x08001823   Thumb Code    24  stm32f4xx_rcc.o(.text)
    RCC_AHB1PeriphClockLPModeCmd             0x0800183b   Thumb Code    70  stm32f4xx_rcc.o(.text)
    RCC_AHB2PeriphClockLPModeCmd             0x08001881   Thumb Code    22  stm32f4xx_rcc.o(.text)
    RCC_AHB3PeriphClockLPModeCmd             0x08001897   Thumb Code    24  stm32f4xx_rcc.o(.text)
    RCC_APB1PeriphClockLPModeCmd             0x080018af   Thumb Code    24  stm32f4xx_rcc.o(.text)
    RCC_APB2PeriphClockLPModeCmd             0x080018c7   Thumb Code    24  stm32f4xx_rcc.o(.text)
    RCC_LSEModeConfig                        0x080018df   Thumb Code    28  stm32f4xx_rcc.o(.text)
    RCC_ITConfig                             0x080018fb   Thumb Code    24  stm32f4xx_rcc.o(.text)
    RCC_ClearFlag                            0x08001913   Thumb Code    14  stm32f4xx_rcc.o(.text)
    RCC_GetITStatus                          0x08001921   Thumb Code    18  stm32f4xx_rcc.o(.text)
    RCC_ClearITPendingBit                    0x08001933   Thumb Code     8  stm32f4xx_rcc.o(.text)
    TIM_DeInit                               0x08001941   Thumb Code   376  stm32f4xx_tim.o(.text)
    TIM_TimeBaseInit                         0x08001ab9   Thumb Code    96  stm32f4xx_tim.o(.text)
    TIM_TimeBaseStructInit                   0x08001b19   Thumb Code    18  stm32f4xx_tim.o(.text)
    TIM_PrescalerConfig                      0x08001b2b   Thumb Code     6  stm32f4xx_tim.o(.text)
    TIM_CounterModeConfig                    0x08001b31   Thumb Code    12  stm32f4xx_tim.o(.text)
    TIM_SetCounter                           0x08001b3d   Thumb Code     4  stm32f4xx_tim.o(.text)
    TIM_SetAutoreload                        0x08001b41   Thumb Code     4  stm32f4xx_tim.o(.text)
    TIM_GetCounter                           0x08001b45   Thumb Code     4  stm32f4xx_tim.o(.text)
    TIM_GetPrescaler                         0x08001b49   Thumb Code     4  stm32f4xx_tim.o(.text)
    TIM_UpdateDisableConfig                  0x08001b4d   Thumb Code    24  stm32f4xx_tim.o(.text)
    TIM_UpdateRequestConfig                  0x08001b65   Thumb Code    24  stm32f4xx_tim.o(.text)
    TIM_ARRPreloadConfig                     0x08001b7d   Thumb Code    24  stm32f4xx_tim.o(.text)
    TIM_SelectOnePulseMode                   0x08001b95   Thumb Code    16  stm32f4xx_tim.o(.text)
    TIM_SetClockDivision                     0x08001ba5   Thumb Code    16  stm32f4xx_tim.o(.text)
    TIM_Cmd                                  0x08001bb5   Thumb Code    24  stm32f4xx_tim.o(.text)
    TIM_OC1Init                              0x08001bcd   Thumb Code    96  stm32f4xx_tim.o(.text)
    TIM_OC2Init                              0x08001c2d   Thumb Code   128  stm32f4xx_tim.o(.text)
    TIM_OC3Init                              0x08001cad   Thumb Code   176  stm32f4xx_tim.o(.text)
    TIM_OC4Init                              0x08001d5d   Thumb Code    92  stm32f4xx_tim.o(.text)
    TIM_OCStructInit                         0x08001db9   Thumb Code    20  stm32f4xx_tim.o(.text)
    TIM_SelectOCxM                           0x08001dcd   Thumb Code    80  stm32f4xx_tim.o(.text)
    TIM_SetCompare1                          0x08001e1d   Thumb Code     4  stm32f4xx_tim.o(.text)
    TIM_SetCompare2                          0x08001e21   Thumb Code     4  stm32f4xx_tim.o(.text)
    TIM_SetCompare3                          0x08001e25   Thumb Code     4  stm32f4xx_tim.o(.text)
    TIM_SetCompare4                          0x08001e29   Thumb Code     4  stm32f4xx_tim.o(.text)
    TIM_ForcedOC1Config                      0x08001e2d   Thumb Code    12  stm32f4xx_tim.o(.text)
    TIM_ForcedOC2Config                      0x08001e39   Thumb Code    20  stm32f4xx_tim.o(.text)
    TIM_ForcedOC3Config                      0x08001e4d   Thumb Code    12  stm32f4xx_tim.o(.text)
    TIM_ForcedOC4Config                      0x08001e59   Thumb Code    20  stm32f4xx_tim.o(.text)
    TIM_OC1PreloadConfig                     0x08001e6d   Thumb Code    12  stm32f4xx_tim.o(.text)
    TIM_OC2PreloadConfig                     0x08001e79   Thumb Code    20  stm32f4xx_tim.o(.text)
    TIM_OC3PreloadConfig                     0x08001e8d   Thumb Code    12  stm32f4xx_tim.o(.text)
    TIM_OC4PreloadConfig                     0x08001e99   Thumb Code    20  stm32f4xx_tim.o(.text)
    TIM_OC1FastConfig                        0x08001ead   Thumb Code    12  stm32f4xx_tim.o(.text)
    TIM_OC2FastConfig                        0x08001eb9   Thumb Code    20  stm32f4xx_tim.o(.text)
    TIM_OC3FastConfig                        0x08001ecd   Thumb Code    12  stm32f4xx_tim.o(.text)
    TIM_OC4FastConfig                        0x08001ed9   Thumb Code    20  stm32f4xx_tim.o(.text)
    TIM_ClearOC1Ref                          0x08001eed   Thumb Code    12  stm32f4xx_tim.o(.text)
    TIM_ClearOC2Ref                          0x08001ef9   Thumb Code    20  stm32f4xx_tim.o(.text)
    TIM_ClearOC3Ref                          0x08001f0d   Thumb Code    12  stm32f4xx_tim.o(.text)
    TIM_ClearOC4Ref                          0x08001f19   Thumb Code    20  stm32f4xx_tim.o(.text)
    TIM_OC1PolarityConfig                    0x08001f2d   Thumb Code    12  stm32f4xx_tim.o(.text)
    TIM_OC1NPolarityConfig                   0x08001f39   Thumb Code    12  stm32f4xx_tim.o(.text)
    TIM_OC2PolarityConfig                    0x08001f45   Thumb Code    20  stm32f4xx_tim.o(.text)
    TIM_OC2NPolarityConfig                   0x08001f59   Thumb Code    20  stm32f4xx_tim.o(.text)
    TIM_OC3PolarityConfig                    0x08001f6d   Thumb Code    20  stm32f4xx_tim.o(.text)
    TIM_OC3NPolarityConfig                   0x08001f81   Thumb Code    20  stm32f4xx_tim.o(.text)
    TIM_OC4PolarityConfig                    0x08001f95   Thumb Code    20  stm32f4xx_tim.o(.text)
    TIM_CCxCmd                               0x08001fa9   Thumb Code    22  stm32f4xx_tim.o(.text)
    TIM_CCxNCmd                              0x08001fbf   Thumb Code    22  stm32f4xx_tim.o(.text)
    TIM_SetIC4Prescaler                      0x08001fd5   Thumb Code    24  stm32f4xx_tim.o(.text)
    TIM_SetIC3Prescaler                      0x08002023   Thumb Code    16  stm32f4xx_tim.o(.text)
    TIM_SetIC2Prescaler                      0x08002065   Thumb Code    24  stm32f4xx_tim.o(.text)
    TIM_SetIC1Prescaler                      0x080020b3   Thumb Code    16  stm32f4xx_tim.o(.text)
    TIM_ICInit                               0x080020f1   Thumb Code    90  stm32f4xx_tim.o(.text)
    TIM_ICStructInit                         0x0800214b   Thumb Code    16  stm32f4xx_tim.o(.text)
    TIM_PWMIConfig                           0x0800215b   Thumb Code   116  stm32f4xx_tim.o(.text)
    TIM_GetCapture1                          0x080021cf   Thumb Code     4  stm32f4xx_tim.o(.text)
    TIM_GetCapture2                          0x080021d3   Thumb Code     4  stm32f4xx_tim.o(.text)
    TIM_GetCapture3                          0x080021d7   Thumb Code     4  stm32f4xx_tim.o(.text)
    TIM_GetCapture4                          0x080021db   Thumb Code     4  stm32f4xx_tim.o(.text)
    TIM_BDTRConfig                           0x080021df   Thumb Code    34  stm32f4xx_tim.o(.text)
    TIM_BDTRStructInit                       0x08002201   Thumb Code    18  stm32f4xx_tim.o(.text)
    TIM_CtrlPWMOutputs                       0x08002213   Thumb Code    28  stm32f4xx_tim.o(.text)
    TIM_SelectCOM                            0x0800222f   Thumb Code    24  stm32f4xx_tim.o(.text)
    TIM_CCPreloadControl                     0x08002247   Thumb Code    24  stm32f4xx_tim.o(.text)
    TIM_ITConfig                             0x0800225f   Thumb Code    20  stm32f4xx_tim.o(.text)
    TIM_GenerateEvent                        0x08002273   Thumb Code     4  stm32f4xx_tim.o(.text)
    TIM_GetFlagStatus                        0x08002277   Thumb Code    14  stm32f4xx_tim.o(.text)
    TIM_ClearFlag                            0x08002285   Thumb Code     6  stm32f4xx_tim.o(.text)
    TIM_GetITStatus                          0x0800228b   Thumb Code    24  stm32f4xx_tim.o(.text)
    TIM_ClearITPendingBit                    0x080022a3   Thumb Code     6  stm32f4xx_tim.o(.text)
    TIM_DMAConfig                            0x080022a9   Thumb Code     8  stm32f4xx_tim.o(.text)
    TIM_DMACmd                               0x080022b1   Thumb Code    20  stm32f4xx_tim.o(.text)
    TIM_SelectCCDMA                          0x080022c5   Thumb Code    24  stm32f4xx_tim.o(.text)
    TIM_InternalClockConfig                  0x080022dd   Thumb Code    10  stm32f4xx_tim.o(.text)
    TIM_SelectInputTrigger                   0x080022e7   Thumb Code    12  stm32f4xx_tim.o(.text)
    TIM_ITRxExternalClockConfig              0x080022f3   Thumb Code    20  stm32f4xx_tim.o(.text)
    TIM_TIxExternalClockConfig               0x08002307   Thumb Code    48  stm32f4xx_tim.o(.text)
    TIM_ETRConfig                            0x08002337   Thumb Code    24  stm32f4xx_tim.o(.text)
    TIM_ETRClockMode1Config                  0x0800234f   Thumb Code    32  stm32f4xx_tim.o(.text)
    TIM_ETRClockMode2Config                  0x0800236f   Thumb Code    20  stm32f4xx_tim.o(.text)
    TIM_SelectOutputTrigger                  0x08002383   Thumb Code    16  stm32f4xx_tim.o(.text)
    TIM_SelectSlaveMode                      0x08002393   Thumb Code    16  stm32f4xx_tim.o(.text)
    TIM_SelectMasterSlaveMode                0x080023a3   Thumb Code    16  stm32f4xx_tim.o(.text)
    TIM_EncoderInterfaceConfig               0x080023b3   Thumb Code    50  stm32f4xx_tim.o(.text)
    TIM_SelectHallSensor                     0x080023e5   Thumb Code    24  stm32f4xx_tim.o(.text)
    TIM_RemapConfig                          0x080023fd   Thumb Code     6  stm32f4xx_tim.o(.text)
    USART_DeInit                             0x08002405   Thumb Code   224  stm32f4xx_usart.o(.text)
    USART_Init                               0x080024e5   Thumb Code   180  stm32f4xx_usart.o(.text)
    USART_StructInit                         0x08002599   Thumb Code    22  stm32f4xx_usart.o(.text)
    USART_ClockInit                          0x080025af   Thumb Code    28  stm32f4xx_usart.o(.text)
    USART_ClockStructInit                    0x080025cb   Thumb Code    12  stm32f4xx_usart.o(.text)
    USART_Cmd                                0x080025d7   Thumb Code    24  stm32f4xx_usart.o(.text)
    USART_SetPrescaler                       0x080025ef   Thumb Code    16  stm32f4xx_usart.o(.text)
    USART_OverSampling8Cmd                   0x080025ff   Thumb Code    24  stm32f4xx_usart.o(.text)
    USART_OneBitMethodCmd                    0x08002617   Thumb Code    24  stm32f4xx_usart.o(.text)
    USART_SendData                           0x0800262f   Thumb Code     8  stm32f4xx_usart.o(.text)
    USART_ReceiveData                        0x08002637   Thumb Code     8  stm32f4xx_usart.o(.text)
    USART_SetAddress                         0x0800263f   Thumb Code    16  stm32f4xx_usart.o(.text)
    USART_ReceiverWakeUpCmd                  0x0800264f   Thumb Code    24  stm32f4xx_usart.o(.text)
    USART_WakeUpConfig                       0x08002667   Thumb Code    16  stm32f4xx_usart.o(.text)
    USART_LINBreakDetectLengthConfig         0x08002677   Thumb Code    16  stm32f4xx_usart.o(.text)
    USART_LINCmd                             0x08002687   Thumb Code    24  stm32f4xx_usart.o(.text)
    USART_SendBreak                          0x0800269f   Thumb Code    10  stm32f4xx_usart.o(.text)
    USART_HalfDuplexCmd                      0x080026a9   Thumb Code    24  stm32f4xx_usart.o(.text)
    USART_SetGuardTime                       0x080026c1   Thumb Code    16  stm32f4xx_usart.o(.text)
    USART_SmartCardCmd                       0x080026d1   Thumb Code    24  stm32f4xx_usart.o(.text)
    USART_SmartCardNACKCmd                   0x080026e9   Thumb Code    24  stm32f4xx_usart.o(.text)
    USART_IrDAConfig                         0x08002701   Thumb Code    16  stm32f4xx_usart.o(.text)
    USART_IrDACmd                            0x08002711   Thumb Code    24  stm32f4xx_usart.o(.text)
    USART_DMACmd                             0x08002729   Thumb Code    20  stm32f4xx_usart.o(.text)
    USART_ITConfig                           0x0800273d   Thumb Code    54  stm32f4xx_usart.o(.text)
    USART_GetFlagStatus                      0x08002773   Thumb Code    14  stm32f4xx_usart.o(.text)
    USART_ClearFlag                          0x08002781   Thumb Code     8  stm32f4xx_usart.o(.text)
    USART_GetITStatus                        0x08002789   Thumb Code    64  stm32f4xx_usart.o(.text)
    USART_ClearITPendingBit                  0x080027c9   Thumb Code    16  stm32f4xx_usart.o(.text)
    mymemcpy                                 0x080027f9   Thumb Code    18  malloc.o(.text)
    mymemset                                 0x0800280b   Thumb Code    14  malloc.o(.text)
    mem_init                                 0x08002819   Thumb Code    52  malloc.o(.text)
    mem_perused                              0x0800284d   Thumb Code    48  malloc.o(.text)
    mem_malloc                               0x0800287d   Thumb Code   150  malloc.o(.text)
    mem_free                                 0x08002913   Thumb Code    84  malloc.o(.text)
    myfree                                   0x08002967   Thumb Code    18  malloc.o(.text)
    mymalloc                                 0x08002979   Thumb Code    30  malloc.o(.text)
    myrealloc                                0x08002997   Thumb Code    60  malloc.o(.text)
    vListInitialise                          0x080029dd   Thumb Code    22  list.o(.text)
    vListInitialiseItem                      0x080029f3   Thumb Code     6  list.o(.text)
    vListInsertEnd                           0x080029f9   Thumb Code    24  list.o(.text)
    vListInsert                              0x08002a11   Thumb Code    48  list.o(.text)
    uxListRemove                             0x08002a41   Thumb Code    36  list.o(.text)
    xQueueGenericReset                       0x08002a65   Thumb Code   130  queue.o(.text)
    xQueueGenericCreate                      0x08002b0d   Thumb Code    64  queue.o(.text)
    xQueueGenericSend                        0x08002cc5   Thumb Code   358  queue.o(.text)
    xQueueCreateMutex                        0x08002e6b   Thumb Code    24  queue.o(.text)
    xQueueGiveMutexRecursive                 0x08002e83   Thumb Code    62  queue.o(.text)
    xQueueGenericReceive                     0x08002f03   Thumb Code   386  queue.o(.text)
    xQueueTakeMutexRecursive                 0x08003085   Thumb Code    70  queue.o(.text)
    xQueueCreateCountingSemaphore            0x080030cb   Thumb Code    64  queue.o(.text)
    xQueueGenericSendFromISR                 0x0800310b   Thumb Code   210  queue.o(.text)
    xQueueGiveFromISR                        0x080031dd   Thumb Code   184  queue.o(.text)
    xQueueReceiveFromISR                     0x08003295   Thumb Code   152  queue.o(.text)
    xQueuePeekFromISR                        0x0800332d   Thumb Code   120  queue.o(.text)
    uxQueueMessagesWaiting                   0x080033a5   Thumb Code    38  queue.o(.text)
    uxQueueSpacesAvailable                   0x080033cb   Thumb Code    42  queue.o(.text)
    uxQueueMessagesWaitingFromISR            0x080033f5   Thumb Code    28  queue.o(.text)
    vQueueUnregisterQueue                    0x08003411   Thumb Code    36  queue.o(.text)
    vQueueDelete                             0x08003435   Thumb Code    40  queue.o(.text)
    uxQueueGetQueueNumber                    0x0800345d   Thumb Code     4  queue.o(.text)
    vQueueSetQueueNumber                     0x08003461   Thumb Code     4  queue.o(.text)
    ucQueueGetQueueType                      0x08003465   Thumb Code     6  queue.o(.text)
    xQueueIsQueueEmptyFromISR                0x0800346b   Thumb Code    36  queue.o(.text)
    xQueueIsQueueFullFromISR                 0x0800348f   Thumb Code    40  queue.o(.text)
    vQueueAddToRegistry                      0x080034b7   Thumb Code    32  queue.o(.text)
    pcQueueGetName                           0x080034d7   Thumb Code    34  queue.o(.text)
    vQueueWaitForMessageRestricted           0x080034f9   Thumb Code    70  queue.o(.text)
    xQueueCreateSet                          0x0800353f   Thumb Code     8  queue.o(.text)
    xQueueAddToSet                           0x08003547   Thumb Code    38  queue.o(.text)
    xQueueRemoveFromSet                      0x0800356d   Thumb Code    38  queue.o(.text)
    xQueueSelectFromSet                      0x08003593   Thumb Code    18  queue.o(.text)
    xQueueSelectFromSetFromISR               0x080035a5   Thumb Code    18  queue.o(.text)
    xTaskCreate                              0x0800371f   Thumb Code    96  tasks.o(.text)
    vTaskDelete                              0x080037b1   Thumb Code   154  tasks.o(.text)
    xTaskIncrementTick                       0x0800384b   Thumb Code   192  tasks.o(.text)
    xTaskResumeAll                           0x0800390b   Thumb Code   242  tasks.o(.text)
    vTaskSuspendAll                          0x08003a63   Thumb Code    10  tasks.o(.text)
    vTaskDelayUntil                          0x08003a6d   Thumb Code   144  tasks.o(.text)
    vTaskDelay                               0x08003afd   Thumb Code    70  tasks.o(.text)
    eTaskGetState                            0x08003b43   Thumb Code    98  tasks.o(.text)
    uxTaskPriorityGet                        0x08003ba5   Thumb Code    24  tasks.o(.text)
    uxTaskPriorityGetFromISR                 0x08003bbd   Thumb Code    40  tasks.o(.text)
    vTaskPrioritySet                         0x08003be5   Thumb Code   192  tasks.o(.text)
    vTaskSwitchContext                       0x08003ca5   Thumb Code    88  tasks.o(.text)
    vTaskSuspend                             0x08003cfd   Thumb Code   156  tasks.o(.text)
    vTaskResume                              0x08003dcb   Thumb Code   138  tasks.o(.text)
    xTaskResumeFromISR                       0x08003e55   Thumb Code   130  tasks.o(.text)
    vTaskStartScheduler                      0x08003f41   Thumb Code   104  tasks.o(.text)
    vTaskEndScheduler                        0x08003fa9   Thumb Code    24  tasks.o(.text)
    xTaskGetTickCount                        0x08003fc1   Thumb Code     6  tasks.o(.text)
    xTaskGetTickCountFromISR                 0x08003fc7   Thumb Code    12  tasks.o(.text)
    uxTaskGetNumberOfTasks                   0x08003fd3   Thumb Code     6  tasks.o(.text)
    pcTaskGetName                            0x08003fd9   Thumb Code    40  tasks.o(.text)
    vTaskGetInfo                             0x08004015   Thumb Code   120  tasks.o(.text)
    uxTaskGetSystemState                     0x080040e7   Thumb Code   158  tasks.o(.text)
    vTaskPlaceOnEventList                    0x08004185   Thumb Code    48  tasks.o(.text)
    vTaskPlaceOnUnorderedEventList           0x080041b5   Thumb Code   112  tasks.o(.text)
    vTaskPlaceOnEventListRestricted          0x08004225   Thumb Code    58  tasks.o(.text)
    xTaskRemoveFromEventList                 0x0800425f   Thumb Code   110  tasks.o(.text)
    xTaskRemoveFromUnorderedEventList        0x080042cd   Thumb Code   118  tasks.o(.text)
    vTaskSetTimeOutState                     0x08004343   Thumb Code    36  tasks.o(.text)
    xTaskCheckForTimeOut                     0x08004367   Thumb Code   112  tasks.o(.text)
    vTaskMissedYield                         0x080043d7   Thumb Code     8  tasks.o(.text)
    uxTaskGetTaskNumber                      0x080043df   Thumb Code    12  tasks.o(.text)
    vTaskSetTaskNumber                       0x080043eb   Thumb Code     8  tasks.o(.text)
    xTaskGetCurrentTaskHandle                0x080043f3   Thumb Code     6  tasks.o(.text)
    xTaskGetSchedulerState                   0x080043f9   Thumb Code    24  tasks.o(.text)
    vTaskPriorityInherit                     0x08004411   Thumb Code   126  tasks.o(.text)
    xTaskPriorityDisinherit                  0x0800448f   Thumb Code   144  tasks.o(.text)
    vTaskList                                0x08004543   Thumb Code   168  tasks.o(.text)
    uxTaskResetEventItemValue                0x080045eb   Thumb Code    20  tasks.o(.text)
    pvTaskIncrementMutexHeldCount            0x080045ff   Thumb Code    20  tasks.o(.text)
    ulTaskNotifyTake                         0x08004613   Thumb Code   126  tasks.o(.text)
    xTaskNotifyWait                          0x08004691   Thumb Code   132  tasks.o(.text)
    xTaskGenericNotify                       0x08004715   Thumb Code   194  tasks.o(.text)
    xTaskGenericNotifyFromISR                0x080047d7   Thumb Code   242  tasks.o(.text)
    vTaskNotifyGiveFromISR                   0x080048c9   Thumb Code   174  tasks.o(.text)
    xTaskNotifyStateClear                    0x08004977   Thumb Code    46  tasks.o(.text)
    xTimerGenericCommand                     0x080049f1   Thumb Code   112  timers.o(.text)
    xTimerCreateTimerTask                    0x08004cd7   Thumb Code    58  timers.o(.text)
    xTimerCreate                             0x08004d53   Thumb Code    46  timers.o(.text)
    xTimerGetTimerDaemonTaskHandle           0x08004d81   Thumb Code   100  timers.o(.text)
    xTimerGetPeriod                          0x08004de5   Thumb Code    28  timers.o(.text)
    xTimerGetExpiryTime                      0x08004e01   Thumb Code    28  timers.o(.text)
    pcTimerGetName                           0x08004e1d   Thumb Code    28  timers.o(.text)
    xTimerIsTimerActive                      0x08004e39   Thumb Code    46  timers.o(.text)
    pvTimerGetTimerID                        0x08004e67   Thumb Code    38  timers.o(.text)
    vTimerSetTimerID                         0x08004e8d   Thumb Code    40  timers.o(.text)
    xTimerPendFunctionCallFromISR            0x08004eb5   Thumb Code    34  timers.o(.text)
    xTimerPendFunctionCall                   0x08004ed7   Thumb Code    66  timers.o(.text)
    pxPortInitialiseStack                    0x08004f41   Thumb Code    30  port.o(.text)
    vPortSetupTimerInterrupt                 0x08004f5f   Thumb Code    26  port.o(.text)
    xPortStartScheduler                      0x08004f79   Thumb Code   192  port.o(.text)
    vPortEndScheduler                        0x08005039   Thumb Code    24  port.o(.text)
    vPortEnterCritical                       0x08005051   Thumb Code    52  port.o(.text)
    vPortExitCritical                        0x08005085   Thumb Code    38  port.o(.text)
    xPortSysTickHandler                      0x080050ab   Thumb Code    40  port.o(.text)
    vPortValidateInterruptPriority           0x080050d3   Thumb Code    72  port.o(.text)
    pvPortMalloc                             0x08005207   Thumb Code   206  heap_4.o(.text)
    vPortFree                                0x080052d5   Thumb Code    96  heap_4.o(.text)
    xPortGetFreeHeapSize                     0x08005335   Thumb Code     8  heap_4.o(.text)
    xPortGetMinimumEverFreeHeapSize          0x0800533d   Thumb Code     8  heap_4.o(.text)
    vPortInitialiseBlocks                    0x08005345   Thumb Code     2  heap_4.o(.text)
    __aeabi_memcpy                           0x08005389   Thumb Code    36  memcpya.o(.text)
    __aeabi_memcpy4                          0x08005389   Thumb Code     0  memcpya.o(.text)
    __aeabi_memcpy8                          0x08005389   Thumb Code     0  memcpya.o(.text)
    __aeabi_memset                           0x080053ad   Thumb Code    14  memseta.o(.text)
    __aeabi_memset4                          0x080053ad   Thumb Code     0  memseta.o(.text)
    __aeabi_memset8                          0x080053ad   Thumb Code     0  memseta.o(.text)
    __aeabi_memclr                           0x080053bb   Thumb Code     4  memseta.o(.text)
    __aeabi_memclr4                          0x080053bb   Thumb Code     0  memseta.o(.text)
    __aeabi_memclr8                          0x080053bb   Thumb Code     0  memseta.o(.text)
    _memset$wrapper                          0x080053bf   Thumb Code    18  memseta.o(.text)
    strlen                                   0x080053d1   Thumb Code    14  strlen.o(.text)
    strcpy                                   0x080053df   Thumb Code    18  strcpy.o(.text)
    __aeabi_uidiv                            0x080053f1   Thumb Code     0  uidiv.o(.text)
    __aeabi_uidivmod                         0x080053f1   Thumb Code    44  uidiv.o(.text)
    __aeabi_uldivmod                         0x0800541d   Thumb Code    98  uldiv.o(.text)
    __I$use$fp                               0x0800547f   Thumb Code     0  iusefp.o(.text)
    __aeabi_dadd                             0x0800547f   Thumb Code   322  dadd.o(.text)
    __aeabi_dsub                             0x080055c1   Thumb Code     6  dadd.o(.text)
    __aeabi_drsub                            0x080055c7   Thumb Code     6  dadd.o(.text)
    __aeabi_dmul                             0x080055cd   Thumb Code   228  dmul.o(.text)
    __aeabi_ddiv                             0x080056b1   Thumb Code   222  ddiv.o(.text)
    __aeabi_d2ulz                            0x0800578f   Thumb Code    48  dfixul.o(.text)
    __aeabi_cdrcmple                         0x080057c1   Thumb Code    48  cdrcmple.o(.text)
    __scatterload                            0x080057f1   Thumb Code    28  init.o(.text)
    __scatterload_rt2                        0x080057f1   Thumb Code     0  init.o(.text)
    __aeabi_llsl                             0x08005815   Thumb Code    30  llshl.o(.text)
    _ll_shift_l                              0x08005815   Thumb Code     0  llshl.o(.text)
    __aeabi_llsr                             0x08005833   Thumb Code    32  llushr.o(.text)
    _ll_ushift_r                             0x08005833   Thumb Code     0  llushr.o(.text)
    __aeabi_lasr                             0x08005853   Thumb Code    36  llsshr.o(.text)
    _ll_sshift_r                             0x08005853   Thumb Code     0  llsshr.o(.text)
    _double_round                            0x08005877   Thumb Code    30  depilogue.o(.text)
    _double_epilogue                         0x08005895   Thumb Code   156  depilogue.o(.text)
    __0printf$3                              0x08005931   Thumb Code    22  printf3.o(i.__0printf$3)
    __1printf$3                              0x08005931   Thumb Code     0  printf3.o(i.__0printf$3)
    __2printf                                0x08005931   Thumb Code     0  printf3.o(i.__0printf$3)
    __0sprintf$3                             0x08005951   Thumb Code    34  printf3.o(i.__0sprintf$3)
    __1sprintf$3                             0x08005951   Thumb Code     0  printf3.o(i.__0sprintf$3)
    __2sprintf                               0x08005951   Thumb Code     0  printf3.o(i.__0sprintf$3)
    __0vsnprintf                             0x08005979   Thumb Code    46  printfa.o(i.__0vsnprintf)
    __1vsnprintf                             0x08005979   Thumb Code     0  printfa.o(i.__0vsnprintf)
    __2vsnprintf                             0x08005979   Thumb Code     0  printfa.o(i.__0vsnprintf)
    __c89vsnprintf                           0x08005979   Thumb Code     0  printfa.o(i.__0vsnprintf)
    vsnprintf                                0x08005979   Thumb Code     0  printfa.o(i.__0vsnprintf)
    __scatterload_copy                       0x080059ad   Thumb Code    14  handlers.o(i.__scatterload_copy)
    __scatterload_null                       0x080059bb   Thumb Code     2  handlers.o(i.__scatterload_null)
    __scatterload_zeroinit                   0x080059bd   Thumb Code    14  handlers.o(i.__scatterload_zeroinit)
    FSMC_DefaultTimingStruct                 0x08006430   Data          28  stm32f4xx_fsmc.o(.constdata)
    memtblsize                               0x0800644c   Data          12  malloc.o(.constdata)
    memblksize                               0x08006458   Data          12  malloc.o(.constdata)
    memsize                                  0x08006464   Data          12  malloc.o(.constdata)
    Region$$Table$$Base                      0x08006470   Number         0  anon$$obj.o(Region$$Table)
    Region$$Table$$Limit                     0x08006490   Number         0  anon$$obj.o(Region$$Table)
    mem3base                                 0x10000000   Data       61440  malloc.o(.ARM.__AT_0x10000000)
    mem3mapbase                              0x1000f000   Data        3840  malloc.o(.ARM.__AT_0x1000F000)
    StartTask_Handler                        0x20000000   Data           4  main.o(.data)
    Led0Task_Handler                         0x20000004   Data           4  main.o(.data)
    SystemCoreClock                          0x20000008   Data           4  system_stm32f4xx.o(.data)
    AHBPrescTable                            0x2000000c   Data          16  system_stm32f4xx.o(.data)
    FreeRTOSRunTimeTicks                     0x20000020   Data           8  timer.o(.data)
    AD_Value                                 0x20000028   Data           8  sensor.o(.data)
    terminal_flag                            0x20000030   Data           1  train.o(.data)
    block_flag                               0x20000031   Data           1  train.o(.data)
    L                                        0x20000034   Data           4  train.o(.data)
    direct                                   0x20000038   Data          32  train.o(.data)
    USART_RX_STA                             0x2000005c   Data           2  usart.o(.data)
    __stdout                                 0x20000060   Data           4  usart.o(.data)
    mallco_dev                               0x20000074   Data          36  malloc.o(.data)
    pxCurrentTCB                             0x20000098   Data           4  tasks.o(.data)
    USART_RX_BUF                             0x2000010c   Data         200  usart.o(.bss)
    mem1base                                 0x200001d4   Data       81920  malloc.o(.bss)
    mem1mapbase                              0x200141d4   Data        5120  malloc.o(.bss)
    xQueueRegistry                           0x200155d4   Data          64  queue.o(.bss)
    __initial_sp                             0x2001ad20   Data           0  startup_stm32f40_41xxx.o(STACK)
    mem2base                                 0x68000000   Data       819200  malloc.o(.ARM.__AT_0x68000000)
    mem2mapbase                              0x680c8000   Data       51200  malloc.o(.ARM.__AT_0x680C8000)



==============================================================================

Memory Map of the image

  Image Entry point : 0x08000189

  Load Region LR_IROM1 (Base: 0x08000000, Size: 0x0000659c, Max: 0x00100000, ABSOLUTE)

    Execution Region ER_IROM1 (Exec base: 0x08000000, Load base: 0x08000000, Size: 0x00006490, Max: 0x00100000, ABSOLUTE)

    Exec Addr    Load Addr    Size         Type   Attr      Idx    E Section Name        Object

    0x08000000   0x08000000   0x00000188   Data   RO          591    RESET               startup_stm32f40_41xxx.o
    0x08000188   0x08000188   0x00000000   Code   RO         1111  * .ARM.Collect$$$$00000000  mc_w.l(entry.o)
    0x08000188   0x08000188   0x00000004   Code   RO         1413    .ARM.Collect$$$$00000001  mc_w.l(entry2.o)
    0x0800018c   0x0800018c   0x00000004   Code   RO         1416    .ARM.Collect$$$$00000004  mc_w.l(entry5.o)
    0x08000190   0x08000190   0x00000000   Code   RO         1418    .ARM.Collect$$$$00000008  mc_w.l(entry7b.o)
    0x08000190   0x08000190   0x00000000   Code   RO         1420    .ARM.Collect$$$$0000000A  mc_w.l(entry8b.o)
    0x08000190   0x08000190   0x00000008   Code   RO         1421    .ARM.Collect$$$$0000000B  mc_w.l(entry9a.o)
    0x08000198   0x08000198   0x00000004   Code   RO         1428    .ARM.Collect$$$$0000000E  mc_w.l(entry12b.o)
    0x0800019c   0x0800019c   0x00000000   Code   RO         1423    .ARM.Collect$$$$0000000F  mc_w.l(entry10a.o)
    0x0800019c   0x0800019c   0x00000000   Code   RO         1425    .ARM.Collect$$$$00000011  mc_w.l(entry11a.o)
    0x0800019c   0x0800019c   0x00000004   Code   RO         1414    .ARM.Collect$$$$00002712  mc_w.l(entry2.o)
    0x080001a0   0x080001a0   0x000000b6   Code   RO         1052    .emb_text           port.o
    0x08000256   0x08000256   0x00000002   PAD
    0x08000258   0x08000258   0x00000110   Code   RO            3    .text               main.o
    0x08000368   0x08000368   0x0000000c   Code   RO          209    .text               stm32f4xx_it.o
    0x08000374   0x08000374   0x00000190   Code   RO          258    .text               system_stm32f4xx.o
    0x08000504   0x08000504   0x00000040   Code   RO          284    .text               led.o
    0x08000544   0x08000544   0x000000e0   Code   RO          325    .text               timer.o
    0x08000624   0x08000624   0x000002a8   Code   RO          352    .text               sram.o
    0x080008cc   0x080008cc   0x000000c8   Code   RO          497    .text               delay.o
    0x08000994   0x08000994   0x00000308   Code   RO          547    .text               usart.o
    0x08000c9c   0x08000c9c   0x00000024   Code   RO          592    .text               startup_stm32f40_41xxx.o
    0x08000cc0   0x08000cc0   0x000000bc   Code   RO          598    .text               misc.o
    0x08000d7c   0x08000d7c   0x00000480   Code   RO          618    .text               stm32f4xx_fsmc.o
    0x080011fc   0x080011fc   0x00000264   Code   RO          641    .text               stm32f4xx_gpio.o
    0x08001460   0x08001460   0x000004e0   Code   RO          661    .text               stm32f4xx_rcc.o
    0x08001940   0x08001940   0x00000ac2   Code   RO          703    .text               stm32f4xx_tim.o
    0x08002402   0x08002402   0x00000002   PAD
    0x08002404   0x08002404   0x000003f4   Code   RO          723    .text               stm32f4xx_usart.o
    0x080027f8   0x080027f8   0x000001e4   Code   RO          843    .text               malloc.o
    0x080029dc   0x080029dc   0x00000088   Code   RO          944    .text               list.o
    0x08002a64   0x08002a64   0x00000b5c   Code   RO          964    .text               queue.o
    0x080035c0   0x080035c0   0x000013f4   Code   RO          990    .text               tasks.o
    0x080049b4   0x080049b4   0x00000568   Code   RO         1029    .text               timers.o
    0x08004f1c   0x08004f1c   0x00000258   Code   RO         1053    .text               port.o
    0x08005174   0x08005174   0x00000214   Code   RO         1090    .text               heap_4.o
    0x08005388   0x08005388   0x00000024   Code   RO         1114    .text               mc_w.l(memcpya.o)
    0x080053ac   0x080053ac   0x00000024   Code   RO         1116    .text               mc_w.l(memseta.o)
    0x080053d0   0x080053d0   0x0000000e   Code   RO         1118    .text               mc_w.l(strlen.o)
    0x080053de   0x080053de   0x00000012   Code   RO         1120    .text               mc_w.l(strcpy.o)
    0x080053f0   0x080053f0   0x0000002c   Code   RO         1429    .text               mc_w.l(uidiv.o)
    0x0800541c   0x0800541c   0x00000062   Code   RO         1431    .text               mc_w.l(uldiv.o)
    0x0800547e   0x0800547e   0x00000000   Code   RO         1435    .text               mc_w.l(iusefp.o)
    0x0800547e   0x0800547e   0x0000014e   Code   RO         1436    .text               mf_w.l(dadd.o)
    0x080055cc   0x080055cc   0x000000e4   Code   RO         1438    .text               mf_w.l(dmul.o)
    0x080056b0   0x080056b0   0x000000de   Code   RO         1440    .text               mf_w.l(ddiv.o)
    0x0800578e   0x0800578e   0x00000030   Code   RO         1442    .text               mf_w.l(dfixul.o)
    0x080057be   0x080057be   0x00000002   PAD
    0x080057c0   0x080057c0   0x00000030   Code   RO         1444    .text               mf_w.l(cdrcmple.o)
    0x080057f0   0x080057f0   0x00000024   Code   RO         1446    .text               mc_w.l(init.o)
    0x08005814   0x08005814   0x0000001e   Code   RO         1448    .text               mc_w.l(llshl.o)
    0x08005832   0x08005832   0x00000020   Code   RO         1450    .text               mc_w.l(llushr.o)
    0x08005852   0x08005852   0x00000024   Code   RO         1452    .text               mc_w.l(llsshr.o)
    0x08005876   0x08005876   0x000000ba   Code   RO         1454    .text               mf_w.l(depilogue.o)
    0x08005930   0x08005930   0x00000020   Code   RO         1213    i.__0printf$3       mc_w.l(printf3.o)
    0x08005950   0x08005950   0x00000028   Code   RO         1215    i.__0sprintf$3      mc_w.l(printf3.o)
    0x08005978   0x08005978   0x00000034   Code   RO         1362    i.__0vsnprintf      mc_w.l(printfa.o)
    0x080059ac   0x080059ac   0x0000000e   Code   RO         1458    i.__scatterload_copy  mc_w.l(handlers.o)
    0x080059ba   0x080059ba   0x00000002   Code   RO         1459    i.__scatterload_null  mc_w.l(handlers.o)
    0x080059bc   0x080059bc   0x0000000e   Code   RO         1460    i.__scatterload_zeroinit  mc_w.l(handlers.o)
    0x080059ca   0x080059ca   0x00000002   PAD
    0x080059cc   0x080059cc   0x00000184   Code   RO         1364    i._fp_digits        mc_w.l(printfa.o)
    0x08005b50   0x08005b50   0x000001b8   Code   RO         1220    i._printf_core      mc_w.l(printf3.o)
    0x08005d08   0x08005d08   0x000006b4   Code   RO         1365    i._printf_core      mc_w.l(printfa.o)
    0x080063bc   0x080063bc   0x00000024   Code   RO         1366    i._printf_post_padding  mc_w.l(printfa.o)
    0x080063e0   0x080063e0   0x0000002e   Code   RO         1367    i._printf_pre_padding  mc_w.l(printfa.o)
    0x0800640e   0x0800640e   0x00000016   Code   RO         1368    i._snputc           mc_w.l(printfa.o)
    0x08006424   0x08006424   0x0000000a   Code   RO         1222    i._sputc            mc_w.l(printf3.o)
    0x0800642e   0x0800642e   0x00000002   PAD
    0x08006430   0x08006430   0x0000001c   Data   RO          619    .constdata          stm32f4xx_fsmc.o
    0x0800644c   0x0800644c   0x00000024   Data   RO          850    .constdata          malloc.o
    0x08006470   0x08006470   0x00000020   Data   RO         1456    Region$$Table       anon$$obj.o


    Execution Region RW_IRAM1 (Exec base: 0x20000000, Load base: 0x08006490, Size: 0x0001ad20, Max: 0x00020000, ABSOLUTE)

    Exec Addr    Load Addr    Size         Type   Attr      Idx    E Section Name        Object

    0x20000000   0x08006490   0x00000008   Data   RW            4    .data               main.o
    0x20000008   0x08006498   0x00000014   Data   RW          259    .data               system_stm32f4xx.o
    0x2000001c   0x080064ac   0x00000004   PAD
    0x20000020   0x080064b0   0x00000008   Data   RW          326    .data               timer.o
    0x20000028   0x080064b8   0x00000008   Data   RW          393    .data               sensor.o
    0x20000030   0x080064c0   0x00000028   Data   RW          442    .data               train.o
    0x20000058   0x080064e8   0x00000004   Data   RW          498    .data               delay.o
    0x2000005c   0x080064ec   0x00000002   Data   RW          549    .data               usart.o
    0x2000005e   0x080064ee   0x00000002   PAD
    0x20000060   0x080064f0   0x00000004   Data   RW          550    .data               usart.o
    0x20000064   0x080064f4   0x00000010   Data   RW          662    .data               stm32f4xx_rcc.o
    0x20000074   0x08006504   0x00000024   Data   RW          851    .data               malloc.o
    0x20000098   0x08006528   0x0000003c   Data   RW          992    .data               tasks.o
    0x200000d4   0x08006564   0x00000014   Data   RW         1031    .data               timers.o
    0x200000e8   0x08006578   0x0000000c   Data   RW         1054    .data               port.o
    0x200000f4   0x08006584   0x00000018   Data   RW         1092    .data               heap_4.o
    0x2000010c        -       0x000000c8   Zero   RW          548    .bss                usart.o
    0x200001d4        -       0x00014000   Zero   RW          848    .bss                malloc.o
    0x200141d4        -       0x00001400   Zero   RW          849    .bss                malloc.o
    0x200155d4        -       0x00000040   Zero   RW          965    .bss                queue.o
    0x20015614        -       0x000002e4   Zero   RW          991    .bss                tasks.o
    0x200158f8        -       0x00000028   Zero   RW         1030    .bss                timers.o
    0x20015920        -       0x00005000   Zero   RW         1091    .bss                heap_4.o
    0x2001a920        -       0x00000400   Zero   RW          589    STACK               startup_stm32f40_41xxx.o



  Load Region LR$$.ARM.__AT_0x10000000 (Base: 0x10000000, Size: 0x00000000, Max: 0x0000f000, ABSOLUTE)

    Execution Region ER$$.ARM.__AT_0x10000000 (Exec base: 0x10000000, Load base: 0x10000000, Size: 0x0000f000, Max: 0x0000f000, ABSOLUTE, UNINIT)

    Exec Addr    Load Addr    Size         Type   Attr      Idx    E Section Name        Object

    0x10000000        -       0x0000f000   Zero   RW          844    .ARM.__AT_0x10000000  malloc.o



  Load Region LR$$.ARM.__AT_0x1000F000 (Base: 0x1000f000, Size: 0x00000000, Max: 0x00000f00, ABSOLUTE)

    Execution Region ER$$.ARM.__AT_0x1000F000 (Exec base: 0x1000f000, Load base: 0x1000f000, Size: 0x00000f00, Max: 0x00000f00, ABSOLUTE, UNINIT)

    Exec Addr    Load Addr    Size         Type   Attr      Idx    E Section Name        Object

    0x1000f000        -       0x00000f00   Zero   RW          845    .ARM.__AT_0x1000F000  malloc.o



  Load Region LR$$.ARM.__AT_0x68000000 (Base: 0x68000000, Size: 0x00000000, Max: 0x000c8000, ABSOLUTE)

    Execution Region ER$$.ARM.__AT_0x68000000 (Exec base: 0x68000000, Load base: 0x68000000, Size: 0x000c8000, Max: 0x000c8000, ABSOLUTE, UNINIT)

    Exec Addr    Load Addr    Size         Type   Attr      Idx    E Section Name        Object

    0x68000000        -       0x000c8000   Zero   RW          846    .ARM.__AT_0x68000000  malloc.o



  Load Region LR$$.ARM.__AT_0x680C8000 (Base: 0x680c8000, Size: 0x00000000, Max: 0x0000c800, ABSOLUTE)

    Execution Region ER$$.ARM.__AT_0x680C8000 (Exec base: 0x680c8000, Load base: 0x680c8000, Size: 0x0000c800, Max: 0x0000c800, ABSOLUTE, UNINIT)

    Exec Addr    Load Addr    Size         Type   Attr      Idx    E Section Name        Object

    0x680c8000        -       0x0000c800   Zero   RW          847    .ARM.__AT_0x680C8000  malloc.o


==============================================================================

Image component sizes


      Code (inc. data)   RO Data    RW Data    ZI Data      Debug   Object Name

       200          6          0          4          0       1669   delay.o
         0          0          0          0          0      11676   event_groups.o
       532         66          0         24      20480       3516   heap_4.o
        64          6          0          0          0        519   led.o
       136          0          0          0          0       1930   list.o
       272         72          0          8          0     303133   main.o
       484         10         36         36    1022720       4977   malloc.o
       188         14          0          0          0       2125   misc.o
       782        106          0         12          0       8199   port.o
      2908         52          0          0         64      17662   queue.o
         0          0          0          8          0        503   sensor.o
       680         18          0          0          0       2225   sram.o
        36          8        392          0       1024        816   startup_stm32f40_41xxx.o
      1152         12         28          0          0       6386   stm32f4xx_fsmc.o
       612         44          0          0          0       4885   stm32f4xx_gpio.o
        12          0          0          0          0        915   stm32f4xx_it.o
      1248         52          0         16          0      13860   stm32f4xx_rcc.o
      2754         60          0          0          0      25092   stm32f4xx_tim.o
      1012         32          0          0          0       8916   stm32f4xx_usart.o
       400         36          0         20          0       1859   system_stm32f4xx.o
      5108        158          0         60        740      33632   tasks.o
       224         30          0          8          0       1284   timer.o
      1384         88          0         20         40       9164   timers.o
         0          0          0         40          0        940   train.o
       776         28          0          6        200       5655   usart.o

    ----------------------------------------------------------------------
     20968        898        488        268    1045268     471538   Object Totals
         0          0         32          0          0          0   (incl. Generated)
         4          0          0          6          0          0   (incl. Padding)

    ----------------------------------------------------------------------

      Code (inc. data)   RO Data    RW Data    ZI Data      Debug   Library Member Name

         0          0          0          0          0          0   entry.o
         0          0          0          0          0          0   entry10a.o
         0          0          0          0          0          0   entry11a.o
         4          0          0          0          0          0   entry12b.o
         8          4          0          0          0          0   entry2.o
         4          0          0          0          0          0   entry5.o
         0          0          0          0          0          0   entry7b.o
         0          0          0          0          0          0   entry8b.o
         8          4          0          0          0          0   entry9a.o
        30          0          0          0          0          0   handlers.o
        36          8          0          0          0         68   init.o
         0          0          0          0          0          0   iusefp.o
        30          0          0          0          0         68   llshl.o
        36          0          0          0          0         68   llsshr.o
        32          0          0          0          0         68   llushr.o
        36          0          0          0          0         68   memcpya.o
        36          0          0          0          0        108   memseta.o
       522         20          0          0          0        336   printf3.o
      2260         86          0          0          0        528   printfa.o
        18          0          0          0          0         68   strcpy.o
        14          0          0          0          0         68   strlen.o
        44          0          0          0          0         80   uidiv.o
        98          0          0          0          0         92   uldiv.o
        48          0          0          0          0         68   cdrcmple.o
       334          0          0          0          0        148   dadd.o
       222          0          0          0          0        100   ddiv.o
       186          0          0          0          0        176   depilogue.o
        48          0          0          0          0         68   dfixul.o
       228          0          0          0          0         96   dmul.o

    ----------------------------------------------------------------------
      4288        122          0          0          0       2276   Library Totals
         6          0          0          0          0          0   (incl. Padding)

    ----------------------------------------------------------------------

      Code (inc. data)   RO Data    RW Data    ZI Data      Debug   Library Name

      3216        122          0          0          0       1620   mc_w.l
      1066          0          0          0          0        656   mf_w.l

    ----------------------------------------------------------------------
      4288        122          0          0          0       2276   Library Totals

    ----------------------------------------------------------------------

==============================================================================


      Code (inc. data)   RO Data    RW Data    ZI Data      Debug   

     25256       1020        488        268    1045268     467522   Grand Totals
     25256       1020        488        268    1045268     467522   ELF Image Totals
     25256       1020        488        268          0          0   ROM Totals

==============================================================================

    Total RO  Size (Code + RO Data)                25744 (  25.14kB)
    Total RW  Size (RW Data + ZI Data)           1045536 (1021.03kB)
    Total ROM Size (Code + RO Data + RW Data)      26012 (  25.40kB)

==============================================================================

