Component: ARM Compiler 5.06 update 7 (build 960) Tool: armlink [4d3601]

==============================================================================

Section Cross References

    main.o(.text) refers to oled.o(.text) for clear_screen
    main.o(.text) refers to key.o(.text) for KEY_Scan
    main.o(.text) refers to printf3.o(i.__0printf$3) for __2printf
    main.o(.text) refers to pwm.o(.text) for turn_right
    main.o(.text) refers to train.o(.text) for findpath
    main.o(.text) refers to port.o(.text) for vPortEnterCritical
    main.o(.text) refers to tasks.o(.text) for xTaskCreate
    main.o(.text) refers to usart.o(.text) for UsartPrintf
    main.o(.text) refers to delay.o(.text) for delay_init
    main.o(.text) refers to misc.o(.text) for NVIC_PriorityGroupConfig
    main.o(.text) refers to led.o(.text) for LED_Init
    main.o(.text) refers to sram.o(.text) for FSMC_SRAM_Init
    main.o(.text) refers to malloc.o(.text) for mem_init
    main.o(.text) refers to sensor.o(.data) for AD_Value
    main.o(.text) refers to train.o(.data) for L
    main.o(.text) refers to main.o(.data) for .data
    system_stm32f4xx.o(.text) refers to system_stm32f4xx.o(.data) for .data
    led.o(.text) refers to stm32f4xx_rcc.o(.text) for RCC_AHB1PeriphClockCmd
    led.o(.text) refers to stm32f4xx_gpio.o(.text) for GPIO_Init
    key.o(.text) refers to stm32f4xx_rcc.o(.text) for RCC_AHB1PeriphClockCmd
    key.o(.text) refers to stm32f4xx_gpio.o(.text) for GPIO_Init
    key.o(.text) refers to delay.o(.text) for delay_ms
    key.o(.text) refers to key.o(.data) for .data
    timer.o(.text) refers to stm32f4xx_tim.o(.text) for TIM_Cmd
    timer.o(.text) refers to stm32f4xx_rcc.o(.text) for RCC_APB1PeriphClockCmd
    timer.o(.text) refers to misc.o(.text) for NVIC_Init
    timer.o(.text) refers to stm32f4xx_gpio.o(.text) for GPIO_Init
    timer.o(.text) refers to timer.o(.data) for .data
    timer.o(.text) refers to sensor.o(.data) for AD_Value
    timer.o(.text) refers to train.o(.data) for block_flag
    timer.o(.text) refers to pwm.o(.text) for Motor1
    sram.o(.text) refers to stm32f4xx_rcc.o(.text) for RCC_AHB1PeriphClockCmd
    sram.o(.text) refers to stm32f4xx_gpio.o(.text) for GPIO_Init
    sram.o(.text) refers to stm32f4xx_fsmc.o(.text) for FSMC_NORSRAMInit
    beep.o(.text) refers to stm32f4xx_rcc.o(.text) for RCC_AHB1PeriphClockCmd
    beep.o(.text) refers to stm32f4xx_gpio.o(.text) for GPIO_Init
    sensor.o(.text) refers to stm32f4xx_rcc.o(.text) for RCC_AHB1PeriphClockCmd
    sensor.o(.text) refers to stm32f4xx_gpio.o(.text) for GPIO_Init
    sensor.o(.text) refers to stm32f4xx_dma.o(.text) for DMA_DeInit
    sensor.o(.text) refers to stm32f4xx_adc.o(.text) for ADC_DeInit
    sensor.o(.text) refers to sensor.o(.data) for .data
    stmflash.o(.text) refers to stm32f4xx_flash.o(.text) for FLASH_Unlock
    train.o(.text) refers to malloc.o(i.malloc) for malloc
    train.o(.text) refers to malloc.o(i.free) for free
    train.o(.text) refers to pwm.o(.text) for turn_right
    train.o(.text) refers to malloc.o(.text) for mymalloc
    train.o(.text) refers to stmflash.o(.text) for STMFLASH_Write
    train.o(.text) refers to train.o(.data) for .data
    pwm.o(.text) refers to stm32f4xx_rcc.o(.text) for RCC_AHB1PeriphClockCmd
    pwm.o(.text) refers to stm32f4xx_gpio.o(.text) for GPIO_Init
    pwm.o(.text) refers to stm32f4xx_tim.o(.text) for TIM_TimeBaseInit
    pwm.o(.text) refers to timer.o(.text) for start_time
    pwm.o(.text) refers to timer.o(.data) for Target_Left
    oled.o(.text) refers to stm32f4xx_gpio.o(.text) for GPIO_SetBits
    oled.o(.text) refers to oled.o(.data) for .data
    oled.o(.text) refers to stm32f4xx_rcc.o(.text) for RCC_AHB1PeriphClockCmd
    oled.o(.text) refers to delay.o(.text) for delay_ms
    delay.o(.text) refers to tasks.o(.text) for xTaskGetSchedulerState
    delay.o(.text) refers to port.o(.text) for xPortSysTickHandler
    delay.o(.text) refers to misc.o(.text) for SysTick_CLKSourceConfig
    delay.o(.text) refers to delay.o(.data) for .data
    usart.o(.text) refers to stm32f4xx_rcc.o(.text) for RCC_AHB1PeriphClockCmd
    usart.o(.text) refers to stm32f4xx_gpio.o(.text) for GPIO_PinAFConfig
    usart.o(.text) refers to stm32f4xx_usart.o(.text) for USART_Init
    usart.o(.text) refers to misc.o(.text) for NVIC_Init
    usart.o(.text) refers to printfa.o(i.__0vsnprintf) for __c89vsnprintf
    usart.o(.text) refers to usart.o(.data) for .data
    usart.o(.text) refers to usart.o(.bss) for .bss
    startup_stm32f40_41xxx.o(RESET) refers to startup_stm32f40_41xxx.o(STACK) for __initial_sp
    startup_stm32f40_41xxx.o(RESET) refers to startup_stm32f40_41xxx.o(.text) for Reset_Handler
    startup_stm32f40_41xxx.o(RESET) refers to stm32f4xx_it.o(.text) for NMI_Handler
    startup_stm32f40_41xxx.o(RESET) refers to port.o(.emb_text) for SVC_Handler
    startup_stm32f40_41xxx.o(RESET) refers to delay.o(.text) for SysTick_Handler
[...]
    Integral_bias                            0x2000003c   Data           4  timer.o(.data)
    Last_Bias                                0x20000040   Data           4  timer.o(.data)
    .data                                    0x20000070   Section        8  sensor.o(.data)
    .data                                    0x20000078   Section       40  train.o(.data)
    .data                                    0x200000a0   Section        4  oled.o(.data)
    .data                                    0x200000a4   Section        4  delay.o(.data)
    fac_us                                   0x200000a4   Data           1  delay.o(.data)
    fac_ms                                   0x200000a6   Data           2  delay.o(.data)
    .data                                    0x200000a8   Section        2  usart.o(.data)
    .data                                    0x200000ac   Section        4  usart.o(.data)
    .data                                    0x200000b0   Section       16  stm32f4xx_rcc.o(.data)
    APBAHBPrescTable                         0x200000b0   Data          16  stm32f4xx_rcc.o(.data)
    .data                                    0x200000c0   Section       36  malloc.o(.data)
    .data                                    0x200000e4   Section       60  tasks.o(.data)
    uxDeletedTasksWaitingCleanUp             0x200000e8   Data           4  tasks.o(.data)
    uxCurrentNumberOfTasks                   0x200000ec   Data           4  tasks.o(.data)
    xTickCount                               0x200000f0   Data           4  tasks.o(.data)
    uxTopReadyPriority                       0x200000f4   Data           4  tasks.o(.data)
    xSchedulerRunning                        0x200000f8   Data           4  tasks.o(.data)
    uxPendedTicks                            0x200000fc   Data           4  tasks.o(.data)
    xYieldPending                            0x20000100   Data           4  tasks.o(.data)
    xNumOfOverflows                          0x20000104   Data           4  tasks.o(.data)
    uxTaskNumber                             0x20000108   Data           4  tasks.o(.data)
    xNextTaskUnblockTime                     0x2000010c   Data           4  tasks.o(.data)
    xIdleTaskHandle                          0x20000110   Data           4  tasks.o(.data)
    uxSchedulerSuspended                     0x20000114   Data           4  tasks.o(.data)
    pxDelayedTaskList                        0x20000118   Data           4  tasks.o(.data)
    pxOverflowDelayedTaskList                0x2000011c   Data           4  tasks.o(.data)
    .data                                    0x20000120   Section       20  timers.o(.data)
    xTimerQueue                              0x20000120   Data           4  timers.o(.data)
    xTimerTaskHandle                         0x20000124   Data           4  timers.o(.data)
    xLastTime                                0x20000128   Data           4  timers.o(.data)
    pxCurrentTimerList                       0x2000012c   Data           4  timers.o(.data)
    pxOverflowTimerList                      0x20000130   Data           4  timers.o(.data)
    .data                                    0x20000134   Section       12  port.o(.data)
    ucMaxSysCallPriority                     0x20000134   Data           1  port.o(.data)
    uxCriticalNesting                        0x20000138   Data           4  port.o(.data)
    ulMaxPRIGROUPValue                       0x2000013c   Data           4  port.o(.data)
    .data                                    0x20000140   Section       24  heap_4.o(.data)
    pxEnd                                    0x20000140   Data           4  heap_4.o(.data)
    xFreeBytesRemaining                      0x20000144   Data           4  heap_4.o(.data)
    xMinimumEverFreeBytesRemaining           0x20000148   Data           4  heap_4.o(.data)
    xBlockAllocatedBit                       0x2000014c   Data           4  heap_4.o(.data)
    xStart                                   0x20000150   Data           8  heap_4.o(.data)
    .data                                    0x20000158   Section        4  mvars.o(.data)
    .data                                    0x2000015c   Section        4  mvars.o(.data)
    .bss                                     0x20000160   Section      200  usart.o(.bss)
    .bss                                     0x20000228   Section    81920  malloc.o(.bss)
    .bss                                     0x20014228   Section     5120  malloc.o(.bss)
    .bss                                     0x20015628   Section       64  queue.o(.bss)
    .bss                                     0x20015668   Section      740  tasks.o(.bss)
    pxReadyTasksLists                        0x20015668   Data         640  tasks.o(.bss)
    xDelayedTaskList1                        0x200158e8   Data          20  tasks.o(.bss)
    xDelayedTaskList2                        0x200158fc   Data          20  tasks.o(.bss)
    xPendingReadyList                        0x20015910   Data          20  tasks.o(.bss)
    xTasksWaitingTermination                 0x20015924   Data          20  tasks.o(.bss)
    xSuspendedTaskList                       0x20015938   Data          20  tasks.o(.bss)
    .bss                                     0x2001594c   Section       40  timers.o(.bss)
    xActiveTimerList1                        0x2001594c   Data          20  timers.o(.bss)
    xActiveTimerList2                        0x20015960   Data          20  timers.o(.bss)
    .bss                                     0x20015974   Section    20480  heap_4.o(.bss)
    ucHeap                                   0x20015974   Data       20480  heap_4.o(.bss)
    HEAP                                     0x2001a978   Section      512  startup_stm32f40_41xxx.o(HEAP)
    STACK                                    0x2001ab78   Section     1024  startup_stm32f40_41xxx.o(STACK)
    .ARM.__AT_0x68000000                     0x68000000   Section    819200  malloc.o(.ARM.__AT_0x68000000)
    .ARM.__AT_0x680C8000                     0x680c8000   Section    51200  malloc.o(.ARM.__AT_0x680C8000)

    Global Symbols

    Symbol Name                              Value     Ov Type        Size  Object(Section)

    BuildAttributes$$THM_ISAv4$E$P$D$K$B$S$7EM$VFPi3$EXTD16$VFPS$VFMA$PE$A:L22UL41UL21$X:L11$S22US41US21$IEEE1$IW$USESV6$~STKCKD$USESV7$~SHL$OSPACE$ROPI$EBA8$MICROLIB$REQ8$PRES8$EABIv2 0x00000000   Number         0  anon$$obj.o ABSOLUTE
    __ARM_use_no_argv                        0x00000000   Number         0  main.o ABSOLUTE
    __use_no_errno                           0x00000000   Number         0  useno.o ABSOLUTE
    __use_no_exception_handling              0x00000000   Number         0  useno.o ABSOLUTE
    __use_no_fp                              0x00000000   Number         0  useno.o ABSOLUTE
    __use_no_heap                            0x00000000   Number         0  useno.o ABSOLUTE
    __use_no_heap_region                     0x00000000   Number         0  useno.o ABSOLUTE
    __use_no_semihosting                     0x00000000   Number         0  useno.o ABSOLUTE
    __use_no_semihosting_swi                 0x00000000   Number         0  useno.o ABSOLUTE
    __use_no_signal_handling                 0x00000000   Number         0  useno.o ABSOLUTE
    _printf_a                                0x00000000   Number         0  stubs.o ABSOLUTE
    _printf_c                                0x00000000   Number         0  stubs.o ABSOLUTE
    _printf_charcount                        0x00000000   Number         0  stubs.o ABSOLUTE
    _printf_d                                0x00000000   Number         0  stubs.o ABSOLUTE
    _printf_e                                0x00000000   Number         0  stubs.o ABSOLUTE
    _printf_f                                0x00000000   Number         0  stubs.o ABSOLUTE
    _printf_flags                            0x00000000   Number         0  stubs.o ABSOLUTE
    _printf_fp_dec                           0x00000000   Number         0  stubs.o ABSOLUTE
    _printf_fp_hex                           0x00000000   Number         0  stubs.o ABSOLUTE
    _printf_g                                0x00000000   Number         0  stubs.o ABSOLUTE
    _printf_i                                0x00000000   Number         0  stubs.o ABSOLUTE
    _printf_int_dec                          0x00000000   Number         0  stubs.o ABSOLUTE
    _printf_l                                0x00000000   Number         0  stubs.o ABSOLUTE
    _printf_lc                               0x00000000   Number         0  stubs.o ABSOLUTE
    _printf_ll                               0x00000000   Number         0  stubs.o ABSOLUTE
    _printf_lld                              0x00000000   Number         0  stubs.o ABSOLUTE
    _printf_lli                              0x00000000   Number         0  stubs.o ABSOLUTE
    _printf_llo                              0x00000000   Number         0  stubs.o ABSOLUTE
    _printf_llu                              0x00000000   Number         0  stubs.o ABSOLUTE
    _printf_llx                              0x00000000   Number         0  stubs.o ABSOLUTE
    _printf_longlong_dec                     0x00000000   Number         0  stubs.o ABSOLUTE
    _printf_longlong_hex                     0x00000000   Number         0  stubs.o ABSOLUTE
    _printf_longlong_oct                     0x00000000   Number         0  stubs.o ABSOLUTE
    _printf_ls                               0x00000000   Number         0  stubs.o ABSOLUTE
    _printf_mbtowc                           0x00000000   Number         0  stubs.o ABSOLUTE
    _printf_n                                0x00000000   Number         0  stubs.o ABSOLUTE
    _printf_o                                0x00000000   Number         0  stubs.o ABSOLUTE
    _printf_p                                0x00000000   Number         0  stubs.o ABSOLUTE
    _printf_percent                          0x00000000   Number         0  stubs.o ABSOLUTE
    _printf_pre_padding                      0x00000000   Number         0  stubs.o ABSOLUTE
    _printf_return_value                     0x00000000   Number         0  stubs.o ABSOLUTE
    _printf_s                                0x00000000   Number         0  stubs.o ABSOLUTE
    _printf_sizespec                         0x00000000   Number         0  stubs.o ABSOLUTE
    _printf_str                              0x00000000   Number         0  stubs.o ABSOLUTE
    _printf_truncate_signed                  0x00000000   Number         0  stubs.o ABSOLUTE
    _printf_truncate_unsigned                0x00000000   Number         0  stubs.o ABSOLUTE
    _printf_u                                0x00000000   Number         0  stubs.o ABSOLUTE
    _printf_wc                               0x00000000   Number         0  stubs.o ABSOLUTE
    _printf_wctomb                           0x00000000   Number         0  stubs.o ABSOLUTE
    _printf_widthprec                        0x00000000   Number         0  stubs.o ABSOLUTE
    _printf_x                                0x00000000   Number         0  stubs.o ABSOLUTE
    __arm_fini_                               - Undefined Weak Reference
    __cpp_initialize__aeabi_                  - Undefined Weak Reference
    __cxa_finalize                            - Undefined Weak Reference
    _clock_init                               - Undefined Weak Reference
    _microlib_exit                            - Undefined Weak Reference
    __Vectors_Size                           0x00000188   Number         0  startup_stm32f40_41xxx.o ABSOLUTE
    __Vectors                                0x08000000   Data           4  startup_stm32f40_41xxx.o(RESET)
    __Vectors_End                            0x08000188   Data           0  startup_stm32f40_41xxx.o(RESET)
    __main                                   0x08000189   Thumb Code     0  entry.o(.ARM.Collect$$$$00000000)
    _main_stk                                0x08000189   Thumb Code     0  entry2.o(.ARM.Collect$$$$00000001)
    _main_scatterload                        0x0800018d   Thumb Code     0  entry5.o(.ARM.Collect$$$$00000004)
    __main_after_scatterload                 0x08000191   Thumb Code     0  entry5.o(.ARM.Collect$$$$00000004)
    _main_clock                              0x08000191   Thumb Code     0  entry7b.o(.ARM.Collect$$$$00000008)
    _main_cpp_init                           0x08000191   Thumb Code     0  entry8b.o(.ARM.Collect$$$$0000000A)
    _main_init                               0x08000191   Thumb Code     0  entry9a.o(.ARM.Collect$$$$0000000B)
    __rt_lib_shutdown_fini                   0x08000199   Thumb Code     0  entry12b.o(.ARM.Collect$$$$0000000E)
    __rt_final_cpp                           0x0800019d   Thumb Code     0  entry10a.o(.ARM.Collect$$$$0000000F)
    __rt_final_exit                          0x0800019d   Thumb Code     0  entry11a.o(.ARM.Collect$$$$00000011)
    SVC_Handler                              0x080001a1   Thumb Code    28  port.o(.emb_text)
    __asm___6_port_c_39a90d8d__prvStartFirstTask 0x080001c1   Thumb Code    28  port.o(.emb_text)
    __asm___6_port_c_39a90d8d__prvEnableVFP  0x080001e1   Thumb Code    16  port.o(.emb_text)
    PendSV_Handler                           0x080001f5   Thumb Code    88  port.o(.emb_text)
    vPortGetIPSR                             0x08000251   Thumb Code     6  port.o(.emb_text)
    main_task                                0x08000259   Thumb Code   250  main.o(.text)
    start_task                               0x08000353   Thumb Code    54  main.o(.text)
    main                                     0x08000389   Thumb Code   100  main.o(.text)
    NMI_Handler                              0x080004c1   Thumb Code     2  stm32f4xx_it.o(.text)
    HardFault_Handler                        0x080004c3   Thumb Code     2  stm32f4xx_it.o(.text)
    MemManage_Handler                        0x080004c5   Thumb Code     2  stm32f4xx_it.o(.text)
    BusFault_Handler                         0x080004c7   Thumb Code     2  stm32f4xx_it.o(.text)
    UsageFault_Handler                       0x080004c9   Thumb Code     2  stm32f4xx_it.o(.text)
    DebugMon_Handler                         0x080004cb   Thumb Code     2  stm32f4xx_it.o(.text)
    SystemInit                               0x08000575   Thumb Code    74  system_stm32f4xx.o(.text)
    SystemCoreClockUpdate                    0x080005bf   Thumb Code   122  system_stm32f4xx.o(.text)
    LED_Init                                 0x0800065d   Thumb Code    58  led.o(.text)
    KEY_Init                                 0x0800069d   Thumb Code    58  key.o(.text)
    KEY_Scan                                 0x080006d7   Thumb Code   190  key.o(.text)
    start_time                               0x080007a1   Thumb Code    16  timer.o(.text)
    mseconds                                 0x080007b1   Thumb Code     6  timer.o(.text)
    TIM4_Int_Init                            0x080007b7   Thumb Code    86  timer.o(.text)
    ConfigureTimeForRunTimeStats             0x0800080d   Thumb Code    14  timer.o(.text)
    TIM4_IRQHandler                          0x0800081b   Thumb Code    92  timer.o(.text)
    TIM6_Int_Init                            0x08000877   Thumb Code    92  timer.o(.text)
    TIM6_DAC_IRQHandler                      0x080008d3   Thumb Code    54  timer.o(.text)
    TIM7_Int_Init                            0x08000909   Thumb Code    86  timer.o(.text)
    Encoder_Init_TIM2                        0x0800095f   Thumb Code   172  timer.o(.text)
    Encoder_Init_TIM5                        0x08000a0b   Thumb Code   204  timer.o(.text)
    Read_Encoder                             0x08000ad7   Thumb Code    46  timer.o(.text)
    TIM2_IRQHandler                          0x08000b05   Thumb Code    16  timer.o(.text)
    TIM5_IRQHandler                          0x08000b15   Thumb Code    14  timer.o(.text)
    Position_PID_Lift                        0x08000b23   Thumb Code    70  timer.o(.text)
    Position_PID_Right                       0x08000b69   Thumb Code   138  timer.o(.text)
    TIM7_IRQHandler                          0x08000bf3   Thumb Code   152  timer.o(.text)
    FSMC_SRAM_Init                           0x08000c99   Thumb Code   580  sram.o(.text)
    FSMC_SRAM_WriteBuffer                    0x08000edd   Thumb Code    26  sram.o(.text)
    FSMC_SRAM_ReadBuffer                     0x08000ef7   Thumb Code    24  sram.o(.text)
    fsmc_sram_test_write                     0x08000f0f   Thumb Code    14  sram.o(.text)
    fsmc_sram_test_read                      0x08000f1d   Thumb Code    18  sram.o(.text)
    STMFLASH_ReadWord                        0x08000f41   Thumb Code     4  stmflash.o(.text)
    STMFLASH_GetFlashSector                  0x08000f45   Thumb Code   114  stmflash.o(.text)
    STMFLASH_Write                           0x08000fb7   Thumb Code   128  stmflash.o(.text)
    STMFLASH_Read                            0x08001037   Thumb Code    28  stmflash.o(.text)
    InitList                                 0x08001085   Thumb Code    24  train.o(.text)
    PUSHList                                 0x0800109d   Thumb Code    42  train.o(.text)
    POPList                                  0x080010c7   Thumb Code    40  train.o(.text)
    LengthList                               0x080010ef   Thumb Code    20  train.o(.text)
    movement                                 0x08001103   Thumb Code   358  train.o(.text)
    findpath                                 0x08001269   Thumb Code   220  train.o(.text)
    tract_storage                            0x08001345   Thumb Code   100  train.o(.text)
    tract_follow                             0x080013a9   Thumb Code    72  train.o(.text)
    Traverse_List                            0x080013f1   Thumb Code    40  train.o(.text)
    tract_delect                             0x08001419   Thumb Code    20  train.o(.text)
    Motor12_Init                             0x08001431   Thumb Code   182  pwm.o(.text)
    Motor1                                   0x080014e7   Thumb Code    50  pwm.o(.text)
    Motor2                                   0x08001519   Thumb Code    50  pwm.o(.text)
    Speed_F                                  0x0800154b   Thumb Code    10  pwm.o(.text)
    Speed_L                                  0x08001555   Thumb Code    12  pwm.o(.text)
    Speed_R                                  0x08001561   Thumb Code    12  pwm.o(.text)
    Speed_B                                  0x0800156d   Thumb Code    14  pwm.o(.text)
    Speed_S                                  0x0800157b   Thumb Code    12  pwm.o(.text)
    Go_Onestep                               0x08001587   Thumb Code    28  pwm.o(.text)
    turn_left                                0x080015a3   Thumb Code    32  pwm.o(.text)
    turn_right                               0x080015c3   Thumb Code    32  pwm.o(.text)
    OLED_WR_Byte                             0x080015f5   Thumb Code    98  oled.o(.text)
    OLED_ColorTurn                           0x08001657   Thumb Code    32  oled.o(.text)
    OLED_DisplayTurn                         0x08001677   Thumb Code    48  oled.o(.text)
    clear_screen                             0x080016a7   Thumb Code    58  oled.o(.text)
    OLED_address                             0x080016e1   Thumb Code    38  oled.o(.text)
    OLED_Display_128x64                      0x08001707   Thumb Code    44  oled.o(.text)
    OLED_Display_16x16                       0x08001733   Thumb Code    56  oled.o(.text)
    OLED_Display_8x16                        0x0800176b   Thumb Code    52  oled.o(.text)
    OLED_Display_5x7                         0x0800179f   Thumb Code    32  oled.o(.text)
    Send_Command_to_ROM                      0x080017bf   Thumb Code    60  oled.o(.text)
    Get_data_from_ROM                        0x080017fb   Thumb Code    54  oled.o(.text)
    OLED_get_data_from_ROM                   0x08001831   Thumb Code    88  oled.o(.text)
    OLED_Display_GB2312_string               0x08001889   Thumb Code   248  oled.o(.text)
    OLED_Display_string_5x7                  0x08001981   Thumb Code   104  oled.o(.text)
    OLED_ShowNum                             0x080019e9   Thumb Code   222  oled.o(.text)
    OLED_Init                                0x08001ac7   Thumb Code   322  oled.o(.text)
    display_GB2312_u16                       0x08001c09   Thumb Code    84  oled.o(.text)
    display_GB2312_u1                        0x08001c5d   Thumb Code    32  oled.o(.text)
    SysTick_Handler                          0x08001cb1   Thumb Code    20  delay.o(.text)
    delay_init                               0x08001cc5   Thumb Code    48  delay.o(.text)
    delay_us                                 0x08001cf5   Thumb Code    50  delay.o(.text)
    delay_ms                                 0x08001d27   Thumb Code    50  delay.o(.text)
    delay_xms                                0x08001d59   Thumb Code    26  delay.o(.text)
    _sys_exit                                0x08001d79   Thumb Code     2  usart.o(.text)
    fputc                                    0x08001d7b   Thumb Code    14  usart.o(.text)
    usart1_init                              0x08001d89   Thumb Code   168  usart.o(.text)
    usart2_init                              0x08001e31   Thumb Code   160  usart.o(.text)
    usart3_init                              0x08001ed1   Thumb Code   170  usart.o(.text)
    Usart_SendString                         0x08001f7b   Thumb Code    46  usart.o(.text)
    UsartPrintf                              0x08001fa9   Thumb Code    64  usart.o(.text)
    USART2_IRQHandler                        0x08001fe9   Thumb Code    92  usart.o(.text)
    USART1_IRQHandler                        0x08002045   Thumb Code    32  usart.o(.text)
    Reset_Handler                            0x08002081   Thumb Code     8  startup_stm32f40_41xxx.o(.text)
    ADC_IRQHandler                           0x0800209b   Thumb Code     0  startup_stm32f40_41xxx.o(.text)
    CAN1_RX0_IRQHandler                      0x0800209b   Thumb Code     0  startup_stm32f40_41xxx.o(.text)
    CAN1_RX1_IRQHandler                      0x0800209b   Thumb Code     0  startup_stm32f40_41xxx.o(.text)
    CAN1_SCE_IRQHandler                      0x0800209b   Thumb Code     0  startup_stm32f40_41xxx.o(.text)
    CAN1_TX_IRQHandler                       0x0800209b   Thumb Code     0  startup_stm32f40_41xxx.o(.text)
    CAN2_RX0_IRQHandler                      0x0800209b   Thumb Code     0  startup_stm32f40_41xxx.o(.text)
    CAN2_RX1_IRQHandler                      0x0800209b   Thumb Code     0  startup_stm32f40_41xxx.o(.text)
    CAN2_SCE_IRQHandler                      0x0800209b   Thumb Code     0  startup_stm32f40_41xxx.o(.text)
    CAN2_TX_IRQHandler                       0x0800209b   Thumb Code     0  startup_stm32f40_41xxx.o(.text)
    CRYP_IRQHandler                          0x0800209b   Thumb Code     0  startup_stm32f40_41xxx.o(.text)
    DCMI_IRQHandler                          0x0800209b   Thumb Code     0  startup_stm32f40_41xxx.o(.text)
    DMA1_Stream0_IRQHandler                  0x0800209b   Thumb Code     0  startup_stm32f40_41xxx.o(.text)
    DMA1_Stream1_IRQHandler                  0x0800209b   Thumb Code     0  startup_stm32f40_41xxx.o(.text)
    DMA1_Stream2_IRQHandler                  0x0800209b   Thumb Code     0  startup_stm32f40_41xxx.o(.text)
    DMA1_Stream3_IRQHandler                  0x0800209b   Thumb Code     0  startup_stm32f40_41xxx.o(.text)
    DMA1_Stream4_IRQHandler                  0x0800209b   Thumb Code     0  startup_stm32f40_41xxx.o(.text)
    DMA1_Stream5_IRQHandler                  0x0800209b   Thumb Code     0  startup_stm32f40_41xxx.o(.text)
    DMA1_Stream6_IRQHandler                  0x0800209b   Thumb Code     0  startup_stm32f40_41xxx.o(.text)
    DMA1_Stream7_IRQHandler                  0x0800209b   Thumb Code     0  startup_stm32f40_41xxx.o(.text)
    DMA2_Stream0_IRQHandler                  0x0800209b   Thumb Code     0  startup_stm32f40_41xxx.o(.text)
    DMA2_Stream1_IRQHandler                  0x0800209b   Thumb Code     0  startup_stm32f40_41xxx.o(.text)
    DMA2_Stream2_IRQHandler                  0x0800209b   Thumb Code     0  startup_stm32f40_41xxx.o(.text)
    DMA2_Stream3_IRQHandler                  0x0800209b   Thumb Code     0  startup_stm32f40_41xxx.o(.text)
    DMA2_Stream4_IRQHandler                  0x0800209b   Thumb Code     0  startup_stm32f40_41xxx.o(.text)
    DMA2_Stream5_IRQHandler                  0x0800209b   Thumb Code     0  startup_stm32f40_41xxx.o(.text)
    DMA2_Stream6_IRQHandler                  0x0800209b   Thumb Code     0  startup_stm32f40_41xxx.o(.text)
    DMA2_Stream7_IRQHandler                  0x0800209b   Thumb Code     0  startup_stm32f40_41xxx.o(.text)
    ETH_IRQHandler                           0x0800209b   Thumb Code     0  startup_stm32f40_41xxx.o(.text)
    ETH_WKUP_IRQHandler                      0x0800209b   Thumb Code     0  startup_stm32f40_41xxx.o(.text)
    EXTI0_IRQHandler                         0x0800209b   Thumb Code     0  startup_stm32f40_41xxx.o(.text)
    EXTI15_10_IRQHandler                     0x0800209b   Thumb Code     0  startup_stm32f40_41xxx.o(.text)
    EXTI1_IRQHandler                         0x0800209b   Thumb Code     0  startup_stm32f40_41xxx.o(.text)
    EXTI2_IRQHandler                         0x0800209b   Thumb Code     0  startup_stm32f40_41xxx.o(.text)
    EXTI3_IRQHandler                         0x0800209b   Thumb Code     0  startup_stm32f40_41xxx.o(.text)
    EXTI4_IRQHandler                         0x0800209b   Thumb Code     0  startup_stm32f40_41xxx.o(.text)
    EXTI9_5_IRQHandler                       0x0800209b   Thumb Code     0  startup_stm32f40_41xxx.o(.text)
    FLASH_IRQHandler                         0x0800209b   Thumb Code     0  startup_stm32f40_41xxx.o(.text)
    FPU_IRQHandler                           0x0800209b   Thumb Code     0  startup_stm32f40_41xxx.o(.text)
    FSMC_IRQHandler                          0x0800209b   Thumb Code     0  startup_stm32f40_41xxx.o(.text)
    HASH_RNG_IRQHandler                      0x0800209b   Thumb Code     0  startup_stm32f40_41xxx.o(.text)
    I2C1_ER_IRQHandler                       0x0800209b   Thumb Code     0  startup_stm32f40_41xxx.o(.text)
    I2C1_EV_IRQHandler                       0x0800209b   Thumb Code     0  startup_stm32f40_41xxx.o(.text)
    I2C2_ER_IRQHandler                       0x0800209b   Thumb Code     0  startup_stm32f40_41xxx.o(.text)
    I2C2_EV_IRQHandler                       0x0800209b   Thumb Code     0  startup_stm32f40_41xxx.o(.text)
    I2C3_ER_IRQHandler                       0x0800209b   Thumb Code     0  startup_stm32f40_41xxx.o(.text)
    I2C3_EV_IRQHandler                       0x0800209b   Thumb Code     0  startup_stm32f40_41xxx.o(.text)
    OTG_FS_IRQHandler                        0x0800209b   Thumb Code     0  startup_stm32f40_41xxx.o(.text)
    OTG_FS_WKUP_IRQHandler                   0x0800209b   Thumb Code     0  startup_stm32f40_41xxx.o(.text)
    OTG_HS_EP1_IN_IRQHandler                 0x0800209b   Thumb Code     0  startup_stm32f40_41xxx.o(.text)
    OTG_HS_EP1_OUT_IRQHandler                0x0800209b   Thumb Code     0  startup_stm32f40_41xxx.o(.text)
    OTG_HS_IRQHandler                        0x0800209b   Thumb Code     0  startup_stm32f40_41xxx.o(.text)
    OTG_HS_WKUP_IRQHandler                   0x0800209b   Thumb Code     0  startup_stm32f40_41xxx.o(.text)
    PVD_IRQHandler                           0x0800209b   Thumb Code     0  startup_stm32f40_41xxx.o(.text)
    RCC_IRQHandler                           0x0800209b   Thumb Code     0  startup_stm32f40_41xxx.o(.text)
    RTC_Alarm_IRQHandler                     0x0800209b   Thumb Code     0  startup_stm32f40_41xxx.o(.text)
    RTC_WKUP_IRQHandler                      0x0800209b   Thumb Code     0  startup_stm32f40_41xxx.o(.text)
    SDIO_IRQHandler                          0x0800209b   Thumb Code     0  startup_stm32f40_41xxx.o(.text)
    SPI1_IRQHandler                          0x0800209b   Thumb Code     0  startup_stm32f40_41xxx.o(.text)
    SPI2_IRQHandler                          0x0800209b   Thumb Code     0  startup_stm32f40_41xxx.o(.text)
    SPI3_IRQHandler                          0x0800209b   Thumb Code     0  startup_stm32f40_41xxx.o(.text)
    TAMP_STAMP_IRQHandler                    0x0800209b   Thumb Code     0  startup_stm32f40_41xxx.o(.text)
    TIM1_BRK_TIM9_IRQHandler                 0x0800209b   Thumb Code     0  startup_stm32f40_41xxx.o(.text)
    TIM1_CC_IRQHandler                       0x0800209b   Thumb Code     0  startup_stm32f40_41xxx.o(.text)
    TIM1_TRG_COM_TIM11_IRQHandler            0x0800209b   Thumb Code     0  startup_stm32f40_41xxx.o(.text)
    TIM1_UP_TIM10_IRQHandler                 0x0800209b   Thumb Code     0  startup_stm32f40_41xxx.o(.text)
    TIM3_IRQHandler                          0x0800209b   Thumb Code     0  startup_stm32f40_41xxx.o(.text)
    TIM8_BRK_TIM12_IRQHandler                0x0800209b   Thumb Code     0  startup_stm32f40_41xxx.o(.text)
    TIM8_CC_IRQHandler                       0x0800209b   Thumb Code     0  startup_stm32f40_41xxx.o(.text)
    TIM8_TRG_COM_TIM14_IRQHandler            0x0800209b   Thumb Code     0  startup_stm32f40_41xxx.o(.text)
    TIM8_UP_TIM13_IRQHandler                 0x0800209b   Thumb Code     0  startup_stm32f40_41xxx.o(.text)
    UART4_IRQHandler                         0x0800209b   Thumb Code     0  startup_stm32f40_41xxx.o(.text)
    UART5_IRQHandler                         0x0800209b   Thumb Code     0  startup_stm32f40_41xxx.o(.text)
    USART3_IRQHandler                        0x0800209b   Thumb Code     0  startup_stm32f40_41xxx.o(.text)
    USART6_IRQHandler                        0x0800209b   Thumb Code     0  startup_stm32f40_41xxx.o(.text)
    WWDG_IRQHandler                          0x0800209b   Thumb Code     0  startup_stm32f40_41xxx.o(.text)
    NVIC_PriorityGroupConfig                 0x080020a5   Thumb Code    10  misc.o(.text)
    NVIC_Init                                0x080020af   Thumb Code    98  misc.o(.text)
    NVIC_SetVectorTable                      0x08002111   Thumb Code    14  misc.o(.text)
    NVIC_SystemLPConfig                      0x0800211f   Thumb Code    24  misc.o(.text)
    SysTick_CLKSourceConfig                  0x08002137   Thumb Code    28  misc.o(.text)
    FSMC_NORSRAMDeInit                       0x08002161   Thumb Code    48  stm32f4xx_fsmc.o(.text)
    FSMC_NORSRAMInit                         0x08002191   Thumb Code   202  stm32f4xx_fsmc.o(.text)
    FSMC_NORSRAMStructInit                   0x0800225b   Thumb Code    42  stm32f4xx_fsmc.o(.text)
    FSMC_NORSRAMCmd                          0x08002285   Thumb Code    30  stm32f4xx_fsmc.o(.text)
    FSMC_NANDDeInit                          0x080022a3   Thumb Code    40  stm32f4xx_fsmc.o(.text)
    FSMC_NANDInit                            0x080022cb   Thumb Code   104  stm32f4xx_fsmc.o(.text)
    FSMC_NANDStructInit                      0x08002333   Thumb Code    54  stm32f4xx_fsmc.o(.text)
    FSMC_NANDCmd                             0x08002369   Thumb Code    60  stm32f4xx_fsmc.o(.text)
    FSMC_NANDECCCmd                          0x080023a5   Thumb Code    60  stm32f4xx_fsmc.o(.text)
    FSMC_GetECC                              0x080023e1   Thumb Code    18  stm32f4xx_fsmc.o(.text)
    FSMC_PCCARDDeInit                        0x080023f3   Thumb Code    22  stm32f4xx_fsmc.o(.text)
    FSMC_PCCARDInit                          0x08002409   Thumb Code    98  stm32f4xx_fsmc.o(.text)
    FSMC_PCCARDStructInit                    0x0800246b   Thumb Code    60  stm32f4xx_fsmc.o(.text)
    FSMC_PCCARDCmd                           0x080024a7   Thumb Code    34  stm32f4xx_fsmc.o(.text)
    FSMC_ITConfig                            0x080024c9   Thumb Code    86  stm32f4xx_fsmc.o(.text)
    FSMC_GetFlagStatus                       0x0800251f   Thumb Code    40  stm32f4xx_fsmc.o(.text)
    FSMC_ClearFlag                           0x08002547   Thumb Code    42  stm32f4xx_fsmc.o(.text)
    FSMC_GetITStatus                         0x08002571   Thumb Code    52  stm32f4xx_fsmc.o(.text)
    FSMC_ClearITPendingBit                   0x080025a5   Thumb Code    48  stm32f4xx_fsmc.o(.text)
    GPIO_DeInit                              0x080025e1   Thumb Code   296  stm32f4xx_gpio.o(.text)
    GPIO_Init                                0x08002709   Thumb Code   124  stm32f4xx_gpio.o(.text)
    GPIO_StructInit                          0x08002785   Thumb Code    18  stm32f4xx_gpio.o(.text)
    GPIO_PinLockConfig                       0x08002797   Thumb Code    26  stm32f4xx_gpio.o(.text)
    GPIO_ReadInputDataBit                    0x080027b1   Thumb Code    14  stm32f4xx_gpio.o(.text)
    GPIO_ReadInputData                       0x080027bf   Thumb Code     6  stm32f4xx_gpio.o(.text)
    GPIO_ReadOutputDataBit                   0x080027c5   Thumb Code    14  stm32f4xx_gpio.o(.text)
    GPIO_ReadOutputData                      0x080027d3   Thumb Code     6  stm32f4xx_gpio.o(.text)
    GPIO_SetBits                             0x080027d9   Thumb Code     4  stm32f4xx_gpio.o(.text)
    GPIO_ResetBits                           0x080027dd   Thumb Code     4  stm32f4xx_gpio.o(.text)
    GPIO_WriteBit                            0x080027e1   Thumb Code    12  stm32f4xx_gpio.o(.text)
    GPIO_Write                               0x080027ed   Thumb Code     4  stm32f4xx_gpio.o(.text)
    GPIO_ToggleBits                          0x080027f1   Thumb Code     8  stm32f4xx_gpio.o(.text)
    GPIO_PinAFConfig                         0x080027f9   Thumb Code    32  stm32f4xx_gpio.o(.text)
    RCC_DeInit                               0x08002845   Thumb Code    68  stm32f4xx_rcc.o(.text)
    RCC_HSEConfig                            0x08002889   Thumb Code    12  stm32f4xx_rcc.o(.text)
    RCC_GetFlagStatus                        0x08002895   Thumb Code    50  stm32f4xx_rcc.o(.text)
    RCC_WaitForHSEStartUp                    0x080028c7   Thumb Code    48  stm32f4xx_rcc.o(.text)
    RCC_AdjustHSICalibrationValue            0x080028f7   Thumb Code    16  stm32f4xx_rcc.o(.text)
    RCC_HSICmd                               0x08002907   Thumb Code     6  stm32f4xx_rcc.o(.text)
    RCC_LSEConfig                            0x0800290d   Thumb Code    30  stm32f4xx_rcc.o(.text)
    RCC_LSICmd                               0x0800292b   Thumb Code     6  stm32f4xx_rcc.o(.text)
    RCC_PLLConfig                            0x08002931   Thumb Code    34  stm32f4xx_rcc.o(.text)
    RCC_PLLCmd                               0x08002953   Thumb Code     6  stm32f4xx_rcc.o(.text)
    RCC_PLLI2SConfig                         0x08002959   Thumb Code    14  stm32f4xx_rcc.o(.text)
    RCC_PLLI2SCmd                            0x08002967   Thumb Code     6  stm32f4xx_rcc.o(.text)
    RCC_PLLSAIConfig                         0x0800296d   Thumb Code    18  stm32f4xx_rcc.o(.text)
    RCC_PLLSAICmd                            0x0800297f   Thumb Code     6  stm32f4xx_rcc.o(.text)
    RCC_ClockSecuritySystemCmd               0x08002985   Thumb Code     6  stm32f4xx_rcc.o(.text)
    RCC_MCO1Config                           0x0800298b   Thumb Code    18  stm32f4xx_rcc.o(.text)
    RCC_MCO2Config                           0x0800299d   Thumb Code    18  stm32f4xx_rcc.o(.text)
    RCC_SYSCLKConfig                         0x080029af   Thumb Code    16  stm32f4xx_rcc.o(.text)
    RCC_GetSYSCLKSource                      0x080029bf   Thumb Code    12  stm32f4xx_rcc.o(.text)
    RCC_HCLKConfig                           0x080029cb   Thumb Code    16  stm32f4xx_rcc.o(.text)
    RCC_PCLK1Config                          0x080029db   Thumb Code    16  stm32f4xx_rcc.o(.text)
    RCC_PCLK2Config                          0x080029eb   Thumb Code    18  stm32f4xx_rcc.o(.text)
    RCC_GetClocksFreq                        0x080029fd   Thumb Code   150  stm32f4xx_rcc.o(.text)
    RCC_RTCCLKConfig                         0x08002a93   Thumb Code    42  stm32f4xx_rcc.o(.text)
    RCC_RTCCLKCmd                            0x08002abd   Thumb Code     8  stm32f4xx_rcc.o(.text)
    RCC_BackupResetCmd                       0x08002ac5   Thumb Code     8  stm32f4xx_rcc.o(.text)
    RCC_I2SCLKConfig                         0x08002acd   Thumb Code     6  stm32f4xx_rcc.o(.text)
    RCC_SAIPLLI2SClkDivConfig                0x08002ad3   Thumb Code    18  stm32f4xx_rcc.o(.text)
    RCC_SAIPLLSAIClkDivConfig                0x08002ae5   Thumb Code    20  stm32f4xx_rcc.o(.text)
    RCC_SAIBlockACLKConfig                   0x08002af9   Thumb Code    16  stm32f4xx_rcc.o(.text)
    RCC_SAIBlockBCLKConfig                   0x08002b09   Thumb Code    16  stm32f4xx_rcc.o(.text)
    RCC_LTDCCLKDivConfig                     0x08002b19   Thumb Code    16  stm32f4xx_rcc.o(.text)
    RCC_TIMCLKPresConfig                     0x08002b29   Thumb Code     6  stm32f4xx_rcc.o(.text)
    RCC_AHB1PeriphClockCmd                   0x08002b2f   Thumb Code    24  stm32f4xx_rcc.o(.text)
    RCC_AHB2PeriphClockCmd                   0x08002b47   Thumb Code    24  stm32f4xx_rcc.o(.text)
    RCC_AHB3PeriphClockCmd                   0x08002b5f   Thumb Code    24  stm32f4xx_rcc.o(.text)
    RCC_APB1PeriphClockCmd                   0x08002b77   Thumb Code    24  stm32f4xx_rcc.o(.text)
    RCC_APB2PeriphClockCmd                   0x08002b8f   Thumb Code    24  stm32f4xx_rcc.o(.text)
    RCC_AHB1PeriphResetCmd                   0x08002ba7   Thumb Code    24  stm32f4xx_rcc.o(.text)
    RCC_AHB2PeriphResetCmd                   0x08002bbf   Thumb Code    24  stm32f4xx_rcc.o(.text)
    RCC_AHB3PeriphResetCmd                   0x08002bd7   Thumb Code    24  stm32f4xx_rcc.o(.text)
    RCC_APB1PeriphResetCmd                   0x08002bef   Thumb Code    24  stm32f4xx_rcc.o(.text)
    RCC_APB2PeriphResetCmd                   0x08002c07   Thumb Code    24  stm32f4xx_rcc.o(.text)
    RCC_AHB1PeriphClockLPModeCmd             0x08002c1f   Thumb Code    70  stm32f4xx_rcc.o(.text)
    RCC_AHB2PeriphClockLPModeCmd             0x08002c65   Thumb Code    22  stm32f4xx_rcc.o(.text)
    RCC_AHB3PeriphClockLPModeCmd             0x08002c7b   Thumb Code    24  stm32f4xx_rcc.o(.text)
    RCC_APB1PeriphClockLPModeCmd             0x08002c93   Thumb Code    24  stm32f4xx_rcc.o(.text)
    RCC_APB2PeriphClockLPModeCmd             0x08002cab   Thumb Code    24  stm32f4xx_rcc.o(.text)
    RCC_LSEModeConfig                        0x08002cc3   Thumb Code    28  stm32f4xx_rcc.o(.text)
    RCC_ITConfig                             0x08002cdf   Thumb Code    24  stm32f4xx_rcc.o(.text)
    RCC_ClearFlag                            0x08002cf7   Thumb Code    14  stm32f4xx_rcc.o(.text)
    RCC_GetITStatus                          0x08002d05   Thumb Code    18  stm32f4xx_rcc.o(.text)
    RCC_ClearITPendingBit                    0x08002d17   Thumb Code     8  stm32f4xx_rcc.o(.text)
    TIM_DeInit                               0x08002d25   Thumb Code   376  stm32f4xx_tim.o(.text)
    TIM_TimeBaseInit                         0x08002e9d   Thumb Code    96  stm32f4xx_tim.o(.text)
    TIM_TimeBaseStructInit                   0x08002efd   Thumb Code    18  stm32f4xx_tim.o(.text)
    TIM_PrescalerConfig                      0x08002f0f   Thumb Code     6  stm32f4xx_tim.o(.text)
    TIM_CounterModeConfig                    0x08002f15   Thumb Code    12  stm32f4xx_tim.o(.text)
    TIM_SetCounter                           0x08002f21   Thumb Code     4  stm32f4xx_tim.o(.text)
    TIM_SetAutoreload                        0x08002f25   Thumb Code     4  stm32f4xx_tim.o(.text)
    TIM_GetCounter                           0x08002f29   Thumb Code     4  stm32f4xx_tim.o(.text)
    TIM_GetPrescaler                         0x08002f2d   Thumb Code     4  stm32f4xx_tim.o(.text)
    TIM_UpdateDisableConfig                  0x08002f31   Thumb Code    24  stm32f4xx_tim.o(.text)
    TIM_UpdateRequestConfig                  0x08002f49   Thumb Code    24  stm32f4xx_tim.o(.text)
    TIM_ARRPreloadConfig                     0x08002f61   Thumb Code    24  stm32f4xx_tim.o(.text)
    TIM_SelectOnePulseMode                   0x08002f79   Thumb Code    16  stm32f4xx_tim.o(.text)
    TIM_SetClockDivision                     0x08002f89   Thumb Code    16  stm32f4xx_tim.o(.text)
    TIM_Cmd                                  0x08002f99   Thumb Code    24  stm32f4xx_tim.o(.text)
    TIM_OC1Init                              0x08002fb1   Thumb Code    96  stm32f4xx_tim.o(.text)
    TIM_OC2Init                              0x08003011   Thumb Code   128  stm32f4xx_tim.o(.text)
    TIM_OC3Init                              0x08003091   Thumb Code   176  stm32f4xx_tim.o(.text)
    TIM_OC4Init                              0x08003141   Thumb Code    92  stm32f4xx_tim.o(.text)
    TIM_OCStructInit                         0x0800319d   Thumb Code    20  stm32f4xx_tim.o(.text)
    TIM_SelectOCxM                           0x080031b1   Thumb Code    80  stm32f4xx_tim.o(.text)
    TIM_SetCompare1                          0x08003201   Thumb Code     4  stm32f4xx_tim.o(.text)
    TIM_SetCompare2                          0x08003205   Thumb Code     4  stm32f4xx_tim.o(.text)
    TIM_SetCompare3                          0x08003209   Thumb Code     4  stm32f4xx_tim.o(.text)
    TIM_SetCompare4                          0x0800320d   Thumb Code     4  stm32f4xx_tim.o(.text)
    TIM_ForcedOC1Config                      0x08003211   Thumb Code    12  stm32f4xx_tim.o(.text)
    TIM_ForcedOC2Config                      0x0800321d   Thumb Code    20  stm32f4xx_tim.o(.text)
    TIM_ForcedOC3Config                      0x08003231   Thumb Code    12  stm32f4xx_tim.o(.text)
    TIM_ForcedOC4Config                      0x0800323d   Thumb Code    20  stm32f4xx_tim.o(.text)
    TIM_OC1PreloadConfig                     0x08003251   Thumb Code    12  stm32f4xx_tim.o(.text)
    TIM_OC2PreloadConfig                     0x0800325d   Thumb Code    20  stm32f4xx_tim.o(.text)
    TIM_OC3PreloadConfig                     0x08003271   Thumb Code    12  stm32f4xx_tim.o(.text)
    TIM_OC4PreloadConfig                     0x0800327d   Thumb Code    20  stm32f4xx_tim.o(.text)
    TIM_OC1FastConfig                        0x08003291   Thumb Code    12  stm32f4xx_tim.o(.text)
    TIM_OC2FastConfig                        0x0800329d   Thumb Code    20  stm32f4xx_tim.o(.text)
    TIM_OC3FastConfig                        0x080032b1   Thumb Code    12  stm32f4xx_tim.o(.text)
    TIM_OC4FastConfig                        0x080032bd   Thumb Code    20  stm32f4xx_tim.o(.text)
    TIM_ClearOC1Ref                          0x080032d1   Thumb Code    12  stm32f4xx_tim.o(.text)
    TIM_ClearOC2Ref                          0x080032dd   Thumb Code    20  stm32f4xx_tim.o(.text)
    TIM_ClearOC3Ref                          0x080032f1   Thumb Code    12  stm32f4xx_tim.o(.text)
    TIM_ClearOC4Ref                          0x080032fd   Thumb Code    20  stm32f4xx_tim.o(.text)
    TIM_OC1PolarityConfig                    0x08003311   Thumb Code    12  stm32f4xx_tim.o(.text)
    TIM_OC1NPolarityConfig                   0x0800331d   Thumb Code    12  stm32f4xx_tim.o(.text)
    TIM_OC2PolarityConfig                    0x08003329   Thumb Code    20  stm32f4xx_tim.o(.text)
    TIM_OC2NPolarityConfig                   0x0800333d   Thumb Code    20  stm32f4xx_tim.o(.text)
    TIM_OC3PolarityConfig                    0x08003351   Thumb Code    20  stm32f4xx_tim.o(.text)
    TIM_OC3NPolarityConfig                   0x08003365   Thumb Code    20  stm32f4xx_tim.o(.text)
    TIM_OC4PolarityConfig                    0x08003379   Thumb Code    20  stm32f4xx_tim.o(.text)
    TIM_CCxCmd                               0x0800338d   Thumb Code    22  stm32f4xx_tim.o(.text)
    TIM_CCxNCmd                              0x080033a3   Thumb Code    22  stm32f4xx_tim.o(.text)
    TIM_SetIC4Prescaler                      0x080033b9   Thumb Code    24  stm32f4xx_tim.o(.text)
    TIM_SetIC3Prescaler                      0x08003407   Thumb Code    16  stm32f4xx_tim.o(.text)
    TIM_SetIC2Prescaler                      0x08003449   Thumb Code    24  stm32f4xx_tim.o(.text)
    TIM_SetIC1Prescaler                      0x08003497   Thumb Code    16  stm32f4xx_tim.o(.text)
    TIM_ICInit                               0x080034d5   Thumb Code    90  stm32f4xx_tim.o(.text)
    TIM_ICStructInit                         0x0800352f   Thumb Code    16  stm32f4xx_tim.o(.text)
    TIM_PWMIConfig                           0x0800353f   Thumb Code   116  stm32f4xx_tim.o(.text)
    TIM_GetCapture1                          0x080035b3   Thumb Code     4  stm32f4xx_tim.o(.text)
    TIM_GetCapture2                          0x080035b7   Thumb Code     4  stm32f4xx_tim.o(.text)
    TIM_GetCapture3                          0x080035bb   Thumb Code     4  stm32f4xx_tim.o(.text)
    TIM_GetCapture4                          0x080035bf   Thumb Code     4  stm32f4xx_tim.o(.text)
    TIM_BDTRConfig                           0x080035c3   Thumb Code    34  stm32f4xx_tim.o(.text)
    TIM_BDTRStructInit                       0x080035e5   Thumb Code    18  stm32f4xx_tim.o(.text)
    TIM_CtrlPWMOutputs                       0x080035f7   Thumb Code    28  stm32f4xx_tim.o(.text)
    TIM_SelectCOM                            0x08003613   Thumb Code    24  stm32f4xx_tim.o(.text)
    TIM_CCPreloadControl                     0x0800362b   Thumb Code    24  stm32f4xx_tim.o(.text)
    TIM_ITConfig                             0x08003643   Thumb Code    20  stm32f4xx_tim.o(.text)
    TIM_GenerateEvent                        0x08003657   Thumb Code     4  stm32f4xx_tim.o(.text)
    TIM_GetFlagStatus                        0x0800365b   Thumb Code    14  stm32f4xx_tim.o(.text)
    TIM_ClearFlag                            0x08003669   Thumb Code     6  stm32f4xx_tim.o(.text)
    TIM_GetITStatus                          0x0800366f   Thumb Code    24  stm32f4xx_tim.o(.text)
    TIM_ClearITPendingBit                    0x08003687   Thumb Code     6  stm32f4xx_tim.o(.text)
    TIM_DMAConfig                            0x0800368d   Thumb Code     8  stm32f4xx_tim.o(.text)
    TIM_DMACmd                               0x08003695   Thumb Code    20  stm32f4xx_tim.o(.text)
    TIM_SelectCCDMA                          0x080036a9   Thumb Code    24  stm32f4xx_tim.o(.text)
    TIM_InternalClockConfig                  0x080036c1   Thumb Code    10  stm32f4xx_tim.o(.text)
    TIM_SelectInputTrigger                   0x080036cb   Thumb Code    12  stm32f4xx_tim.o(.text)
    TIM_ITRxExternalClockConfig              0x080036d7   Thumb Code    20  stm32f4xx_tim.o(.text)
    TIM_TIxExternalClockConfig               0x080036eb   Thumb Code    48  stm32f4xx_tim.o(.text)
    TIM_ETRConfig                            0x0800371b   Thumb Code    24  stm32f4xx_tim.o(.text)
    TIM_ETRClockMode1Config                  0x08003733   Thumb Code    32  stm32f4xx_tim.o(.text)
    TIM_ETRClockMode2Config                  0x08003753   Thumb Code    20  stm32f4xx_tim.o(.text)
    TIM_SelectOutputTrigger                  0x08003767   Thumb Code    16  stm32f4xx_tim.o(.text)
    TIM_SelectSlaveMode                      0x08003777   Thumb Code    16  stm32f4xx_tim.o(.text)
    TIM_SelectMasterSlaveMode                0x08003787   Thumb Code    16  stm32f4xx_tim.o(.text)
    TIM_EncoderInterfaceConfig               0x08003797   Thumb Code    50  stm32f4xx_tim.o(.text)
    TIM_SelectHallSensor                     0x080037c9   Thumb Code    24  stm32f4xx_tim.o(.text)
    TIM_RemapConfig                          0x080037e1   Thumb Code     6  stm32f4xx_tim.o(.text)
    USART_DeInit                             0x080037e9   Thumb Code   224  stm32f4xx_usart.o(.text)
    USART_Init                               0x080038c9   Thumb Code   180  stm32f4xx_usart.o(.text)
    USART_StructInit                         0x0800397d   Thumb Code    22  stm32f4xx_usart.o(.text)
    USART_ClockInit                          0x08003993   Thumb Code    28  stm32f4xx_usart.o(.text)
    USART_ClockStructInit                    0x080039af   Thumb Code    12  stm32f4xx_usart.o(.text)
    USART_Cmd                                0x080039bb   Thumb Code    24  stm32f4xx_usart.o(.text)
    USART_SetPrescaler                       0x080039d3   Thumb Code    16  stm32f4xx_usart.o(.text)
    USART_OverSampling8Cmd                   0x080039e3   Thumb Code    24  stm32f4xx_usart.o(.text)
    USART_OneBitMethodCmd                    0x080039fb   Thumb Code    24  stm32f4xx_usart.o(.text)
    USART_SendData                           0x08003a13   Thumb Code     8  stm32f4xx_usart.o(.text)
    USART_ReceiveData                        0x08003a1b   Thumb Code     8  stm32f4xx_usart.o(.text)
    USART_SetAddress                         0x08003a23   Thumb Code    16  stm32f4xx_usart.o(.text)
    USART_ReceiverWakeUpCmd                  0x08003a33   Thumb Code    24  stm32f4xx_usart.o(.text)
    USART_WakeUpConfig                       0x08003a4b   Thumb Code    16  stm32f4xx_usart.o(.text)
    USART_LINBreakDetectLengthConfig         0x08003a5b   Thumb Code    16  stm32f4xx_usart.o(.text)
    USART_LINCmd                             0x08003a6b   Thumb Code    24  stm32f4xx_usart.o(.text)
    USART_SendBreak                          0x08003a83   Thumb Code    10  stm32f4xx_usart.o(.text)
    USART_HalfDuplexCmd                      0x08003a8d   Thumb Code    24  stm32f4xx_usart.o(.text)
    USART_SetGuardTime                       0x08003aa5   Thumb Code    16  stm32f4xx_usart.o(.text)
    USART_SmartCardCmd                       0x08003ab5   Thumb Code    24  stm32f4xx_usart.o(.text)
    USART_SmartCardNACKCmd                   0x08003acd   Thumb Code    24  stm32f4xx_usart.o(.text)
    USART_IrDAConfig                         0x08003ae5   Thumb Code    16  stm32f4xx_usart.o(.text)
    USART_IrDACmd                            0x08003af5   Thumb Code    24  stm32f4xx_usart.o(.text)
    USART_DMACmd                             0x08003b0d   Thumb Code    20  stm32f4xx_usart.o(.text)
    USART_ITConfig                           0x08003b21   Thumb Code    54  stm32f4xx_usart.o(.text)
    USART_GetFlagStatus                      0x08003b57   Thumb Code    14  stm32f4xx_usart.o(.text)
    USART_ClearFlag                          0x08003b65   Thumb Code     8  stm32f4xx_usart.o(.text)
    USART_GetITStatus                        0x08003b6d   Thumb Code    64  stm32f4xx_usart.o(.text)
    USART_ClearITPendingBit                  0x08003bad   Thumb Code    16  stm32f4xx_usart.o(.text)
    FLASH_SetLatency                         0x08003bdd   Thumb Code     6  stm32f4xx_flash.o(.text)
    FLASH_PrefetchBufferCmd                  0x08003be3   Thumb Code    26  stm32f4xx_flash.o(.text)
    FLASH_InstructionCacheCmd                0x08003bfd   Thumb Code    26  stm32f4xx_flash.o(.text)
    FLASH_DataCacheCmd                       0x08003c17   Thumb Code    26  stm32f4xx_flash.o(.text)
    FLASH_InstructionCacheReset              0x08003c31   Thumb Code    12  stm32f4xx_flash.o(.text)
    FLASH_DataCacheReset                     0x08003c3d   Thumb Code    12  stm32f4xx_flash.o(.text)
    FLASH_Unlock                             0x08003c49   Thumb Code    24  stm32f4xx_flash.o(.text)
    FLASH_Lock                               0x08003c61   Thumb Code    14  stm32f4xx_flash.o(.text)
    FLASH_GetStatus                          0x08003c6f   Thumb Code    58  stm32f4xx_flash.o(.text)
    FLASH_WaitForLastOperation               0x08003ca9   Thumb Code    34  stm32f4xx_flash.o(.text)
    FLASH_EraseSector                        0x08003ccb   Thumb Code   108  stm32f4xx_flash.o(.text)
    FLASH_EraseAllSectors                    0x08003d37   Thumb Code    88  stm32f4xx_flash.o(.text)
    FLASH_EraseAllBank1Sectors               0x08003d8f   Thumb Code    88  stm32f4xx_flash.o(.text)
    FLASH_EraseAllBank2Sectors               0x08003de7   Thumb Code    88  stm32f4xx_flash.o(.text)
    FLASH_ProgramDoubleWord                  0x08003e3f   Thumb Code    62  stm32f4xx_flash.o(.text)
    FLASH_ProgramWord                        0x08003e7d   Thumb Code    58  stm32f4xx_flash.o(.text)
    FLASH_ProgramHalfWord                    0x08003eb7   Thumb Code    58  stm32f4xx_flash.o(.text)
    FLASH_ProgramByte                        0x08003ef1   Thumb Code    54  stm32f4xx_flash.o(.text)
    FLASH_OB_Unlock                          0x08003f27   Thumb Code    24  stm32f4xx_flash.o(.text)
    FLASH_OB_Lock                            0x08003f3f   Thumb Code    14  stm32f4xx_flash.o(.text)
    FLASH_OB_WRPConfig                       0x08003f4d   Thumb Code    36  stm32f4xx_flash.o(.text)
    FLASH_OB_WRP1Config                      0x08003f71   Thumb Code    36  stm32f4xx_flash.o(.text)
    FLASH_OB_PCROPSelectionConfig            0x08003f95   Thumb Code    16  stm32f4xx_flash.o(.text)
    FLASH_OB_PCROPConfig                     0x08003fa5   Thumb Code    56  stm32f4xx_flash.o(.text)
    FLASH_OB_PCROP1Config                    0x08003fdd   Thumb Code    34  stm32f4xx_flash.o(.text)
    FLASH_OB_RDPConfig                       0x08003fff   Thumb Code    20  stm32f4xx_flash.o(.text)
    FLASH_OB_UserConfig                      0x08004013   Thumb Code    36  stm32f4xx_flash.o(.text)
    FLASH_OB_BootConfig                      0x08004037   Thumb Code    20  stm32f4xx_flash.o(.text)
    FLASH_OB_BORConfig                       0x0800404b   Thumb Code    20  stm32f4xx_flash.o(.text)
    FLASH_OB_Launch                          0x0800405f   Thumb Code    14  stm32f4xx_flash.o(.text)
    FLASH_OB_GetUser                         0x0800406d   Thumb Code    12  stm32f4xx_flash.o(.text)
    FLASH_OB_GetWRP                          0x08004079   Thumb Code     8  stm32f4xx_flash.o(.text)
    FLASH_OB_GetWRP1                         0x08004081   Thumb Code     6  stm32f4xx_flash.o(.text)
    FLASH_OB_GetPCROP                        0x08004087   Thumb Code     8  stm32f4xx_flash.o(.text)
    FLASH_OB_GetPCROP1                       0x0800408f   Thumb Code     6  stm32f4xx_flash.o(.text)
    FLASH_OB_GetRDP                          0x08004095   Thumb Code    16  stm32f4xx_flash.o(.text)
    FLASH_OB_GetBOR                          0x080040a5   Thumb Code    12  stm32f4xx_flash.o(.text)
    FLASH_ITConfig                           0x080040b1   Thumb Code    24  stm32f4xx_flash.o(.text)
    FLASH_GetFlagStatus                      0x080040c9   Thumb Code    18  stm32f4xx_flash.o(.text)
    FLASH_ClearFlag                          0x080040db   Thumb Code     8  stm32f4xx_flash.o(.text)
    mymemcpy                                 0x080040e9   Thumb Code    18  malloc.o(.text)
    mymemset                                 0x080040fb   Thumb Code    14  malloc.o(.text)
    mem_init                                 0x08004109   Thumb Code    52  malloc.o(.text)
    mem_perused                              0x0800413d   Thumb Code    48  malloc.o(.text)
    mem_malloc                               0x0800416d   Thumb Code   150  malloc.o(.text)
    mem_free                                 0x08004203   Thumb Code    84  malloc.o(.text)
    myfree                                   0x08004257   Thumb Code    18  malloc.o(.text)
    mymalloc                                 0x08004269   Thumb Code    30  malloc.o(.text)
    myrealloc                                0x08004287   Thumb Code    60  malloc.o(.text)
    vListInitialise                          0x080042cd   Thumb Code    22  list.o(.text)
    vListInitialiseItem                      0x080042e3   Thumb Code     6  list.o(.text)
    vListInsertEnd                           0x080042e9   Thumb Code    24  list.o(.text)
    vListInsert                              0x08004301   Thumb Code    48  list.o(.text)
    uxListRemove                             0x08004331   Thumb Code    36  list.o(.text)
    xQueueGenericReset                       0x08004355   Thumb Code   130  queue.o(.text)
    xQueueGenericCreate                      0x080043fd   Thumb Code    64  queue.o(.text)
    xQueueGenericSend                        0x080045b5   Thumb Code   358  queue.o(.text)
    xQueueCreateMutex                        0x0800475b   Thumb Code    24  queue.o(.text)
    xQueueGiveMutexRecursive                 0x08004773   Thumb Code    62  queue.o(.text)
    xQueueGenericReceive                     0x080047f3   Thumb Code   386  queue.o(.text)
    xQueueTakeMutexRecursive                 0x08004975   Thumb Code    70  queue.o(.text)
    xQueueCreateCountingSemaphore            0x080049bb   Thumb Code    64  queue.o(.text)
    xQueueGenericSendFromISR                 0x080049fb   Thumb Code   210  queue.o(.text)
    xQueueGiveFromISR                        0x08004acd   Thumb Code   184  queue.o(.text)
    xQueueReceiveFromISR                     0x08004b85   Thumb Code   152  queue.o(.text)
    xQueuePeekFromISR                        0x08004c1d   Thumb Code   120  queue.o(.text)
    uxQueueMessagesWaiting                   0x08004c95   Thumb Code    38  queue.o(.text)
    uxQueueSpacesAvailable                   0x08004cbb   Thumb Code    42  queue.o(.text)
    uxQueueMessagesWaitingFromISR            0x08004ce5   Thumb Code    28  queue.o(.text)
    vQueueUnregisterQueue                    0x08004d01   Thumb Code    36  queue.o(.text)
    vQueueDelete                             0x08004d25   Thumb Code    40  queue.o(.text)
    uxQueueGetQueueNumber                    0x08004d4d   Thumb Code     4  queue.o(.text)
    vQueueSetQueueNumber                     0x08004d51   Thumb Code     4  queue.o(.text)
    ucQueueGetQueueType                      0x08004d55   Thumb Code     6  queue.o(.text)
    xQueueIsQueueEmptyFromISR                0x08004d5b   Thumb Code    36  queue.o(.text)
    xQueueIsQueueFullFromISR                 0x08004d7f   Thumb Code    40  queue.o(.text)
    vQueueAddToRegistry                      0x08004da7   Thumb Code    32  queue.o(.text)
    pcQueueGetName                           0x08004dc7   Thumb Code    34  queue.o(.text)
    vQueueWaitForMessageRestricted           0x08004de9   Thumb Code    70  queue.o(.text)
    xQueueCreateSet                          0x08004e2f   Thumb Code     8  queue.o(.text)
    xQueueAddToSet                           0x08004e37   Thumb Code    38  queue.o(.text)
    xQueueRemoveFromSet                      0x08004e5d   Thumb Code    38  queue.o(.text)
    xQueueSelectFromSet                      0x08004e83   Thumb Code    18  queue.o(.text)
    xQueueSelectFromSetFromISR               0x08004e95   Thumb Code    18  queue.o(.text)
    xTaskCreate                              0x0800500f   Thumb Code    96  tasks.o(.text)
    vTaskDelete                              0x080050a1   Thumb Code   154  tasks.o(.text)
    xTaskIncrementTick                       0x0800513b   Thumb Code   192  tasks.o(.text)
    xTaskResumeAll                           0x080051fb   Thumb Code   242  tasks.o(.text)
    vTaskSuspendAll                          0x08005353   Thumb Code    10  tasks.o(.text)
    vTaskDelayUntil                          0x0800535d   Thumb Code   144  tasks.o(.text)
    vTaskDelay                               0x080053ed   Thumb Code    70  tasks.o(.text)
    eTaskGetState                            0x08005433   Thumb Code    98  tasks.o(.text)
    uxTaskPriorityGet                        0x08005495   Thumb Code    24  tasks.o(.text)
    uxTaskPriorityGetFromISR                 0x080054ad   Thumb Code    40  tasks.o(.text)
    vTaskPrioritySet                         0x080054d5   Thumb Code   192  tasks.o(.text)
    vTaskSwitchContext                       0x08005595   Thumb Code    88  tasks.o(.text)
    vTaskSuspend                             0x080055ed   Thumb Code   156  tasks.o(.text)
    vTaskResume                              0x080056bb   Thumb Code   138  tasks.o(.text)
    xTaskResumeFromISR                       0x08005745   Thumb Code   130  tasks.o(.text)
    vTaskStartScheduler                      0x08005831   Thumb Code   104  tasks.o(.text)
    vTaskEndScheduler                        0x08005899   Thumb Code    24  tasks.o(.text)
    xTaskGetTickCount                        0x080058b1   Thumb Code     6  tasks.o(.text)
    xTaskGetTickCountFromISR                 0x080058b7   Thumb Code    12  tasks.o(.text)
    uxTaskGetNumberOfTasks                   0x080058c3   Thumb Code     6  tasks.o(.text)
    pcTaskGetName                            0x080058c9   Thumb Code    40  tasks.o(.text)
    vTaskGetInfo                             0x08005905   Thumb Code   120  tasks.o(.text)
    uxTaskGetSystemState                     0x080059d7   Thumb Code   158  tasks.o(.text)
    vTaskPlaceOnEventList                    0x08005a75   Thumb Code    48  tasks.o(.text)
    vTaskPlaceOnUnorderedEventList           0x08005aa5   Thumb Code   112  tasks.o(.text)
    vTaskPlaceOnEventListRestricted          0x08005b15   Thumb Code    58  tasks.o(.text)
    xTaskRemoveFromEventList                 0x08005b4f   Thumb Code   110  tasks.o(.text)
    xTaskRemoveFromUnorderedEventList        0x08005bbd   Thumb Code   118  tasks.o(.text)
    vTaskSetTimeOutState                     0x08005c33   Thumb Code    36  tasks.o(.text)
    xTaskCheckForTimeOut                     0x08005c57   Thumb Code   112  tasks.o(.text)
    vTaskMissedYield                         0x08005cc7   Thumb Code     8  tasks.o(.text)
    uxTaskGetTaskNumber                      0x08005ccf   Thumb Code    12  tasks.o(.text)
    vTaskSetTaskNumber                       0x08005cdb   Thumb Code     8  tasks.o(.text)
    xTaskGetCurrentTaskHandle                0x08005ce3   Thumb Code     6  tasks.o(.text)
    xTaskGetSchedulerState                   0x08005ce9   Thumb Code    24  tasks.o(.text)
    vTaskPriorityInherit                     0x08005d01   Thumb Code   126  tasks.o(.text)
    xTaskPriorityDisinherit                  0x08005d7f   Thumb Code   144  tasks.o(.text)
    vTaskList                                0x08005e33   Thumb Code   168  tasks.o(.text)
    uxTaskResetEventItemValue                0x08005edb   Thumb Code    20  tasks.o(.text)
    pvTaskIncrementMutexHeldCount            0x08005eef   Thumb Code    20  tasks.o(.text)
    ulTaskNotifyTake                         0x08005f03   Thumb Code   126  tasks.o(.text)
    xTaskNotifyWait                          0x08005f81   Thumb Code   132  tasks.o(.text)
    xTaskGenericNotify                       0x08006005   Thumb Code   194  tasks.o(.text)
    xTaskGenericNotifyFromISR                0x080060c7   Thumb Code   242  tasks.o(.text)
    vTaskNotifyGiveFromISR                   0x080061b9   Thumb Code   174  tasks.o(.text)
    xTaskNotifyStateClear                    0x08006267   Thumb Code    46  tasks.o(.text)
    xTimerGenericCommand                     0x080062e1   Thumb Code   112  timers.o(.text)
    xTimerCreateTimerTask                    0x080065c7   Thumb Code    58  timers.o(.text)
    xTimerCreate                             0x08006643   Thumb Code    46  timers.o(.text)
    xTimerGetTimerDaemonTaskHandle           0x08006671   Thumb Code   100  timers.o(.text)
    xTimerGetPeriod                          0x080066d5   Thumb Code    28  timers.o(.text)
    xTimerGetExpiryTime                      0x080066f1   Thumb Code    28  timers.o(.text)
    pcTimerGetName                           0x0800670d   Thumb Code    28  timers.o(.text)
    xTimerIsTimerActive                      0x08006729   Thumb Code    46  timers.o(.text)
    pvTimerGetTimerID                        0x08006757   Thumb Code    38  timers.o(.text)
    vTimerSetTimerID                         0x0800677d   Thumb Code    40  timers.o(.text)
    xTimerPendFunctionCallFromISR            0x080067a5   Thumb Code    34  timers.o(.text)
    xTimerPendFunctionCall                   0x080067c7   Thumb Code    66  timers.o(.text)
    pxPortInitialiseStack                    0x08006831   Thumb Code    30  port.o(.text)
    vPortSetupTimerInterrupt                 0x0800684f   Thumb Code    26  port.o(.text)
    xPortStartScheduler                      0x08006869   Thumb Code   192  port.o(.text)
    vPortEndScheduler                        0x08006929   Thumb Code    24  port.o(.text)
    vPortEnterCritical                       0x08006941   Thumb Code    52  port.o(.text)
    vPortExitCritical                        0x08006975   Thumb Code    38  port.o(.text)
    xPortSysTickHandler                      0x0800699b   Thumb Code    40  port.o(.text)
    vPortValidateInterruptPriority           0x080069c3   Thumb Code    72  port.o(.text)
    pvPortMalloc                             0x08006af7   Thumb Code   206  heap_4.o(.text)
    vPortFree                                0x08006bc5   Thumb Code    96  heap_4.o(.text)
    xPortGetFreeHeapSize                     0x08006c25   Thumb Code     8  heap_4.o(.text)
    xPortGetMinimumEverFreeHeapSize          0x08006c2d   Thumb Code     8  heap_4.o(.text)
    vPortInitialiseBlocks                    0x08006c35   Thumb Code     2  heap_4.o(.text)
    __aeabi_memcpy                           0x08006c79   Thumb Code    36  memcpya.o(.text)
    __aeabi_memcpy4                          0x08006c79   Thumb Code     0  memcpya.o(.text)
    __aeabi_memcpy8                          0x08006c79   Thumb Code     0  memcpya.o(.text)
    __aeabi_memset                           0x08006c9d   Thumb Code    14  memseta.o(.text)
    __aeabi_memset4                          0x08006c9d   Thumb Code     0  memseta.o(.text)
    __aeabi_memset8                          0x08006c9d   Thumb Code     0  memseta.o(.text)
    __aeabi_memclr                           0x08006cab   Thumb Code     4  memseta.o(.text)
    __aeabi_memclr4                          0x08006cab   Thumb Code     0  memseta.o(.text)
    __aeabi_memclr8                          0x08006cab   Thumb Code     0  memseta.o(.text)
    _memset$wrapper                          0x08006caf   Thumb Code    18  memseta.o(.text)
    strlen                                   0x08006cc1   Thumb Code    14  strlen.o(.text)
    strcpy                                   0x08006ccf   Thumb Code    18  strcpy.o(.text)
    __aeabi_uidiv                            0x08006ce1   Thumb Code     0  uidiv.o(.text)
    __aeabi_uidivmod                         0x08006ce1   Thumb Code    44  uidiv.o(.text)
    __aeabi_uldivmod                         0x08006d0d   Thumb Code    98  uldiv.o(.text)
    __I$use$fp                               0x08006d6f   Thumb Code     0  iusefp.o(.text)
    __aeabi_dadd                             0x08006d6f   Thumb Code   322  dadd.o(.text)
    __aeabi_dsub                             0x08006eb1   Thumb Code     6  dadd.o(.text)
    __aeabi_drsub                            0x08006eb7   Thumb Code     6  dadd.o(.text)
    __aeabi_dmul                             0x08006ebd   Thumb Code   228  dmul.o(.text)
    __aeabi_ddiv                             0x08006fa1   Thumb Code   222  ddiv.o(.text)
    __aeabi_d2ulz                            0x0800707f   Thumb Code    48  dfixul.o(.text)
    __aeabi_cdrcmple                         0x080070b1   Thumb Code    48  cdrcmple.o(.text)
    __scatterload                            0x080070e1   Thumb Code    28  init.o(.text)
    __scatterload_rt2                        0x080070e1   Thumb Code     0  init.o(.text)
    __aeabi_llsl                             0x08007105   Thumb Code    30  llshl.o(.text)
    _ll_shift_l                              0x08007105   Thumb Code     0  llshl.o(.text)
    __aeabi_llsr                             0x08007123   Thumb Code    32  llushr.o(.text)
    _ll_ushift_r                             0x08007123   Thumb Code     0  llushr.o(.text)
    __aeabi_lasr                             0x08007143   Thumb Code    36  llsshr.o(.text)
    _ll_sshift_r                             0x08007143   Thumb Code     0  llsshr.o(.text)
    _double_round                            0x08007167   Thumb Code    30  depilogue.o(.text)
    _double_epilogue                         0x08007185   Thumb Code   156  depilogue.o(.text)
    __decompress                             0x08007221   Thumb Code     0  __dczerorl2.o(.text)
    __decompress1                            0x08007221   Thumb Code    86  __dczerorl2.o(.text)
    __0printf$3                              0x08007279   Thumb Code    22  printf3.o(i.__0printf$3)
    __1printf$3                              0x08007279   Thumb Code     0  printf3.o(i.__0printf$3)
    __2printf                                0x08007279   Thumb Code     0  printf3.o(i.__0printf$3)
    __0sprintf$3                             0x08007299   Thumb Code    34  printf3.o(i.__0sprintf$3)
    __1sprintf$3                             0x08007299   Thumb Code     0  printf3.o(i.__0sprintf$3)
    __2sprintf                               0x08007299   Thumb Code     0  printf3.o(i.__0sprintf$3)
    __0vsnprintf                             0x080072c1   Thumb Code    46  printfa.o(i.__0vsnprintf)
    __1vsnprintf                             0x080072c1   Thumb Code     0  printfa.o(i.__0vsnprintf)
    __2vsnprintf                             0x080072c1   Thumb Code     0  printfa.o(i.__0vsnprintf)
    __c89vsnprintf                           0x080072c1   Thumb Code     0  printfa.o(i.__0vsnprintf)
    vsnprintf                                0x080072c1   Thumb Code     0  printfa.o(i.__0vsnprintf)
    __scatterload_copy                       0x080072f5   Thumb Code    14  handlers.o(i.__scatterload_copy)
    __scatterload_null                       0x08007303   Thumb Code     2  handlers.o(i.__scatterload_null)
    __scatterload_zeroinit                   0x08007305   Thumb Code    14  handlers.o(i.__scatterload_zeroinit)
    free                                     0x08007d79   Thumb Code    76  malloc.o(i.free)
    malloc                                   0x08007dc9   Thumb Code    92  malloc.o(i.malloc)
    FSMC_DefaultTimingStruct                 0x08007e34   Data          28  stm32f4xx_fsmc.o(.constdata)
    memtblsize                               0x08007e50   Data          12  malloc.o(.constdata)
    memblksize                               0x08007e5c   Data          12  malloc.o(.constdata)
    memsize                                  0x08007e68   Data          12  malloc.o(.constdata)
    Region$$Table$$Base                      0x08007e74   Number         0  anon$$obj.o(Region$$Table)
    Region$$Table$$Limit                     0x08007e94   Number         0  anon$$obj.o(Region$$Table)
    mem3base                                 0x10000000   Data       61440  malloc.o(.ARM.__AT_0x10000000)
    mem3mapbase                              0x1000f000   Data        3840  malloc.o(.ARM.__AT_0x1000F000)
    StartTask_Handler                        0x20000000   Data           4  main.o(.data)
    MAINTask_Handler                         0x20000004   Data           4  main.o(.data)
    SystemCoreClock                          0x20000008   Data           4  system_stm32f4xx.o(.data)
    AHBPrescTable                            0x2000000c   Data          16  system_stm32f4xx.o(.data)
    count_ms_0                               0x20000020   Data           2  timer.o(.data)
    count_s_0                                0x20000022   Data           2  timer.o(.data)
    m                                        0x20000044   Data           4  timer.o(.data)
    n                                        0x20000048   Data           4  timer.o(.data)
    Motor_Left                               0x2000004c   Data           4  timer.o(.data)
    Motor_Right                              0x20000050   Data           4  timer.o(.data)
    Target_Left                              0x20000054   Data           4  timer.o(.data)
    Target_Righ                              0x20000058   Data           4  timer.o(.data)
    Encoder1                                 0x2000005c   Data           4  timer.o(.data)
    Encoder2                                 0x20000060   Data           4  timer.o(.data)
    Encoder_TIM                              0x20000064   Data           4  timer.o(.data)
    FreeRTOSRunTimeTicks                     0x20000068   Data           8  timer.o(.data)
    AD_Value                                 0x20000070   Data           8  sensor.o(.data)
    terminal_flag                            0x20000078   Data           1  train.o(.data)
    block_flag                               0x20000079   Data           1  train.o(.data)
    L                                        0x2000007c   Data           4  train.o(.data)
    direct                                   0x20000080   Data          32  train.o(.data)
    fontaddr                                 0x200000a0   Data           4  oled.o(.data)
    USART_RX_STA                             0x200000a8   Data           2  usart.o(.data)
    __stdout                                 0x200000ac   Data           4  usart.o(.data)
    mallco_dev                               0x200000c0   Data          36  malloc.o(.data)
    pxCurrentTCB                             0x200000e4   Data           4  tasks.o(.data)
    __microlib_freelist                      0x20000158   Data           4  mvars.o(.data)
    __microlib_freelist_initialised          0x2000015c   Data           4  mvars.o(.data)
    USART_RX_BUF                             0x20000160   Data         200  usart.o(.bss)
    mem1base                                 0x20000228   Data       81920  malloc.o(.bss)
    mem1mapbase                              0x20014228   Data        5120  malloc.o(.bss)
    xQueueRegistry                           0x20015628   Data          64  queue.o(.bss)
    __heap_base                              0x2001a978   Data           0  startup_stm32f40_41xxx.o(HEAP)
    __heap_limit                             0x2001ab78   Data           0  startup_stm32f40_41xxx.o(HEAP)
    __initial_sp                             0x2001af78   Data           0  startup_stm32f40_41xxx.o(STACK)
    mem2base                                 0x68000000   Data       819200  malloc.o(.ARM.__AT_0x68000000)
    mem2mapbase                              0x680c8000   Data       51200  malloc.o(.ARM.__AT_0x680C8000)



==============================================================================

Memory Map of the image

  Image Entry point : 0x08000189

  Load Region LR_IROM1 (Base: 0x08000000, Size: 0x00007ff4, Max: 0x00100000, ABSOLUTE, COMPRESSED[0x00007ed8])

    Execution Region ER_IROM1 (Exec base: 0x08000000, Load base: 0x08000000, Size: 0x00007e94, Max: 0x00100000, ABSOLUTE)

    Exec Addr    Load Addr    Size         Type   Attr      Idx    E Section Name        Object

    0x08000000   0x08000000   0x00000188   Data   RO          633    RESET               startup_stm32f40_41xxx.o
    0x08000188   0x08000188   0x00000000   Code   RO         1150  * .ARM.Collect$$$$00000000  mc_w.l(entry.o)
    0x08000188   0x08000188   0x00000004   Code   RO         1452    .ARM.Collect$$$$00000001  mc_w.l(entry2.o)
    0x0800018c   0x0800018c   0x00000004   Code   RO         1455    .ARM.Collect$$$$00000004  mc_w.l(entry5.o)
    0x08000190   0x08000190   0x00000000   Code   RO         1457    .ARM.Collect$$$$00000008  mc_w.l(entry7b.o)
    0x08000190   0x08000190   0x00000000   Code   RO         1459    .ARM.Collect$$$$0000000A  mc_w.l(entry8b.o)
    0x08000190   0x08000190   0x00000008   Code   RO         1460    .ARM.Collect$$$$0000000B  mc_w.l(entry9a.o)
    0x08000198   0x08000198   0x00000004   Code   RO         1467    .ARM.Collect$$$$0000000E  mc_w.l(entry12b.o)
    0x0800019c   0x0800019c   0x00000000   Code   RO         1462    .ARM.Collect$$$$0000000F  mc_w.l(entry10a.o)
    0x0800019c   0x0800019c   0x00000000   Code   RO         1464    .ARM.Collect$$$$00000011  mc_w.l(entry11a.o)
    0x0800019c   0x0800019c   0x00000004   Code   RO         1453    .ARM.Collect$$$$00002712  mc_w.l(entry2.o)
    0x080001a0   0x080001a0   0x000000b6   Code   RO         1091    .emb_text           port.o
    0x08000256   0x08000256   0x00000002   PAD
    0x08000258   0x08000258   0x00000268   Code   RO            3    .text               main.o
    0x080004c0   0x080004c0   0x0000000c   Code   RO          222    .text               stm32f4xx_it.o
    0x080004cc   0x080004cc   0x00000190   Code   RO          271    .text               system_stm32f4xx.o
    0x0800065c   0x0800065c   0x00000040   Code   RO          297    .text               led.o
    0x0800069c   0x0800069c   0x00000104   Code   RO          317    .text               key.o
    0x080007a0   0x080007a0   0x000004f8   Code   RO          338    .text               timer.o
    0x08000c98   0x08000c98   0x000002a8   Code   RO          373    .text               sram.o
    0x08000f40   0x08000f40   0x00000144   Code   RO          436    .text               stmflash.o
    0x08001084   0x08001084   0x000003ac   Code   RO          459    .text               train.o
    0x08001430   0x08001430   0x000001c4   Code   RO          492    .text               pwm.o
    0x080015f4   0x080015f4   0x000006bc   Code   RO          513    .text               oled.o
    0x08001cb0   0x08001cb0   0x000000c8   Code   RO          539    .text               delay.o
    0x08001d78   0x08001d78   0x00000308   Code   RO          589    .text               usart.o
    0x08002080   0x08002080   0x00000024   Code   RO          634    .text               startup_stm32f40_41xxx.o
    0x080020a4   0x080020a4   0x000000bc   Code   RO          640    .text               misc.o
    0x08002160   0x08002160   0x00000480   Code   RO          660    .text               stm32f4xx_fsmc.o
    0x080025e0   0x080025e0   0x00000264   Code   RO          683    .text               stm32f4xx_gpio.o
    0x08002844   0x08002844   0x000004e0   Code   RO          703    .text               stm32f4xx_rcc.o
    0x08002d24   0x08002d24   0x00000ac2   Code   RO          745    .text               stm32f4xx_tim.o
    0x080037e6   0x080037e6   0x00000002   PAD
    0x080037e8   0x080037e8   0x000003f4   Code   RO          765    .text               stm32f4xx_usart.o
    0x08003bdc   0x08003bdc   0x0000050c   Code   RO          865    .text               stm32f4xx_flash.o
    0x080040e8   0x080040e8   0x000001e4   Code   RO          885    .text               malloc.o
    0x080042cc   0x080042cc   0x00000088   Code   RO          983    .text               list.o
    0x08004354   0x08004354   0x00000b5c   Code   RO         1003    .text               queue.o
    0x08004eb0   0x08004eb0   0x000013f4   Code   RO         1029    .text               tasks.o
    0x080062a4   0x080062a4   0x00000568   Code   RO         1068    .text               timers.o
    0x0800680c   0x0800680c   0x00000258   Code   RO         1092    .text               port.o
    0x08006a64   0x08006a64   0x00000214   Code   RO         1129    .text               heap_4.o
    0x08006c78   0x08006c78   0x00000024   Code   RO         1153    .text               mc_w.l(memcpya.o)
    0x08006c9c   0x08006c9c   0x00000024   Code   RO         1155    .text               mc_w.l(memseta.o)
    0x08006cc0   0x08006cc0   0x0000000e   Code   RO         1157    .text               mc_w.l(strlen.o)
    0x08006cce   0x08006cce   0x00000012   Code   RO         1159    .text               mc_w.l(strcpy.o)
    0x08006ce0   0x08006ce0   0x0000002c   Code   RO         1468    .text               mc_w.l(uidiv.o)
    0x08006d0c   0x08006d0c   0x00000062   Code   RO         1470    .text               mc_w.l(uldiv.o)
    0x08006d6e   0x08006d6e   0x00000000   Code   RO         1474    .text               mc_w.l(iusefp.o)
    0x08006d6e   0x08006d6e   0x0000014e   Code   RO         1475    .text               mf_w.l(dadd.o)
    0x08006ebc   0x08006ebc   0x000000e4   Code   RO         1477    .text               mf_w.l(dmul.o)
    0x08006fa0   0x08006fa0   0x000000de   Code   RO         1479    .text               mf_w.l(ddiv.o)
    0x0800707e   0x0800707e   0x00000030   Code   RO         1481    .text               mf_w.l(dfixul.o)
    0x080070ae   0x080070ae   0x00000002   PAD
    0x080070b0   0x080070b0   0x00000030   Code   RO         1483    .text               mf_w.l(cdrcmple.o)
    0x080070e0   0x080070e0   0x00000024   Code   RO         1485    .text               mc_w.l(init.o)
    0x08007104   0x08007104   0x0000001e   Code   RO         1487    .text               mc_w.l(llshl.o)
    0x08007122   0x08007122   0x00000020   Code   RO         1489    .text               mc_w.l(llushr.o)
    0x08007142   0x08007142   0x00000024   Code   RO         1491    .text               mc_w.l(llsshr.o)
    0x08007166   0x08007166   0x000000ba   Code   RO         1493    .text               mf_w.l(depilogue.o)
    0x08007220   0x08007220   0x00000056   Code   RO         1503    .text               mc_w.l(__dczerorl2.o)
    0x08007276   0x08007276   0x00000002   PAD
    0x08007278   0x08007278   0x00000020   Code   RO         1252    i.__0printf$3       mc_w.l(printf3.o)
    0x08007298   0x08007298   0x00000028   Code   RO         1254    i.__0sprintf$3      mc_w.l(printf3.o)
    0x080072c0   0x080072c0   0x00000034   Code   RO         1401    i.__0vsnprintf      mc_w.l(printfa.o)
    0x080072f4   0x080072f4   0x0000000e   Code   RO         1497    i.__scatterload_copy  mc_w.l(handlers.o)
    0x08007302   0x08007302   0x00000002   Code   RO         1498    i.__scatterload_null  mc_w.l(handlers.o)
    0x08007304   0x08007304   0x0000000e   Code   RO         1499    i.__scatterload_zeroinit  mc_w.l(handlers.o)
    0x08007312   0x08007312   0x00000002   PAD
    0x08007314   0x08007314   0x00000184   Code   RO         1403    i._fp_digits        mc_w.l(printfa.o)
    0x08007498   0x08007498   0x000001b8   Code   RO         1259    i._printf_core      mc_w.l(printf3.o)
    0x08007650   0x08007650   0x000006b4   Code   RO         1404    i._printf_core      mc_w.l(printfa.o)
    0x08007d04   0x08007d04   0x00000024   Code   RO         1405    i._printf_post_padding  mc_w.l(printfa.o)
    0x08007d28   0x08007d28   0x0000002e   Code   RO         1406    i._printf_pre_padding  mc_w.l(printfa.o)
    0x08007d56   0x08007d56   0x00000016   Code   RO         1407    i._snputc           mc_w.l(printfa.o)
    0x08007d6c   0x08007d6c   0x0000000a   Code   RO         1261    i._sputc            mc_w.l(printf3.o)
    0x08007d76   0x08007d76   0x00000002   PAD
    0x08007d78   0x08007d78   0x00000050   Code   RO         1424    i.free              mc_w.l(malloc.o)
    0x08007dc8   0x08007dc8   0x0000006c   Code   RO         1425    i.malloc            mc_w.l(malloc.o)
    0x08007e34   0x08007e34   0x0000001c   Data   RO          661    .constdata          stm32f4xx_fsmc.o
    0x08007e50   0x08007e50   0x00000024   Data   RO          892    .constdata          malloc.o
    0x08007e74   0x08007e74   0x00000020   Data   RO         1495    Region$$Table       anon$$obj.o


    Execution Region RW_IRAM1 (Exec base: 0x20000000, Load base: 0x08007e94, Size: 0x0001af78, Max: 0x00020000, ABSOLUTE, COMPRESSED[0x00000044])

    Exec Addr    Load Addr    Size         Type   Attr      Idx    E Section Name        Object

    0x20000000   COMPRESSED   0x00000008   Data   RW            4    .data               main.o
    0x20000008   COMPRESSED   0x00000014   Data   RW          272    .data               system_stm32f4xx.o
    0x2000001c   COMPRESSED   0x00000001   Data   RW          318    .data               key.o
    0x2000001d   COMPRESSED   0x00000003   PAD
    0x20000020   COMPRESSED   0x00000050   Data   RW          339    .data               timer.o
    0x20000070   COMPRESSED   0x00000008   Data   RW          414    .data               sensor.o
    0x20000078   COMPRESSED   0x00000028   Data   RW          460    .data               train.o
    0x200000a0   COMPRESSED   0x00000004   Data   RW          514    .data               oled.o
    0x200000a4   COMPRESSED   0x00000004   Data   RW          540    .data               delay.o
    0x200000a8   COMPRESSED   0x00000002   Data   RW          591    .data               usart.o
    0x200000aa   COMPRESSED   0x00000002   PAD
    0x200000ac   COMPRESSED   0x00000004   Data   RW          592    .data               usart.o
    0x200000b0   COMPRESSED   0x00000010   Data   RW          704    .data               stm32f4xx_rcc.o
    0x200000c0   COMPRESSED   0x00000024   Data   RW          893    .data               malloc.o
    0x200000e4   COMPRESSED   0x0000003c   Data   RW         1031    .data               tasks.o
    0x20000120   COMPRESSED   0x00000014   Data   RW         1070    .data               timers.o
    0x20000134   COMPRESSED   0x0000000c   Data   RW         1093    .data               port.o
    0x20000140   COMPRESSED   0x00000018   Data   RW         1131    .data               heap_4.o
    0x20000158   COMPRESSED   0x00000004   Data   RW         1472    .data               mc_w.l(mvars.o)
    0x2000015c   COMPRESSED   0x00000004   Data   RW         1473    .data               mc_w.l(mvars.o)
    0x20000160        -       0x000000c8   Zero   RW          590    .bss                usart.o
    0x20000228        -       0x00014000   Zero   RW          890    .bss                malloc.o
    0x20014228        -       0x00001400   Zero   RW          891    .bss                malloc.o
    0x20015628        -       0x00000040   Zero   RW         1004    .bss                queue.o
    0x20015668        -       0x000002e4   Zero   RW         1030    .bss                tasks.o
    0x2001594c        -       0x00000028   Zero   RW         1069    .bss                timers.o
    0x20015974        -       0x00005000   Zero   RW         1130    .bss                heap_4.o
    0x2001a974   COMPRESSED   0x00000004   PAD
    0x2001a978        -       0x00000200   Zero   RW          632    HEAP                startup_stm32f40_41xxx.o
    0x2001ab78        -       0x00000400   Zero   RW          631    STACK               startup_stm32f40_41xxx.o



  Load Region LR$$.ARM.__AT_0x10000000 (Base: 0x10000000, Size: 0x00000000, Max: 0x0000f000, ABSOLUTE)

    Execution Region ER$$.ARM.__AT_0x10000000 (Exec base: 0x10000000, Load base: 0x10000000, Size: 0x0000f000, Max: 0x0000f000, ABSOLUTE, UNINIT)

    Exec Addr    Load Addr    Size         Type   Attr      Idx    E Section Name        Object

    0x10000000        -       0x0000f000   Zero   RW          886    .ARM.__AT_0x10000000  malloc.o



  Load Region LR$$.ARM.__AT_0x1000F000 (Base: 0x1000f000, Size: 0x00000000, Max: 0x00000f00, ABSOLUTE)

    Execution Region ER$$.ARM.__AT_0x1000F000 (Exec base: 0x1000f000, Load base: 0x1000f000, Size: 0x00000f00, Max: 0x00000f00, ABSOLUTE, UNINIT)

    Exec Addr    Load Addr    Size         Type   Attr      Idx    E Section Name        Object

    0x1000f000        -       0x00000f00   Zero   RW          887    .ARM.__AT_0x1000F000  malloc.o



  Load Region LR$$.ARM.__AT_0x68000000 (Base: 0x68000000, Size: 0x00000000, Max: 0x000c8000, ABSOLUTE)

    Execution Region ER$$.ARM.__AT_0x68000000 (Exec base: 0x68000000, Load base: 0x68000000, Size: 0x000c8000, Max: 0x000c8000, ABSOLUTE, UNINIT)

    Exec Addr    Load Addr    Size         Type   Attr      Idx    E Section Name        Object

    0x68000000        -       0x000c8000   Zero   RW          888    .ARM.__AT_0x68000000  malloc.o



  Load Region LR$$.ARM.__AT_0x680C8000 (Base: 0x680c8000, Size: 0x00000000, Max: 0x0000c800, ABSOLUTE)

    Execution Region ER$$.ARM.__AT_0x680C8000 (Exec base: 0x680c8000, Load base: 0x680c8000, Size: 0x0000c800, Max: 0x0000c800, ABSOLUTE, UNINIT)

    Exec Addr    Load Addr    Size         Type   Attr      Idx    E Section Name        Object

    0x680c8000        -       0x0000c800   Zero   RW          889    .ARM.__AT_0x680C8000  malloc.o


==============================================================================

Image component sizes


      Code (inc. data)   RO Data    RW Data    ZI Data      Debug   Object Name

       200          6          0          4          0       1669   delay.o
         0          0          0          0          0      10228   event_groups.o
       532         66          0         24      20480       3516   heap_4.o
       260         12          0          1          0        928   key.o
        64          6          0          0          0        519   led.o
       136          0          0          0          0       1930   list.o
       616        212          0          8          0     312753   main.o
       484         10         36         36    1022720       4977   malloc.o
       188         14          0          0          0       2125   misc.o
      1724         80          0          4          0       7926   oled.o
       782        106          0         12          0       8199   port.o
       452         18          0          0          0       2689   pwm.o
      2908         52          0          0         64      17662   queue.o
         0          0          0          8          0        499   sensor.o
       680         18          0          0          0       2225   sram.o
        36          8        392          0       1536        816   startup_stm32f40_41xxx.o
      1292         26          0          0          0      10142   stm32f4xx_flash.o
      1152         12         28          0          0       6386   stm32f4xx_fsmc.o
       612         44          0          0          0       4885   stm32f4xx_gpio.o
        12          0          0          0          0        915   stm32f4xx_it.o
      1248         52          0         16          0      13860   stm32f4xx_rcc.o
      2754         60          0          0          0      25092   stm32f4xx_tim.o
      1012         32          0          0          0       8916   stm32f4xx_usart.o
       324         50          0          0          0       2481   stmflash.o
       400         36          0         20          0       1859   system_stm32f4xx.o
      5108        158          0         60        740      33632   tasks.o
      1272         80          0         80          0      31870   timer.o
      1384         88          0         20         40       9164   timers.o
       940          4          0         40          0       4371   train.o
       776         28          0          6        200       5655   usart.o

    ----------------------------------------------------------------------
     27352       1278        488        344    1045784     537889   Object Totals
         0          0         32          0          0          0   (incl. Generated)
         4          0          0          5          4          0   (incl. Padding)

    ----------------------------------------------------------------------

      Code (inc. data)   RO Data    RW Data    ZI Data      Debug   Library Member Name

        86          0          0          0          0          0   __dczerorl2.o
         0          0          0          0          0          0   entry.o
         0          0          0          0          0          0   entry10a.o
         0          0          0          0          0          0   entry11a.o
         4          0          0          0          0          0   entry12b.o
         8          4          0          0          0          0   entry2.o
         4          0          0          0          0          0   entry5.o
         0          0          0          0          0          0   entry7b.o
         0          0          0          0          0          0   entry8b.o
         8          4          0          0          0          0   entry9a.o
        30          0          0          0          0          0   handlers.o
        36          8          0          0          0         68   init.o
         0          0          0          0          0          0   iusefp.o
        30          0          0          0          0         68   llshl.o
        36          0          0          0          0         68   llsshr.o
        32          0          0          0          0         68   llushr.o
       188         20          0          0          0        160   malloc.o
        36          0          0          0          0         68   memcpya.o
        36          0          0          0          0        108   memseta.o
         0          0          0          8          0          0   mvars.o
       522         20          0          0          0        336   printf3.o
      2260         86          0          0          0        528   printfa.o
        18          0          0          0          0         68   strcpy.o
        14          0          0          0          0         68   strlen.o
        44          0          0          0          0         80   uidiv.o
        98          0          0          0          0         92   uldiv.o
        48          0          0          0          0         68   cdrcmple.o
       334          0          0          0          0        148   dadd.o
       222          0          0          0          0        100   ddiv.o
       186          0          0          0          0        176   depilogue.o
        48          0          0          0          0         68   dfixul.o
       228          0          0          0          0         96   dmul.o

    ----------------------------------------------------------------------
      4564        142          0          8          0       2436   Library Totals
         8          0          0          0          0          0   (incl. Padding)

    ----------------------------------------------------------------------

      Code (inc. data)   RO Data    RW Data    ZI Data      Debug   Library Name

      3490        142          0          8          0       1780   mc_w.l
      1066          0          0          0          0        656   mf_w.l

    ----------------------------------------------------------------------
      4564        142          0          8          0       2436   Library Totals

    ----------------------------------------------------------------------

==============================================================================


      Code (inc. data)   RO Data    RW Data    ZI Data      Debug   

     31916       1420        488        352    1045784     532209   Grand Totals
     31916       1420        488         68    1045784     532209   ELF Image Totals (compressed)
     31916       1420        488         68          0          0   ROM Totals

==============================================================================

    Total RO  Size (Code + RO Data)                32404 (  31.64kB)
    Total RW  Size (RW Data + ZI Data)           1046136 (1021.62kB)
    Total ROM Size (Code + RO Data + RW Data)      32472 (  31.71kB)

==============================================================================

