<html>
<body>
<pre>
<h1>µVision Build Log</h1>
<h2>Tool Versions:</h2>
IDE-Version: ¶ÃVision V5.37.0.0
Copyright (C) 2022 ARM Ltd and ARM Germany GmbH. All rights reserved.
License Information: Run Away, Xuchang univeristy, LIC=BL28G-VL7DI-AWH2F-6A6R1-59IMQ-FJG0Z
 
Tool Versions:
Toolchain:       MDK-ARM Professional  Version: 5.37.0.0
Toolchain Path:  D:\Keil5\ARM\ARMCC\Bin
C Compiler:      Armcc.exe V5.06 update 7 (build 960)
Assembler:       Armasm.exe V5.06 update 7 (build 960)
Linker/Locator:  ArmLink.exe V5.06 update 7 (build 960)
Library Manager: ArmAr.exe V5.06 update 7 (build 960)
Hex Converter:   FromElf.exe V5.06 update 7 (build 960)
CPU DLL:         SARMCM3.DLL V5.37.0.0
Dialog DLL:      DCM.DLL V1.17.5.0
Target DLL:      STLink\ST-LINKIII-KEIL_SWO.dll V3.0.9.0
Dialog DLL:      TCM.DLL V1.56.1.0
 
<h2>Project:</h2>
D:\UncompleteProgram\µÁƒ‘ Û\USER\FreeRTOS.uvprojx
Project File Date:  09/27/2022

<h2>Output:</h2>
*** Using Compiler 'V5.06 update 7 (build 960)', folder: 'D:\Keil5\ARM\ARMCC\Bin'
Build target 'FreeRTOS'
compiling train.c...
..\HARDWARE\TRAIN\train.c(336): warning: C4487E: read from variable 'temp' with offset out of bounds
}
..\HARDWARE\TRAIN\train.c(336): warning: C4487E: read from variable 'temp' with offset out of bounds
}
..\HARDWARE\TRAIN\train.c(336): warning: C4487E: read from variable 'temp' with offset out of bounds
}
..\HARDWARE\TRAIN\train.c(336): warning: C4488E: write to variable 'data' with offset out of bounds
}
..\HARDWARE\TRAIN\train.c: 4 warnings, 0 errors
linking...
Program Size: Code=31916 RO-data=488 RW-data=352 ZI-data=1045784  
FromELF: creating hex file...
"..\OBJ\Template.axf" - 0 Error(s), 4 Warning(s).

<h2>Software Packages used:</h2>

Package Vendor: Keil
                http://www.keil.com/pack/Keil.STM32F4xx_DFP.2.16.0.pack
                Keil.STM32F4xx_DFP.2.16.0
                STMicroelectronics STM32F4 Series Device Support, Drivers and Examples

<h2>Collection of Component include folders:</h2>
  D:/Keil5/PACK/Keil/STM32F4xx_DFP/2.16.0/Drivers/CMSIS/Device/ST/STM32F4xx/Include

<h2>Collection of Component Files used:</h2>
Build Time Elapsed:  00:00:01
</pre>
</body>
</html>
